Archive member included to satisfy reference by file (symbol)

d:/mounriver_studio_setup_v240/mounriver_studio2/resources/app/resources/win32/components/wch/toolchain/risc-v embedded gcc/bin/../lib/gcc/riscv-none-embed/8.2.0/rv32imacxw/ilp32\libgcc.a(save-restore.o)
                              ./LWIP/src/core/ipv4/dhcp.o (__riscv_save_12)
d:/mounriver_studio_setup_v240/mounriver_studio2/resources/app/resources/win32/components/wch/toolchain/risc-v embedded gcc/bin/../lib/gcc/riscv-none-embed/8.2.0/../../../../riscv-none-embed/lib/rv32imacxw/ilp32\libg_nano.a(lib_a-atoi.o)
                              ./LWIP/src/core/netif.o (atoi)
d:/mounriver_studio_setup_v240/mounriver_studio2/resources/app/resources/win32/components/wch/toolchain/risc-v embedded gcc/bin/../lib/gcc/riscv-none-embed/8.2.0/../../../../riscv-none-embed/lib/rv32imacxw/ilp32\libg_nano.a(lib_a-locale.o)
                              ./LWIP/src/core/ipv4/ip4_addr.o (__locale_ctype_ptr)
d:/mounriver_studio_setup_v240/mounriver_studio2/resources/app/resources/win32/components/wch/toolchain/risc-v embedded gcc/bin/../lib/gcc/riscv-none-embed/8.2.0/../../../../riscv-none-embed/lib/rv32imacxw/ilp32\libg_nano.a(lib_a-mbtowc_r.o)
                              d:/mounriver_studio_setup_v240/mounriver_studio2/resources/app/resources/win32/components/wch/toolchain/risc-v embedded gcc/bin/../lib/gcc/riscv-none-embed/8.2.0/../../../../riscv-none-embed/lib/rv32imacxw/ilp32\libg_nano.a(lib_a-locale.o) (__ascii_mbtowc)
d:/mounriver_studio_setup_v240/mounriver_studio2/resources/app/resources/win32/components/wch/toolchain/risc-v embedded gcc/bin/../lib/gcc/riscv-none-embed/8.2.0/../../../../riscv-none-embed/lib/rv32imacxw/ilp32\libg_nano.a(lib_a-memcmp.o)
                              ./LWIP/src/netif/ethernet.o (memcmp)
d:/mounriver_studio_setup_v240/mounriver_studio2/resources/app/resources/win32/components/wch/toolchain/risc-v embedded gcc/bin/../lib/gcc/riscv-none-embed/8.2.0/../../../../riscv-none-embed/lib/rv32imacxw/ilp32\libg_nano.a(lib_a-memcpy.o)
                              ./LWIP_PORT/ethernetif.o (memcpy)
d:/mounriver_studio_setup_v240/mounriver_studio2/resources/app/resources/win32/components/wch/toolchain/risc-v embedded gcc/bin/../lib/gcc/riscv-none-embed/8.2.0/../../../../riscv-none-embed/lib/rv32imacxw/ilp32\libg_nano.a(lib_a-memmove.o)
                              ./LWIP/src/core/def.o (memmove)
d:/mounriver_studio_setup_v240/mounriver_studio2/resources/app/resources/win32/components/wch/toolchain/risc-v embedded gcc/bin/../lib/gcc/riscv-none-embed/8.2.0/../../../../riscv-none-embed/lib/rv32imacxw/ilp32\libg_nano.a(lib_a-memset.o)
                              ./LWIP/src/core/ipv4/dhcp.o (memset)
d:/mounriver_studio_setup_v240/mounriver_studio2/resources/app/resources/win32/components/wch/toolchain/risc-v embedded gcc/bin/../lib/gcc/riscv-none-embed/8.2.0/../../../../riscv-none-embed/lib/rv32imacxw/ilp32\libg_nano.a(lib_a-printf.o)
                              ./User/main.o (printf)
d:/mounriver_studio_setup_v240/mounriver_studio2/resources/app/resources/win32/components/wch/toolchain/risc-v embedded gcc/bin/../lib/gcc/riscv-none-embed/8.2.0/../../../../riscv-none-embed/lib/rv32imacxw/ilp32\libg_nano.a(lib_a-puts.o)
                              ./User/ch32v30x_it.o (puts)
d:/mounriver_studio_setup_v240/mounriver_studio2/resources/app/resources/win32/components/wch/toolchain/risc-v embedded gcc/bin/../lib/gcc/riscv-none-embed/8.2.0/../../../../riscv-none-embed/lib/rv32imacxw/ilp32\libg_nano.a(lib_a-rand.o)
                              ./LWIP/src/core/ipv4/dhcp.o (rand)
d:/mounriver_studio_setup_v240/mounriver_studio2/resources/app/resources/win32/components/wch/toolchain/risc-v embedded gcc/bin/../lib/gcc/riscv-none-embed/8.2.0/../../../../riscv-none-embed/lib/rv32imacxw/ilp32\libg_nano.a(lib_a-strcmp.o)
                              d:/mounriver_studio_setup_v240/mounriver_studio2/resources/app/resources/win32/components/wch/toolchain/risc-v embedded gcc/bin/../lib/gcc/riscv-none-embed/8.2.0/../../../../riscv-none-embed/lib/rv32imacxw/ilp32\libg_nano.a(lib_a-locale.o) (strcmp)
d:/mounriver_studio_setup_v240/mounriver_studio2/resources/app/resources/win32/components/wch/toolchain/risc-v embedded gcc/bin/../lib/gcc/riscv-none-embed/8.2.0/../../../../riscv-none-embed/lib/rv32imacxw/ilp32\libg_nano.a(lib_a-strlen.o)
                              ./LWIP/src/core/def.o (strlen)
d:/mounriver_studio_setup_v240/mounriver_studio2/resources/app/resources/win32/components/wch/toolchain/risc-v embedded gcc/bin/../lib/gcc/riscv-none-embed/8.2.0/../../../../riscv-none-embed/lib/rv32imacxw/ilp32\libg_nano.a(lib_a-strncmp.o)
                              ./LWIP/src/core/def.o (strncmp)
d:/mounriver_studio_setup_v240/mounriver_studio2/resources/app/resources/win32/components/wch/toolchain/risc-v embedded gcc/bin/../lib/gcc/riscv-none-embed/8.2.0/../../../../riscv-none-embed/lib/rv32imacxw/ilp32\libg_nano.a(lib_a-strtol.o)
[...]
Memory Configuration

Name             Origin             Length             Attributes
FLASH            0x0000000000000000 0x0000000000040000 xr
RAM              0x0000000020000000 0x0000000000010000 xrw
*default*        0x0000000000000000 0xffffffffffffffff

Linker script and memory map

LOAD ./User/ch32v30x_it.o
LOAD ./User/main.o
LOAD ./User/system_ch32v30x.o
LOAD ./Startup/startup_ch32v30x_D8C.o
LOAD ./Peripheral/src/ch32v30x_adc.o
LOAD ./Peripheral/src/ch32v30x_bkp.o
LOAD ./Peripheral/src/ch32v30x_can.o
LOAD ./Peripheral/src/ch32v30x_crc.o
LOAD ./Peripheral/src/ch32v30x_dac.o
LOAD ./Peripheral/src/ch32v30x_dbgmcu.o
LOAD ./Peripheral/src/ch32v30x_dma.o
LOAD ./Peripheral/src/ch32v30x_dvp.o
LOAD ./Peripheral/src/ch32v30x_eth.o
LOAD ./Peripheral/src/ch32v30x_exti.o
LOAD ./Peripheral/src/ch32v30x_flash.o
LOAD ./Peripheral/src/ch32v30x_fsmc.o
LOAD ./Peripheral/src/ch32v30x_gpio.o
LOAD ./Peripheral/src/ch32v30x_i2c.o
LOAD ./Peripheral/src/ch32v30x_iwdg.o
LOAD ./Peripheral/src/ch32v30x_misc.o
LOAD ./Peripheral/src/ch32v30x_opa.o
LOAD ./Peripheral/src/ch32v30x_pwr.o
LOAD ./Peripheral/src/ch32v30x_rcc.o
LOAD ./Peripheral/src/ch32v30x_rng.o
LOAD ./Peripheral/src/ch32v30x_rtc.o
LOAD ./Peripheral/src/ch32v30x_sdio.o
LOAD ./Peripheral/src/ch32v30x_spi.o
LOAD ./Peripheral/src/ch32v30x_tim.o
LOAD ./Peripheral/src/ch32v30x_usart.o
LOAD ./Peripheral/src/ch32v30x_wwdg.o
LOAD ./LWIP_PORT/arch/sys_arch.o
LOAD ./LWIP_PORT/ethernetif.o
LOAD ./LWIP_PORT/netconf.o
LOAD ./LWIP/src/netif/ethernet.o
LOAD ./LWIP/src/core/ipv4/autoip.o
LOAD ./LWIP/src/core/ipv4/dhcp.o
LOAD ./LWIP/src/core/ipv4/etharp.o
LOAD ./LWIP/src/core/ipv4/icmp.o
LOAD ./LWIP/src/core/ipv4/igmp.o
LOAD ./LWIP/src/core/ipv4/ip4.o
LOAD ./LWIP/src/core/ipv4/ip4_addr.o
LOAD ./LWIP/src/core/ipv4/ip4_frag.o
LOAD ./LWIP/src/core/altcp.o
LOAD ./LWIP/src/core/altcp_alloc.o
LOAD ./LWIP/src/core/altcp_tcp.o
LOAD ./LWIP/src/core/def.o
LOAD ./LWIP/src/core/dns.o
LOAD ./LWIP/src/core/inet_chksum.o
LOAD ./LWIP/src/core/init.o
LOAD ./LWIP/src/core/ip.o
LOAD ./LWIP/src/core/mem.o
LOAD ./LWIP/src/core/memp.o
LOAD ./LWIP/src/core/netif.o
LOAD ./LWIP/src/core/pbuf.o
LOAD ./LWIP/src/core/raw.o
LOAD ./LWIP/src/core/stats.o
LOAD ./LWIP/src/core/sys.o
LOAD ./LWIP/src/core/tcp.o
LOAD ./LWIP/src/core/tcp_in.o
LOAD ./LWIP/src/core/tcp_out.o
LOAD ./LWIP/src/core/timeouts.o
LOAD ./LWIP/src/core/udp.o
LOAD ./LWIP/src/api/api_lib.o
LOAD ./LWIP/src/api/api_msg.o
LOAD ./LWIP/src/api/err.o
LOAD ./LWIP/src/api/if_api.o
LOAD ./LWIP/src/api/netbuf.o
LOAD ./LWIP/src/api/netdb.o
LOAD ./LWIP/src/api/netifapi.o
LOAD ./LWIP/src/api/sockets.o
LOAD ./LWIP/src/api/tcpip.o
LOAD ./FreeRTOS/portable/MemMang/heap_4.o
LOAD ./FreeRTOS/portable/GCC/RISC-V/port.o
LOAD ./FreeRTOS/portable/GCC/RISC-V/portASM.o
LOAD ./FreeRTOS/croutine.o
LOAD ./FreeRTOS/event_groups.o
LOAD ./FreeRTOS/list.o
LOAD ./FreeRTOS/queue.o
LOAD ./FreeRTOS/stream_buffer.o
LOAD ./FreeRTOS/tasks.o
LOAD ./FreeRTOS/timers.o
LOAD ./ETH_Driver/eth_driver_10M.o
LOAD ./Debug/debug.o
LOAD ./Core/core_riscv.o
LOAD d:/mounriver_studio_setup_v240/mounriver_studio2/resources/app/resources/win32/components/wch/toolchain/risc-v embedded gcc/bin/../lib/gcc/riscv-none-embed/8.2.0/../../../../riscv-none-embed/lib/rv32imacxw/ilp32\libm.a
LOAD d:/mounriver_studio_setup_v240/mounriver_studio2/resources/app/resources/win32/components/wch/toolchain/risc-v embedded gcc/bin/../lib/gcc/riscv-none-embed/8.2.0/rv32imacxw/ilp32\libgcc.a
LOAD d:/mounriver_studio_setup_v240/mounriver_studio2/resources/app/resources/win32/components/wch/toolchain/risc-v embedded gcc/bin/../lib/gcc/riscv-none-embed/8.2.0/../../../../riscv-none-embed/lib/rv32imacxw/ilp32\libg_nano.a
LOAD d:/mounriver_studio_setup_v240/mounriver_studio2/resources/app/resources/win32/components/wch/toolchain/risc-v embedded gcc/bin/../lib/gcc/riscv-none-embed/8.2.0/../../../../riscv-none-embed/lib/rv32imacxw/ilp32\libc_nano.a
LOAD d:/mounriver_studio_setup_v240/mounriver_studio2/resources/app/resources/win32/components/wch/toolchain/risc-v embedded gcc/bin/../lib/gcc/riscv-none-embed/8.2.0/rv32imacxw/ilp32\libgcc.a
START GROUP
LOAD d:/mounriver_studio_setup_v240/mounriver_studio2/resources/app/resources/win32/components/wch/toolchain/risc-v embedded gcc/bin/../lib/gcc/riscv-none-embed/8.2.0/rv32imacxw/ilp32\libgcc.a
LOAD d:/mounriver_studio_setup_v240/mounriver_studio2/resources/app/resources/win32/components/wch/toolchain/risc-v embedded gcc/bin/../lib/gcc/riscv-none-embed/8.2.0/../../../../riscv-none-embed/lib/rv32imacxw/ilp32\libc_nano.a
LOAD d:/mounriver_studio_setup_v240/mounriver_studio2/resources/app/resources/win32/components/wch/toolchain/risc-v embedded gcc/bin/../lib/gcc/riscv-none-embed/8.2.0/../../../../riscv-none-embed/lib/rv32imacxw/ilp32\libnosys.a
END GROUP
START GROUP
LOAD d:/mounriver_studio_setup_v240/mounriver_studio2/resources/app/resources/win32/components/wch/toolchain/risc-v embedded gcc/bin/../lib/gcc/riscv-none-embed/8.2.0/rv32imacxw/ilp32\libgcc.a
LOAD d:/mounriver_studio_setup_v240/mounriver_studio2/resources/app/resources/win32/components/wch/toolchain/risc-v embedded gcc/bin/../lib/gcc/riscv-none-embed/8.2.0/../../../../riscv-none-embed/lib/rv32imacxw/ilp32\libc_nano.a
LOAD d:/mounriver_studio_setup_v240/mounriver_studio2/resources/app/resources/win32/components/wch/toolchain/risc-v embedded gcc/bin/../lib/gcc/riscv-none-embed/8.2.0/../../../../riscv-none-embed/lib/rv32imacxw/ilp32\libnosys.a
END GROUP
                0x0000000000000800                __stack_size = 0x800
                [!provide]                        PROVIDE (_stack_size = __stack_size)

.init           0x0000000000000000        0x4
                0x0000000000000000                _sinit = .
                0x0000000000000000                . = ALIGN (0x4)
 *(SORT_NONE(.init))
 .init          0x0000000000000000        0x4 ./Startup/startup_ch32v30x_D8C.o
                0x0000000000000000                _start
                0x0000000000000004                . = ALIGN (0x4)
                0x0000000000000004                _einit = .

.vector         0x0000000000000004      0x1bc
 *(.vector)
 .vector        0x0000000000000004      0x1a0 ./Startup/startup_ch32v30x_D8C.o
                0x00000000000001c0                . = ALIGN (0x40)
 *fill*         0x00000000000001a4       0x1c 

.text           0x0000000000000200     0xe86c
                0x0000000000000200                . = ALIGN (0x4)
 *(.text)
 .text          0x0000000000000200      0x2de ./FreeRTOS/portable/GCC/RISC-V/portASM.o
                0x0000000000000200                SW_Handler
                0x0000000000000300                xPortStartFirstTask
                0x0000000000000400                pxPortInitialiseStack
 .text          0x00000000000004de       0x60 d:/mounriver_studio_setup_v240/mounriver_studio2/resources/app/resources/win32/components/wch/toolchain/risc-v embedded gcc/bin/../lib/gcc/riscv-none-embed/8.2.0/rv32imacxw/ilp32\libgcc.a(save-restore.o)
                0x00000000000004de                __riscv_save_12
                0x00000000000004e6                __riscv_save_9
                0x00000000000004e6                __riscv_save_11
                0x00000000000004e6                __riscv_save_10
                0x00000000000004e6                __riscv_save_8
                0x00000000000004f4                __riscv_save_4
                0x00000000000004f4                __riscv_save_6
                0x00000000000004f4                __riscv_save_5
                0x00000000000004f4                __riscv_save_7
                0x000000000000050e                __riscv_save_3
                0x000000000000050e                __riscv_save_2
                0x000000000000050e                __riscv_save_1
                0x000000000000050e                __riscv_save_0
                0x000000000000051a                __riscv_restore_12
                0x000000000000051e                __riscv_restore_11
                0x000000000000051e                __riscv_restore_9
                0x000000000000051e                __riscv_restore_10
                0x000000000000051e                __riscv_restore_8
                0x0000000000000528                __riscv_restore_5
                0x0000000000000528                __riscv_restore_7
                0x0000000000000528                __riscv_restore_6
                0x0000000000000528                __riscv_restore_4
                0x0000000000000532                __riscv_restore_3
                0x0000000000000532                __riscv_restore_0
                0x0000000000000532                __riscv_restore_2
                0x0000000000000532                __riscv_restore_1
 .text          0x000000000000053e       0xa8 d:/mounriver_studio_setup_v240/mounriver_studio2/resources/app/resources/win32/components/wch/toolchain/risc-v embedded gcc/bin/../lib/gcc/riscv-none-embed/8.2.0/../../../../riscv-none-embed/lib/rv32imacxw/ilp32\libg_nano.a(lib_a-memset.o)
                0x000000000000053e                memset
 *(.text.*)
 .text.NMI_Handler
                0x00000000000005e6        0x2 ./User/ch32v30x_it.o
                0x00000000000005e6                NMI_Handler
 .text.HardFault_Handler
                0x00000000000005e8       0x1c ./User/ch32v30x_it.o
                0x00000000000005e8                HardFault_Handler
 .text.netconf_task
                0x0000000000000604       0x10 ./User/main.o
 .text.vApplicationStackOverflowHook
                0x0000000000000614       0x12 ./User/main.o
                0x0000000000000614                vApplicationStackOverflowHook
 .text.startup.main
                0x0000000000000626       0x84 ./User/main.o
                0x0000000000000626                main
 .text.SystemInit
                0x00000000000006aa       0xf8 ./User/system_ch32v30x.o
                0x00000000000006aa                SystemInit
 .text.SystemCoreClockUpdate
                0x00000000000007a2      0x12e ./User/system_ch32v30x.o
                0x00000000000007a2                SystemCoreClockUpdate
 .text.vector_handler
                0x00000000000008d0        0x2 ./Startup/startup_ch32v30x_D8C.o
                0x00000000000008d0                EXTI2_IRQHandler
                0x00000000000008d0                TIM8_TRG_COM_IRQHandler
                0x00000000000008d0                TIM8_CC_IRQHandler
                0x00000000000008d0                UART8_IRQHandler
                0x00000000000008d0                TIM1_CC_IRQHandler
                0x00000000000008d0                TIM6_IRQHandler
                0x00000000000008d0                PVD_IRQHandler
                0x00000000000008d0                SDIO_IRQHandler
                0x00000000000008d0                TIM9_BRK_IRQHandler
                0x00000000000008d0                DMA2_Channel8_IRQHandler
                0x00000000000008d0                CAN2_RX1_IRQHandler
                0x00000000000008d0                EXTI3_IRQHandler
                0x00000000000008d0                USBHS_IRQHandler
                0x00000000000008d0                DMA2_Channel9_IRQHandler
                0x00000000000008d0                TIM10_CC_IRQHandler
                0x00000000000008d0                USBFS_IRQHandler
                0x00000000000008d0                EXTI0_IRQHandler
                0x00000000000008d0                I2C2_EV_IRQHandler
                0x00000000000008d0                TIM10_TRG_COM_IRQHandler
                0x00000000000008d0                CAN2_SCE_IRQHandler
                0x00000000000008d0                ADC1_2_IRQHandler
                0x00000000000008d0                Break_Point_Handler
                0x00000000000008d0                SPI1_IRQHandler
                0x00000000000008d0                TAMPER_IRQHandler
                0x00000000000008d0                CAN2_RX0_IRQHandler
                0x00000000000008d0                TIM8_UP_IRQHandler
                0x00000000000008d0                Ecall_M_Mode_Handler
                0x00000000000008d0                DMA2_Channel2_IRQHandler
                0x00000000000008d0                DMA1_Channel4_IRQHandler
                0x00000000000008d0                TIM9_UP_IRQHandler
                0x00000000000008d0                USART3_IRQHandler
                0x00000000000008d0                RTC_IRQHandler
                0x00000000000008d0                DMA1_Channel7_IRQHandler
                0x00000000000008d0                CAN1_RX1_IRQHandler
                0x00000000000008d0                DVP_IRQHandler
                0x00000000000008d0                UART5_IRQHandler
                0x00000000000008d0                TIM4_IRQHandler
                0x00000000000008d0                DMA2_Channel1_IRQHandler
                0x00000000000008d0                I2C1_EV_IRQHandler
                0x00000000000008d0                DMA1_Channel6_IRQHandler
                0x00000000000008d0                UART4_IRQHandler
                0x00000000000008d0                DMA2_Channel4_IRQHandler
                0x00000000000008d0                TIM3_IRQHandler
                0x00000000000008d0                RCC_IRQHandler
                0x00000000000008d0                TIM1_TRG_COM_IRQHandler
                0x00000000000008d0                DMA1_Channel1_IRQHandler
                0x00000000000008d0                DMA2_Channel7_IRQHandler
                0x00000000000008d0                EXTI15_10_IRQHandler
                0x00000000000008d0                TIM7_IRQHandler
                0x00000000000008d0                CAN2_TX_IRQHandler
                0x00000000000008d0                TIM5_IRQHandler
                0x00000000000008d0                EXTI9_5_IRQHandler
                0x00000000000008d0                ETH_WKUP_IRQHandler
                0x00000000000008d0                SPI2_IRQHandler
                0x00000000000008d0                TIM10_BRK_IRQHandler
                0x00000000000008d0                TIM9_CC_IRQHandler
                0x00000000000008d0                DMA2_Channel5_IRQHandler
                0x00000000000008d0                DMA1_Channel5_IRQHandler
                0x00000000000008d0                EXTI4_IRQHandler
                0x00000000000008d0                USB_LP_CAN1_RX0_IRQHandler
                0x00000000000008d0                RNG_IRQHandler
                0x00000000000008d0                USB_HP_CAN1_TX_IRQHandler
                0x00000000000008d0                DMA1_Channel3_IRQHandler
                0x00000000000008d0                TIM1_UP_IRQHandler
                0x00000000000008d0                WWDG_IRQHandler
                0x00000000000008d0                USBHSWakeup_IRQHandler
                0x00000000000008d0                DMA2_Channel11_IRQHandler
                0x00000000000008d0                Ecall_U_Mode_Handler
                0x00000000000008d0                DMA2_Channel6_IRQHandler
                0x00000000000008d0                TIM2_IRQHandler
                0x00000000000008d0                TIM1_BRK_IRQHandler
                0x00000000000008d0                DMA2_Channel10_IRQHandler
                0x00000000000008d0                EXTI1_IRQHandler
                0x00000000000008d0                RTCAlarm_IRQHandler
                0x00000000000008d0                TIM10_UP_IRQHandler
                0x00000000000008d0                TIM9_TRG_COM_IRQHandler
                0x00000000000008d0                UART7_IRQHandler
                0x00000000000008d0                USART2_IRQHandler
                0x00000000000008d0                UART6_IRQHandler
                0x00000000000008d0                I2C2_ER_IRQHandler
                0x00000000000008d0                DMA1_Channel2_IRQHandler
                0x00000000000008d0                TIM8_BRK_IRQHandler
                0x00000000000008d0                CAN1_SCE_IRQHandler
                0x00000000000008d0                FLASH_IRQHandler
                0x00000000000008d0                USART1_IRQHandler
                0x00000000000008d0                SPI3_IRQHandler
                0x00000000000008d0                I2C1_ER_IRQHandler
                0x00000000000008d0                USBWakeUp_IRQHandler
                0x00000000000008d0                DMA2_Channel3_IRQHandler
 .text.handle_reset
                0x00000000000008d2       0x92 ./Startup/startup_ch32v30x_D8C.o
                0x00000000000008d2                handle_reset
 .text.DBGMCU_GetCHIPID
                0x0000000000000964        0xa ./Peripheral/src/ch32v30x_dbgmcu.o
                0x0000000000000964                DBGMCU_GetCHIPID
 .text.ETH_DeInit
                0x000000000000096e       0x12 ./Peripheral/src/ch32v30x_eth.o
                0x000000000000096e                ETH_DeInit
 .text.ETH_ReadPHYRegister
                0x0000000000000980       0x58 ./Peripheral/src/ch32v30x_eth.o
                0x0000000000000980                ETH_ReadPHYRegister
 .text.ETH_WritePHYRegister
                0x00000000000009d8       0x52 ./Peripheral/src/ch32v30x_eth.o
                0x00000000000009d8                ETH_WritePHYRegister
 .text.ETH_DMATxDescChainInit
                0x0000000000000a2a       0x46 ./Peripheral/src/ch32v30x_eth.o
                0x0000000000000a2a                ETH_DMATxDescChainInit
 .text.ETH_DMARxDescChainInit
                0x0000000000000a70       0x50 ./Peripheral/src/ch32v30x_eth.o
                0x0000000000000a70                ETH_DMARxDescChainInit
 .text.ETH_SoftwareReset
                0x0000000000000ac0        0xe ./Peripheral/src/ch32v30x_eth.o
                0x0000000000000ac0                ETH_SoftwareReset
 .text.ETH_DMAClearITPendingBit
                0x0000000000000ace        0x8 ./Peripheral/src/ch32v30x_eth.o
                0x0000000000000ace                ETH_DMAClearITPendingBit
 .text.ETH_FlushTransmitFIFO
                0x0000000000000ad6       0x10 ./Peripheral/src/ch32v30x_eth.o
                0x0000000000000ad6                ETH_FlushTransmitFIFO
 .text.ETH_Start
                0x0000000000000ae6       0x30 ./Peripheral/src/ch32v30x_eth.o
                0x0000000000000ae6                ETH_Start
 .text.ETH_DMAITConfig
                0x0000000000000b16       0x1e ./Peripheral/src/ch32v30x_eth.o
                0x0000000000000b16                ETH_DMAITConfig
 .text.GPIO_Init
                0x0000000000000b34       0xc0 ./Peripheral/src/ch32v30x_gpio.o
                0x0000000000000b34                GPIO_Init
 .text.NVIC_PriorityGroupConfig
                0x0000000000000bf4        0xa ./Peripheral/src/ch32v30x_misc.o
                0x0000000000000bf4                NVIC_PriorityGroupConfig
 .text.RCC_GetClocksFreq
                0x0000000000000bfe      0x176 ./Peripheral/src/ch32v30x_rcc.o
                0x0000000000000bfe                RCC_GetClocksFreq
 .text.RCC_AHBPeriphClockCmd
                0x0000000000000d74       0x1e ./Peripheral/src/ch32v30x_rcc.o
                0x0000000000000d74                RCC_AHBPeriphClockCmd
 .text.RCC_APB2PeriphClockCmd
                0x0000000000000d92       0x1e ./Peripheral/src/ch32v30x_rcc.o
                0x0000000000000d92                RCC_APB2PeriphClockCmd
 .text.RCC_GetFlagStatus
                0x0000000000000db0       0x2e ./Peripheral/src/ch32v30x_rcc.o
                0x0000000000000db0                RCC_GetFlagStatus
 .text.RCC_PREDIV2Config
                0x0000000000000dde       0x10 ./Peripheral/src/ch32v30x_rcc.o
                0x0000000000000dde                RCC_PREDIV2Config
 .text.RCC_PLL3Config
                0x0000000000000dee       0x12 ./Peripheral/src/ch32v30x_rcc.o
                0x0000000000000dee                RCC_PLL3Config
 .text.RCC_PLL3Cmd
                0x0000000000000e00       0x24 ./Peripheral/src/ch32v30x_rcc.o
                0x0000000000000e00                RCC_PLL3Cmd
 .text.RCC_AHBPeriphResetCmd
                0x0000000000000e24       0x1e ./Peripheral/src/ch32v30x_rcc.o
                0x0000000000000e24                RCC_AHBPeriphResetCmd
 .text.USART_Init
                0x0000000000000e42       0x9c ./Peripheral/src/ch32v30x_usart.o
                0x0000000000000e42                USART_Init
 .text.USART_Cmd
                0x0000000000000ede       0x16 ./Peripheral/src/ch32v30x_usart.o
                0x0000000000000ede                USART_Cmd
 .text.USART_SendData
                0x0000000000000ef4        0x8 ./Peripheral/src/ch32v30x_usart.o
                0x0000000000000ef4                USART_SendData
 .text.USART_GetFlagStatus
                0x0000000000000efc        0xa ./Peripheral/src/ch32v30x_usart.o
                0x0000000000000efc                USART_GetFlagStatus
 .text.sys_init
                0x0000000000000f06        0x2 ./LWIP_PORT/arch/sys_arch.o
                0x0000000000000f06                sys_init
 .text.sys_now  0x0000000000000f08        0xe ./LWIP_PORT/arch/sys_arch.o
                0x0000000000000f08                sys_now
 .text.sys_arch_protect
                0x0000000000000f16        0xe ./LWIP_PORT/arch/sys_arch.o
                0x0000000000000f16                sys_arch_protect
 .text.sys_arch_unprotect
                0x0000000000000f24        0xc ./LWIP_PORT/arch/sys_arch.o
                0x0000000000000f24                sys_arch_unprotect
 .text.sys_mutex_new
                0x0000000000000f30       0x32 ./LWIP_PORT/arch/sys_arch.o
                0x0000000000000f30                sys_mutex_new
 .text.sys_mutex_lock
                0x0000000000000f62       0x5c ./LWIP_PORT/arch/sys_arch.o
                0x0000000000000f62                sys_mutex_lock
 .text.sys_mutex_unlock
                0x0000000000000fbe       0x5a ./LWIP_PORT/arch/sys_arch.o
                0x0000000000000fbe                sys_mutex_unlock
 .text.sys_mbox_new
                0x0000000000001018       0x50 ./LWIP_PORT/arch/sys_arch.o
                0x0000000000001018                sys_mbox_new
 .text.sys_mbox_trypost
                0x0000000000001068       0x6e ./LWIP_PORT/arch/sys_arch.o
                0x0000000000001068                sys_mbox_trypost
 .text.sys_arch_mbox_fetch
                0x00000000000010d6       0x9a ./LWIP_PORT/arch/sys_arch.o
                0x00000000000010d6                sys_arch_mbox_fetch
 .text.sys_thread_new
                0x0000000000001170       0x5c ./LWIP_PORT/arch/sys_arch.o
                0x0000000000001170                sys_thread_new
 .text.low_level_output
                0x00000000000011cc       0x62 ./LWIP_PORT/ethernetif.o
 .text.ethernetif_sync_init
                0x000000000000122e       0x78 ./LWIP_PORT/ethernetif.o
                0x000000000000122e                ethernetif_sync_init
 .text.ethernetif_rx_signal
                0x00000000000012a6       0x2a ./LWIP_PORT/ethernetif.o
                0x00000000000012a6                ethernetif_rx_signal
 .text.ethernetif_tx_signal
                0x00000000000012d0       0x2a ./LWIP_PORT/ethernetif.o
                0x00000000000012d0                ethernetif_tx_signal
 .text.ethernetif_input
                0x00000000000012fa       0x58 ./LWIP_PORT/ethernetif.o
                0x00000000000012fa                ethernetif_input
 .text.ethernetif_init
                0x0000000000001352       0x4a ./LWIP_PORT/ethernetif.o
                0x0000000000001352                ethernetif_init
 .text.lwip_netif_thread
                0x000000000000139c       0x62 ./LWIP_PORT/netconf.o
 .text.localtime_timer_cb
                0x00000000000013fe        0xe ./LWIP_PORT/netconf.o
 .text.LwIP_Init
                0x000000000000140c      0x16a ./LWIP_PORT/netconf.o
                0x000000000000140c                LwIP_Init
 .text.ethernet_input
                0x0000000000001576       0xb0 ./LWIP/src/netif/ethernet.o
                0x0000000000001576                ethernet_input
 .text.ethernet_output
                0x0000000000001626       0x72 ./LWIP/src/netif/ethernet.o
                0x0000000000001626                ethernet_output
 .text.dhcp_set_state
                0x0000000000001698       0x12 ./LWIP/src/core/ipv4/dhcp.o
 .text.dhcp_option_trailer
                0x00000000000016aa       0x3e ./LWIP/src/core/ipv4/dhcp.o
 .text.dhcp_check
                0x00000000000016e8       0x30 ./LWIP/src/core/ipv4/dhcp.o
 .text.dhcp_bind
                0x0000000000001718      0x11c ./LWIP/src/core/ipv4/dhcp.o
 .text.dhcp_option_short
                0x0000000000001834       0x44 ./LWIP/src/core/ipv4/dhcp.o
 .text.dhcp_option
                0x0000000000001878       0x42 ./LWIP/src/core/ipv4/dhcp.o
 .text.dhcp_option_byte.part.2
                0x00000000000018ba       0x1a ./LWIP/src/core/ipv4/dhcp.o
 .text.dhcp_option_long
                0x00000000000018d4       0x64 ./LWIP/src/core/ipv4/dhcp.o
 .text.dhcp_handle_ack.isra.4
                0x0000000000001938       0x8a ./LWIP/src/core/ipv4/dhcp.o
 .text.dhcp_dec_pcb_refcount
                0x00000000000019c2       0x46 ./LWIP/src/core/ipv4/dhcp.o
 .text.dhcp_inc_pcb_refcount
                0x0000000000001a08       0x7e ./LWIP/src/core/ipv4/dhcp.o
 .text.dhcp_create_msg
                0x0000000000001a86      0x148 ./LWIP/src/core/ipv4/dhcp.o
 .text.dhcp_select
                0x0000000000001bce      0x152 ./LWIP/src/core/ipv4/dhcp.o
 .text.dhcp_reboot
                0x0000000000001d20      0x112 ./LWIP/src/core/ipv4/dhcp.o
 .text.dhcp_discover
                0x0000000000001e32       0xf6 ./LWIP/src/core/ipv4/dhcp.o
 .text.dhcp_recv
                0x0000000000001f28      0x3e8 ./LWIP/src/core/ipv4/dhcp.o
 .text.dhcp_network_changed
                0x0000000000002310       0x52 ./LWIP/src/core/ipv4/dhcp.o
                0x0000000000002310                dhcp_network_changed
 .text.dhcp_arp_reply
                0x0000000000002362       0xb4 ./LWIP/src/core/ipv4/dhcp.o
                0x0000000000002362                dhcp_arp_reply
 .text.dhcp_renew
                0x0000000000002416       0xf0 ./LWIP/src/core/ipv4/dhcp.o
                0x0000000000002416                dhcp_renew
 .text.dhcp_supplied_address
                0x0000000000002506       0x24 ./LWIP/src/core/ipv4/dhcp.o
                0x0000000000002506                dhcp_supplied_address
 .text.dhcp_release_and_stop
                0x000000000000252a       0xd6 ./LWIP/src/core/ipv4/dhcp.o
                0x000000000000252a                dhcp_release_and_stop
 .text.dhcp_start
                0x0000000000002600       0x9a ./LWIP/src/core/ipv4/dhcp.o
                0x0000000000002600                dhcp_start
 .text.dhcp_coarse_tmr
                0x000000000000269a      0x182 ./LWIP/src/core/ipv4/dhcp.o
                0x000000000000269a                dhcp_coarse_tmr
 .text.dhcp_fine_tmr
                0x000000000000281c       0x92 ./LWIP/src/core/ipv4/dhcp.o
                0x000000000000281c                dhcp_fine_tmr
 .text.etharp_free_entry
                0x00000000000028ae       0x84 ./LWIP/src/core/ipv4/etharp.o
 .text.etharp_find_entry
                0x0000000000002932      0x11e ./LWIP/src/core/ipv4/etharp.o
 .text.etharp_raw
                0x0000000000002a50       0xf8 ./LWIP/src/core/ipv4/etharp.o
 .text.etharp_input
                0x0000000000002b48      0x170 ./LWIP/src/core/ipv4/etharp.o
                0x0000000000002b48                etharp_input
 .text.etharp_request
                0x0000000000002cb8       0x22 ./LWIP/src/core/ipv4/etharp.o
                0x0000000000002cb8                etharp_request
 .text.etharp_tmr
                0x0000000000002cda       0x64 ./LWIP/src/core/ipv4/etharp.o
                0x0000000000002cda                etharp_tmr
 .text.etharp_output_to_arp_index
                0x0000000000002d3e       0x94 ./LWIP/src/core/ipv4/etharp.o
 .text.etharp_query
                0x0000000000002dd2      0x198 ./LWIP/src/core/ipv4/etharp.o
                0x0000000000002dd2                etharp_query
 .text.etharp_output
                0x0000000000002f6a      0x13c ./LWIP/src/core/ipv4/etharp.o
                0x0000000000002f6a                etharp_output
 .text.icmp_input
                0x00000000000030a6      0x1e6 ./LWIP/src/core/ipv4/icmp.o
                0x00000000000030a6                icmp_input
 .text.icmp_dest_unreach
                0x000000000000328c       0xd6 ./LWIP/src/core/ipv4/icmp.o
                0x000000000000328c                icmp_dest_unreach
 .text.ip4_input_accept
                0x0000000000003362       0x30 ./LWIP/src/core/ipv4/ip4.o
 .text.ip4_route
                0x0000000000003392       0x62 ./LWIP/src/core/ipv4/ip4.o
                0x0000000000003392                ip4_route
 .text.ip4_input
                0x00000000000033f4      0x1ec ./LWIP/src/core/ipv4/ip4.o
                0x00000000000033f4                ip4_input
 .text.ip4_output_if_src
                0x00000000000035e0      0x134 ./LWIP/src/core/ipv4/ip4.o
                0x00000000000035e0                ip4_output_if_src
 .text.ip4_output_if
                0x0000000000003714       0x1c ./LWIP/src/core/ipv4/ip4.o
                0x0000000000003714                ip4_output_if
 .text.ip4_addr_isbroadcast_u32
                0x0000000000003730       0x38 ./LWIP/src/core/ipv4/ip4_addr.o
                0x0000000000003730                ip4_addr_isbroadcast_u32
 .text.ip4addr_ntoa_r
                0x0000000000003768       0x9a ./LWIP/src/core/ipv4/ip4_addr.o
                0x0000000000003768                ip4addr_ntoa_r
 .text.ip4addr_ntoa
                0x0000000000003802       0x12 ./LWIP/src/core/ipv4/ip4_addr.o
                0x0000000000003802                ip4addr_ntoa
 .text.lwip_htons
                0x0000000000003814        0xe ./LWIP/src/core/def.o
                0x0000000000003814                lwip_htons
 .text.lwip_htonl
                0x0000000000003822       0x24 ./LWIP/src/core/def.o
                0x0000000000003822                lwip_htonl
 .text.lwip_standard_chksum
                0x0000000000003846       0x64 ./LWIP/src/core/inet_chksum.o
                0x0000000000003846                lwip_standard_chksum
 .text.inet_chksum_pseudo
                0x00000000000038aa       0xba ./LWIP/src/core/inet_chksum.o
                0x00000000000038aa                inet_chksum_pseudo
 .text.ip_chksum_pseudo
                0x0000000000003964        0xc ./LWIP/src/core/inet_chksum.o
                0x0000000000003964                ip_chksum_pseudo
 .text.inet_chksum
                0x0000000000003970       0x14 ./LWIP/src/core/inet_chksum.o
                0x0000000000003970                inet_chksum
 .text.inet_chksum_pbuf
                0x0000000000003984       0x64 ./LWIP/src/core/inet_chksum.o
                0x0000000000003984                inet_chksum_pbuf
 .text.lwip_init
                0x00000000000039e8       0x1e ./LWIP/src/core/init.o
                0x00000000000039e8                lwip_init
 .text.mem_init
                0x0000000000003a06       0x70 ./LWIP/src/core/mem.o
                0x0000000000003a06                mem_init
 .text.mem_free
                0x0000000000003a76      0x192 ./LWIP/src/core/mem.o
                0x0000000000003a76                mem_free
 .text.mem_trim
                0x0000000000003c08      0x188 ./LWIP/src/core/mem.o
                0x0000000000003c08                mem_trim
 .text.mem_malloc
                0x0000000000003d90      0x16a ./LWIP/src/core/mem.o
                0x0000000000003d90                mem_malloc
 .text.do_memp_malloc_pool.isra.0
                0x0000000000003efa       0x3a ./LWIP/src/core/memp.o
 .text.memp_init_pool
                0x0000000000003f34       0x24 ./LWIP/src/core/memp.o
                0x0000000000003f34                memp_init_pool
 .text.memp_init
                0x0000000000003f58       0x1e ./LWIP/src/core/memp.o
                0x0000000000003f58                memp_init
 .text.memp_malloc
                0x0000000000003f76       0x32 ./LWIP/src/core/memp.o
                0x0000000000003f76                memp_malloc
 .text.memp_free
                0x0000000000003fa8       0x60 ./LWIP/src/core/memp.o
                0x0000000000003fa8                memp_free
 .text.netif_null_output_ip4
                0x0000000000004008        0x4 ./LWIP/src/core/netif.o
 .text.netif_issue_reports
                0x000000000000400c       0x42 ./LWIP/src/core/netif.o
 .text.netif_do_set_ipaddr
                0x000000000000404e       0x58 ./LWIP/src/core/netif.o
 .text.netif_init
                0x00000000000040a6        0x2 ./LWIP/src/core/netif.o
                0x00000000000040a6                netif_init
 .text.netif_set_addr
                0x00000000000040a8       0x60 ./LWIP/src/core/netif.o
                0x00000000000040a8                netif_set_addr
 .text.netif_add
                0x0000000000004108      0x124 ./LWIP/src/core/netif.o
                0x0000000000004108                netif_add
 .text.netif_set_default
                0x000000000000422c        0xa ./LWIP/src/core/netif.o
                0x000000000000422c                netif_set_default
 .text.netif_set_up
                0x0000000000004236       0x30 ./LWIP/src/core/netif.o
                0x0000000000004236                netif_set_up
 .text.netif_set_link_up
                0x0000000000004266       0x38 ./LWIP/src/core/netif.o
                0x0000000000004266                netif_set_link_up
 .text.netif_set_link_down
                0x000000000000429e       0x2a ./LWIP/src/core/netif.o
                0x000000000000429e                netif_set_link_down
 .text.netif_get_by_index
                0x00000000000042c8       0x24 ./LWIP/src/core/netif.o
                0x00000000000042c8                netif_get_by_index
 .text.pbuf_free_ooseq_callback
                0x00000000000042ec       0x2e ./LWIP/src/core/pbuf.o
 .text.pbuf_add_header_impl
                0x000000000000431a       0x70 ./LWIP/src/core/pbuf.o
 .text.pbuf_alloc_reference
                0x000000000000438a       0x50 ./LWIP/src/core/pbuf.o
                0x000000000000438a                pbuf_alloc_reference
 .text.pbuf_add_header
                0x00000000000043da        0xe ./LWIP/src/core/pbuf.o
                0x00000000000043da                pbuf_add_header
 .text.pbuf_remove_header
                0x00000000000043e8       0x5c ./LWIP/src/core/pbuf.o
                0x00000000000043e8                pbuf_remove_header
 .text.pbuf_header_force
                0x0000000000004444       0x1c ./LWIP/src/core/pbuf.o
                0x0000000000004444                pbuf_header_force
 .text.pbuf_free
                0x0000000000004460       0xa2 ./LWIP/src/core/pbuf.o
                0x0000000000004460                pbuf_free
 .text.pbuf_alloc
                0x0000000000004502      0x172 ./LWIP/src/core/pbuf.o
                0x0000000000004502                pbuf_alloc
 .text.pbuf_realloc
                0x0000000000004674       0x9e ./LWIP/src/core/pbuf.o
                0x0000000000004674                pbuf_realloc
 .text.pbuf_clen
                0x0000000000004712       0x12 ./LWIP/src/core/pbuf.o
                0x0000000000004712                pbuf_clen
 .text.pbuf_ref
                0x0000000000004724       0x36 ./LWIP/src/core/pbuf.o
                0x0000000000004724                pbuf_ref
 .text.pbuf_cat
                0x000000000000475a       0x4c ./LWIP/src/core/pbuf.o
                0x000000000000475a                pbuf_cat
 .text.pbuf_chain
                0x00000000000047a6       0x14 ./LWIP/src/core/pbuf.o
                0x00000000000047a6                pbuf_chain
 .text.pbuf_copy_partial_pbuf
                0x00000000000047ba      0x128 ./LWIP/src/core/pbuf.o
                0x00000000000047ba                pbuf_copy_partial_pbuf
 .text.pbuf_copy
                0x00000000000048e2       0x22 ./LWIP/src/core/pbuf.o
                0x00000000000048e2                pbuf_copy
 .text.pbuf_copy_partial
                0x0000000000004904       0x84 ./LWIP/src/core/pbuf.o
                0x0000000000004904                pbuf_copy_partial
 .text.pbuf_take
                0x0000000000004988       0x98 ./LWIP/src/core/pbuf.o
                0x0000000000004988                pbuf_take
 .text.pbuf_clone
                0x0000000000004a20       0x36 ./LWIP/src/core/pbuf.o
                0x0000000000004a20                pbuf_clone
 .text.tcp_close_shutdown_fin
                0x0000000000004a56       0x6a ./LWIP/src/core/tcp.o
 .text.tcp_init
                0x0000000000004ac0       0x18 ./LWIP/src/core/tcp.o
                0x0000000000004ac0                tcp_init
 .text.tcp_free
                0x0000000000004ad8       0x2e ./LWIP/src/core/tcp.o
                0x0000000000004ad8                tcp_free
 .text.tcp_update_rcv_ann_wnd
                0x0000000000004b06       0x7c ./LWIP/src/core/tcp.o
                0x0000000000004b06                tcp_update_rcv_ann_wnd
 .text.tcp_recved
                0x0000000000004b82       0x6e ./LWIP/src/core/tcp.o
                0x0000000000004b82                tcp_recved
 .text.tcp_seg_free
                0x0000000000004bf0       0x24 ./LWIP/src/core/tcp.o
                0x0000000000004bf0                tcp_seg_free
 .text.tcp_segs_free
                0x0000000000004c14       0x16 ./LWIP/src/core/tcp.o
                0x0000000000004c14                tcp_segs_free
 .text.tcp_seg_copy
                0x0000000000004c2a       0x40 ./LWIP/src/core/tcp.o
                0x0000000000004c2a                tcp_seg_copy
 .text.tcp_next_iss
                0x0000000000004c6a       0x30 ./LWIP/src/core/tcp.o
                0x0000000000004c6a                tcp_next_iss
 .text.tcp_eff_send_mss_netif
                0x0000000000004c9a       0x44 ./LWIP/src/core/tcp.o
                0x0000000000004c9a                tcp_eff_send_mss_netif
 .text.tcp_free_ooseq
                0x0000000000004cde       0x1a ./LWIP/src/core/tcp.o
                0x0000000000004cde                tcp_free_ooseq
 .text.tcp_pcb_purge
                0x0000000000004cf8       0x5a ./LWIP/src/core/tcp.o
                0x0000000000004cf8                tcp_pcb_purge
 .text.tcp_pcb_remove
                0x0000000000004d52       0xdc ./LWIP/src/core/tcp.o
                0x0000000000004d52                tcp_pcb_remove
 .text.tcp_abandon
                0x0000000000004e2e       0xf2 ./LWIP/src/core/tcp.o
                0x0000000000004e2e                tcp_abandon
 .text.tcp_abort
                0x0000000000004f20        0xe ./LWIP/src/core/tcp.o
                0x0000000000004f20                tcp_abort
 .text.tcp_netif_ip_addr_changed_pcblist
                0x0000000000004f2e       0x36 ./LWIP/src/core/tcp.o
 .text.tcp_netif_ip_addr_changed
                0x0000000000004f64       0x4e ./LWIP/src/core/tcp.o
                0x0000000000004f64                tcp_netif_ip_addr_changed
 .text.tcp_kill_state
                0x0000000000004fb2       0x42 ./LWIP/src/core/tcp.o
 .text.tcp_alloc
                0x0000000000004ff4      0x160 ./LWIP/src/core/tcp.o
                0x0000000000004ff4                tcp_alloc
 .text.tcp_close_shutdown
                0x0000000000005154      0x170 ./LWIP/src/core/tcp.o
 .text.tcp_close
                0x00000000000052c4       0x30 ./LWIP/src/core/tcp.o
                0x00000000000052c4                tcp_close
 .text.tcp_recv_null
                0x00000000000052f4       0x42 ./LWIP/src/core/tcp.o
                0x00000000000052f4                tcp_recv_null
 .text.tcp_process_refused_data
                0x0000000000005336       0x80 ./LWIP/src/core/tcp.o
                0x0000000000005336                tcp_process_refused_data
 .text.tcp_fasttmr
                0x00000000000053b6       0x88 ./LWIP/src/core/tcp.o
                0x00000000000053b6                tcp_fasttmr
 .text.tcp_slowtmr
                0x000000000000543e      0x482 ./LWIP/src/core/tcp.o
                0x000000000000543e                tcp_slowtmr
 .text.tcp_tmr  0x00000000000058c0       0x26 ./LWIP/src/core/tcp.o
                0x00000000000058c0                tcp_tmr
 .text.tcp_get_next_optbyte
                0x00000000000058e6       0x30 ./LWIP/src/core/tcp_in.o
 .text.tcp_oos_insert_segment
                0x0000000000005916       0xc6 ./LWIP/src/core/tcp_in.o
 .text.tcp_parseopt
                0x00000000000059dc       0xa6 ./LWIP/src/core/tcp_in.o
 .text.tcp_input_delayed_close
                0x0000000000005a82       0x58 ./LWIP/src/core/tcp_in.o
 .text.tcp_free_acked_segments.isra.2
                0x0000000000005ada       0xc0 ./LWIP/src/core/tcp_in.o
 .text.tcp_receive
                0x0000000000005b9a      0x9da ./LWIP/src/core/tcp_in.o
 .text.tcp_input
                0x0000000000006574      0xbc6 ./LWIP/src/core/tcp_in.o
                0x0000000000006574                tcp_input
 .text.tcp_trigger_input_pcb_close
                0x000000000000713a       0x12 ./LWIP/src/core/tcp_in.o
                0x000000000000713a                tcp_trigger_input_pcb_close
 .text.tcp_output_segment_busy
                0x000000000000714c       0x28 ./LWIP/src/core/tcp_out.o
 .text.tcp_create_segment
                0x0000000000007174      0x12a ./LWIP/src/core/tcp_out.o
 .text.tcp_output_alloc_header_common.constprop.12
                0x000000000000729e       0xc0 ./LWIP/src/core/tcp_out.o
 .text.tcp_output_alloc_header.constprop.11
                0x000000000000735e       0x3c ./LWIP/src/core/tcp_out.o
 .text.tcp_output_fill_options.isra.1.constprop.13
                0x000000000000739a       0x1e ./LWIP/src/core/tcp_out.o
 .text.tcp_output_control_segment
                0x00000000000073b8       0x8e ./LWIP/src/core/tcp_out.o
 .text.tcp_split_unsent_seg
                0x0000000000007446      0x1cc ./LWIP/src/core/tcp_out.o
                0x0000000000007446                tcp_split_unsent_seg
 .text.tcp_enqueue_flags
                0x0000000000007612      0x12e ./LWIP/src/core/tcp_out.o
                0x0000000000007612                tcp_enqueue_flags
 .text.tcp_send_fin
                0x0000000000007740       0x74 ./LWIP/src/core/tcp_out.o
                0x0000000000007740                tcp_send_fin
 .text.tcp_rexmit_rto_prepare
                0x00000000000077b4       0xae ./LWIP/src/core/tcp_out.o
                0x00000000000077b4                tcp_rexmit_rto_prepare
 .text.tcp_rexmit
                0x0000000000007862       0xb0 ./LWIP/src/core/tcp_out.o
                0x0000000000007862                tcp_rexmit
 .text.tcp_rexmit_fast
                0x0000000000007912       0x74 ./LWIP/src/core/tcp_out.o
                0x0000000000007912                tcp_rexmit_fast
 .text.tcp_rst  0x0000000000007986       0x74 ./LWIP/src/core/tcp_out.o
                0x0000000000007986                tcp_rst
 .text.tcp_send_empty_ack
                0x00000000000079fa       0x66 ./LWIP/src/core/tcp_out.o
                0x00000000000079fa                tcp_send_empty_ack
 .text.tcp_output
                0x0000000000007a60      0x422 ./LWIP/src/core/tcp_out.o
                0x0000000000007a60                tcp_output
 .text.tcp_rexmit_rto_commit
                0x0000000000007e82       0x36 ./LWIP/src/core/tcp_out.o
                0x0000000000007e82                tcp_rexmit_rto_commit
 .text.tcp_rexmit_rto
                0x0000000000007eb8       0x2e ./LWIP/src/core/tcp_out.o
                0x0000000000007eb8                tcp_rexmit_rto
 .text.tcp_keepalive
                0x0000000000007ee6       0x54 ./LWIP/src/core/tcp_out.o
                0x0000000000007ee6                tcp_keepalive
 .text.tcp_zero_window_probe
                0x0000000000007f3a      0x112 ./LWIP/src/core/tcp_out.o
                0x0000000000007f3a                tcp_zero_window_probe
 .text.sys_timeout_abs
                0x000000000000804c       0x6c ./LWIP/src/core/timeouts.o
 .text.lwip_cyclic_timer
                0x00000000000080b8       0x38 ./LWIP/src/core/timeouts.o
 .text.tcpip_tcp_timer
                0x00000000000080f0       0x3c ./LWIP/src/core/timeouts.o
 .text.tcp_timer_needed
                0x000000000000812c       0x42 ./LWIP/src/core/timeouts.o
                0x000000000000812c                tcp_timer_needed
 .text.sys_timeout
                0x000000000000816e       0x3e ./LWIP/src/core/timeouts.o
                0x000000000000816e                sys_timeout
 .text.sys_timeouts_init
                0x00000000000081ac       0x44 ./LWIP/src/core/timeouts.o
                0x00000000000081ac                sys_timeouts_init
 .text.sys_untimeout
                0x00000000000081f0       0x42 ./LWIP/src/core/timeouts.o
                0x00000000000081f0                sys_untimeout
 .text.sys_check_timeouts
                0x0000000000008232       0x3a ./LWIP/src/core/timeouts.o
                0x0000000000008232                sys_check_timeouts
 .text.sys_timeouts_sleeptime
                0x000000000000826c       0x24 ./LWIP/src/core/timeouts.o
                0x000000000000826c                sys_timeouts_sleeptime
 .text.udp_init
                0x0000000000008290       0x18 ./LWIP/src/core/udp.o
                0x0000000000008290                udp_init
 .text.udp_input
                0x00000000000082a8      0x1be ./LWIP/src/core/udp.o
                0x00000000000082a8                udp_input
 .text.udp_bind
                0x0000000000008466       0xb0 ./LWIP/src/core/udp.o
                0x0000000000008466                udp_bind
 .text.udp_sendto_if_src
                0x0000000000008516      0x13e ./LWIP/src/core/udp.o
                0x0000000000008516                udp_sendto_if_src
 .text.udp_sendto_if
                0x0000000000008654       0x6c ./LWIP/src/core/udp.o
                0x0000000000008654                udp_sendto_if
 .text.udp_connect
                0x00000000000086c0       0x66 ./LWIP/src/core/udp.o
                0x00000000000086c0                udp_connect
 .text.udp_recv
                0x0000000000008726       0x1c ./LWIP/src/core/udp.o
                0x0000000000008726                udp_recv
 .text.udp_remove
                0x0000000000008742       0x40 ./LWIP/src/core/udp.o
                0x0000000000008742                udp_remove
 .text.udp_new  0x0000000000008782       0x22 ./LWIP/src/core/udp.o
                0x0000000000008782                udp_new
 .text.udp_netif_ip_addr_changed
                0x00000000000087a4       0x24 ./LWIP/src/core/udp.o
                0x00000000000087a4                udp_netif_ip_addr_changed
 .text.netifapi_do_netif_add
                0x00000000000087c8       0x24 ./LWIP/src/api/netifapi.o
 .text.netifapi_do_netif_common
                0x00000000000087ec       0x1a ./LWIP/src/api/netifapi.o
 .text.netifapi_netif_add
                0x0000000000008806       0x38 ./LWIP/src/api/netifapi.o
                0x0000000000008806                netifapi_netif_add
 .text.netifapi_netif_common
                0x000000000000883e       0x1e ./LWIP/src/api/netifapi.o
                0x000000000000883e                netifapi_netif_common
 .text.tcpip_thread
                0x000000000000885c       0xf8 ./LWIP/src/api/tcpip.o
 .text.tcpip_inpkt
                0x0000000000008954       0x60 ./LWIP/src/api/tcpip.o
                0x0000000000008954                tcpip_inpkt
 .text.tcpip_input
                0x00000000000089b4       0x26 ./LWIP/src/api/tcpip.o
                0x00000000000089b4                tcpip_input
 .text.tcpip_try_callback
                0x00000000000089da       0x5a ./LWIP/src/api/tcpip.o
                0x00000000000089da                tcpip_try_callback
 .text.tcpip_api_call
                0x0000000000008a34       0x2a ./LWIP/src/api/tcpip.o
                0x0000000000008a34                tcpip_api_call
 .text.tcpip_init
                0x0000000000008a5e       0x7e ./LWIP/src/api/tcpip.o
                0x0000000000008a5e                tcpip_init
 .text.prvInsertBlockIntoFreeList
                0x0000000000008adc       0x44 ./FreeRTOS/portable/MemMang/heap_4.o
 .text.pvPortMalloc
                0x0000000000008b20      0x164 ./FreeRTOS/portable/MemMang/heap_4.o
                0x0000000000008b20                pvPortMalloc
 .text.vPortFree
                0x0000000000008c84       0x98 ./FreeRTOS/portable/MemMang/heap_4.o
                0x0000000000008c84                vPortFree
 .text.vPortSetupTimerInterrupt
                0x0000000000008d1c       0x3e ./FreeRTOS/portable/GCC/RISC-V/port.o
                0x0000000000008d1c                vPortSetupTimerInterrupt
 .text.xPortStartScheduler
                0x0000000000008d5a       0x8c ./FreeRTOS/portable/GCC/RISC-V/port.o
                0x0000000000008d5a                xPortStartScheduler
 .text.SysTick_Handler
                0x0000000000008de6       0x34 ./FreeRTOS/portable/GCC/RISC-V/port.o
                0x0000000000008de6                SysTick_Handler
 .text.vPortEnterCritical
                0x0000000000008e1a       0x14 ./FreeRTOS/portable/GCC/RISC-V/port.o
                0x0000000000008e1a                vPortEnterCritical
 .text.vPortExitCritical
                0x0000000000008e2e       0x3e ./FreeRTOS/portable/GCC/RISC-V/port.o
                0x0000000000008e2e                vPortExitCritical
 .text.xPortSetInterruptMask
                0x0000000000008e6c        0x8 ./FreeRTOS/portable/GCC/RISC-V/port.o
                0x0000000000008e6c                xPortSetInterruptMask
 .text.vPortClearInterruptMask
                0x0000000000008e74        0x6 ./FreeRTOS/portable/GCC/RISC-V/port.o
                0x0000000000008e74                vPortClearInterruptMask
 .text.vListInitialise
                0x0000000000008e7a       0x14 ./FreeRTOS/list.o
                0x0000000000008e7a                vListInitialise
 .text.vListInitialiseItem
                0x0000000000008e8e        0x6 ./FreeRTOS/list.o
                0x0000000000008e8e                vListInitialiseItem
 .text.vListInsertEnd
                0x0000000000008e94       0x18 ./FreeRTOS/list.o
                0x0000000000008e94                vListInsertEnd
 .text.vListInsert
                0x0000000000008eac       0x2e ./FreeRTOS/list.o
                0x0000000000008eac                vListInsert
 .text.uxListRemove
                0x0000000000008eda       0x20 ./FreeRTOS/list.o
                0x0000000000008eda                uxListRemove
 .text.prvIsQueueEmpty
                0x0000000000008efa       0x1e ./FreeRTOS/queue.o
 .text.prvCopyDataToQueue
                0x0000000000008f18       0x72 ./FreeRTOS/queue.o
 .text.prvCopyDataFromQueue
                0x0000000000008f8a       0x28 ./FreeRTOS/queue.o
 .text.prvUnlockQueue
                0x0000000000008fb2       0x76 ./FreeRTOS/queue.o
 .text.xQueueGenericReset
                0x0000000000009028       0xc0 ./FreeRTOS/queue.o
                0x0000000000009028                xQueueGenericReset
 .text.xQueueGenericCreate
                0x00000000000090e8       0x6c ./FreeRTOS/queue.o
                0x00000000000090e8                xQueueGenericCreate
 .text.xQueueGenericSend
                0x0000000000009154      0x1a0 ./FreeRTOS/queue.o
                0x0000000000009154                xQueueGenericSend
 .text.xQueueCreateMutex
                0x00000000000092f4       0x2e ./FreeRTOS/queue.o
                0x00000000000092f4                xQueueCreateMutex
 .text.xQueueGiveMutexRecursive
                0x0000000000009322       0x54 ./FreeRTOS/queue.o
                0x0000000000009322                xQueueGiveMutexRecursive
 .text.xQueueGenericSendFromISR
                0x0000000000009376      0x120 ./FreeRTOS/queue.o
                0x0000000000009376                xQueueGenericSendFromISR
 .text.xQueueGiveFromISR
                0x0000000000009496       0xfc ./FreeRTOS/queue.o
                0x0000000000009496                xQueueGiveFromISR
 .text.xQueueReceive
                0x0000000000009592      0x160 ./FreeRTOS/queue.o
                0x0000000000009592                xQueueReceive
 .text.xQueueSemaphoreTake
                0x00000000000096f2      0x1b4 ./FreeRTOS/queue.o
                0x00000000000096f2                xQueueSemaphoreTake
 .text.xQueueTakeMutexRecursive
                0x00000000000098a6       0x58 ./FreeRTOS/queue.o
                0x00000000000098a6                xQueueTakeMutexRecursive
 .text.vQueueAddToRegistry
                0x00000000000098fe       0x6a ./FreeRTOS/queue.o
                0x00000000000098fe                vQueueAddToRegistry
 .text.vQueueWaitForMessageRestricted
                0x0000000000009968       0x5c ./FreeRTOS/queue.o
                0x0000000000009968                vQueueWaitForMessageRestricted
 .text.prvResetNextTaskUnblockTime
                0x00000000000099c4       0x1c ./FreeRTOS/tasks.o
 .text.prvAddCurrentTaskToDelayedList
                0x00000000000099e0       0x92 ./FreeRTOS/tasks.o
 .text.prvIdleTask
                0x0000000000009a72       0x4a ./FreeRTOS/tasks.o
 .text.xTaskCreate
                0x0000000000009abc      0x1e2 ./FreeRTOS/tasks.o
                0x0000000000009abc                xTaskCreate
 .text.vTaskDelete
                0x0000000000009c9e       0xb8 ./FreeRTOS/tasks.o
                0x0000000000009c9e                vTaskDelete
 .text.vTaskStartScheduler
                0x0000000000009d56       0x7e ./FreeRTOS/tasks.o
                0x0000000000009d56                vTaskStartScheduler
 .text.vTaskSuspendAll
                0x0000000000009dd4        0xc ./FreeRTOS/tasks.o
                0x0000000000009dd4                vTaskSuspendAll
 .text.xTaskGetTickCount
                0x0000000000009de0        0x6 ./FreeRTOS/tasks.o
                0x0000000000009de0                xTaskGetTickCount
 .text.xTaskIncrementTick
                0x0000000000009de6      0x17e ./FreeRTOS/tasks.o
                0x0000000000009de6                xTaskIncrementTick
 .text.xTaskResumeAll
                0x0000000000009f64      0x146 ./FreeRTOS/tasks.o
                0x0000000000009f64                xTaskResumeAll
 .text.vTaskDelay
                0x000000000000a0aa       0x60 ./FreeRTOS/tasks.o
                0x000000000000a0aa                vTaskDelay
 .text.vTaskSwitchContext
                0x000000000000a10a       0xa8 ./FreeRTOS/tasks.o
                0x000000000000a10a                vTaskSwitchContext
 .text.vTaskPlaceOnEventList
                0x000000000000a1b2       0x42 ./FreeRTOS/tasks.o
                0x000000000000a1b2                vTaskPlaceOnEventList
 .text.vTaskPlaceOnEventListRestricted
                0x000000000000a1f4       0x70 ./FreeRTOS/tasks.o
                0x000000000000a1f4                vTaskPlaceOnEventListRestricted
 .text.xTaskRemoveFromEventList
                0x000000000000a264       0xda ./FreeRTOS/tasks.o
                0x000000000000a264                xTaskRemoveFromEventList
 .text.vTaskInternalSetTimeOutState
                0x000000000000a33e        0xe ./FreeRTOS/tasks.o
                0x000000000000a33e                vTaskInternalSetTimeOutState
 .text.xTaskCheckForTimeOut
                0x000000000000a34c       0xba ./FreeRTOS/tasks.o
                0x000000000000a34c                xTaskCheckForTimeOut
 .text.vTaskMissedYield
                0x000000000000a406        0x8 ./FreeRTOS/tasks.o
                0x000000000000a406                vTaskMissedYield
 .text.xTaskGetCurrentTaskHandle
                0x000000000000a40e        0x6 ./FreeRTOS/tasks.o
                0x000000000000a40e                xTaskGetCurrentTaskHandle
 .text.xTaskGetSchedulerState
                0x000000000000a414       0x14 ./FreeRTOS/tasks.o
                0x000000000000a414                xTaskGetSchedulerState
 .text.xTaskPriorityInherit
                0x000000000000a428       0xa6 ./FreeRTOS/tasks.o
                0x000000000000a428                xTaskPriorityInherit
 .text.xTaskPriorityDisinherit
                0x000000000000a4ce       0xbe ./FreeRTOS/tasks.o
                0x000000000000a4ce                xTaskPriorityDisinherit
 .text.vTaskPriorityDisinheritAfterTimeout
                0x000000000000a58c       0xda ./FreeRTOS/tasks.o
                0x000000000000a58c                vTaskPriorityDisinheritAfterTimeout
 .text.pvTaskIncrementMutexHeldCount
                0x000000000000a666       0x18 ./FreeRTOS/tasks.o
                0x000000000000a666                pvTaskIncrementMutexHeldCount
 .text.prvCheckForValidListAndQueue
                0x000000000000a67e       0x5a ./FreeRTOS/timers.o
 .text.prvInsertTimerInActiveList
                0x000000000000a6d8       0x3e ./FreeRTOS/timers.o
 .text.prvReloadTimer
                0x000000000000a716       0x2a ./FreeRTOS/timers.o
 .text.prvProcessExpiredTimer
                0x000000000000a740       0x42 ./FreeRTOS/timers.o
 .text.prvSwitchTimerLists
                0x000000000000a782       0x28 ./FreeRTOS/timers.o
 .text.prvTimerTask
                0x000000000000a7aa      0x186 ./FreeRTOS/timers.o
 .text.xTimerCreateTimerTask
                0x000000000000a930       0x56 ./FreeRTOS/timers.o
                0x000000000000a930                xTimerCreateTimerTask
 .text.xTimerCreate
                0x000000000000a986       0x72 ./FreeRTOS/timers.o
                0x000000000000a986                xTimerCreate
 .text.xTimerGenericCommand
                0x000000000000a9f8       0x74 ./FreeRTOS/timers.o
                0x000000000000a9f8                xTimerGenericCommand
 .text.ETH_LinkUpCfg.isra.0
                0x000000000000aa6c       0x60 ./ETH_Driver/eth_driver_10M.o
 .text.WCHNET_TimeIsr
                0x000000000000aacc        0xc ./ETH_Driver/eth_driver_10M.o
                0x000000000000aacc                WCHNET_TimeIsr
 .text.WCHNET_HandlePhyNegotiation
                0x000000000000aad8      0x53e ./ETH_Driver/eth_driver_10M.o
                0x000000000000aad8                WCHNET_HandlePhyNegotiation
 .text.ETH_RecPeek
                0x000000000000b016       0x50 ./ETH_Driver/eth_driver_10M.o
                0x000000000000b016                ETH_RecPeek
 .text.ETH_RecFree
                0x000000000000b066       0x1a ./ETH_Driver/eth_driver_10M.o
                0x000000000000b066                ETH_RecFree
 .text.ETH_GetTxBuf
                0x000000000000b080       0x14 ./ETH_Driver/eth_driver_10M.o
                0x000000000000b080                ETH_GetTxBuf
 .text.ETH_SendFrame
                0x000000000000b094       0x38 ./ETH_Driver/eth_driver_10M.o
                0x000000000000b094                ETH_SendFrame
 .text.ETH_EnableMacFilter
                0x000000000000b0cc       0x14 ./ETH_Driver/eth_driver_10M.o
                0x000000000000b0cc                ETH_EnableMacFilter
 .text.ETH_Init
                0x000000000000b0e0      0x180 ./ETH_Driver/eth_driver_10M.o
                0x000000000000b0e0                ETH_Init
 .text.ETH_IRQHandler
                0x000000000000b260      0x206 ./ETH_Driver/eth_driver_10M.o
                0x000000000000b260                ETH_IRQHandler
 .text.USART_Printf_Init
                0x000000000000b466       0x5a ./Debug/debug.o
                0x000000000000b466                USART_Printf_Init
 .text._write   0x000000000000b4c0       0x3e ./Debug/debug.o
                0x000000000000b4c0                _write
 .text._sbrk    0x000000000000b4fe       0x2a ./Debug/debug.o
                0x000000000000b4fe                _sbrk
 .text.memcmp   0x000000000000b528       0x24 d:/mounriver_studio_setup_v240/mounriver_studio2/resources/app/resources/win32/components/wch/toolchain/risc-v embedded gcc/bin/../lib/gcc/riscv-none-embed/8.2.0/../../../../riscv-none-embed/lib/rv32imacxw/ilp32\libg_nano.a(lib_a-memcmp.o)
                0x000000000000b528                memcmp
 .text.memcpy   0x000000000000b54c       0xb2 d:/mounriver_studio_setup_v240/mounriver_studio2/resources/app/resources/win32/components/wch/toolchain/risc-v embedded gcc/bin/../lib/gcc/riscv-none-embed/8.2.0/../../../../riscv-none-embed/lib/rv32imacxw/ilp32\libg_nano.a(lib_a-memcpy.o)
                0x000000000000b54c                memcpy
 .text.printf   0x000000000000b5fe       0x40 d:/mounriver_studio_setup_v240/mounriver_studio2/resources/app/resources/win32/components/wch/toolchain/risc-v embedded gcc/bin/../lib/gcc/riscv-none-embed/8.2.0/../../../../riscv-none-embed/lib/rv32imacxw/ilp32\libg_nano.a(lib_a-printf.o)
                0x000000000000b5fe                iprintf
                0x000000000000b5fe                printf
 .text._puts_r  0x000000000000b63e       0xd4 d:/mounriver_studio_setup_v240/mounriver_studio2/resources/app/resources/win32/components/wch/toolchain/risc-v embedded gcc/bin/../lib/gcc/riscv-none-embed/8.2.0/../../../../riscv-none-embed/lib/rv32imacxw/ilp32\libg_nano.a(lib_a-puts.o)
                0x000000000000b63e                _puts_r
 .text.puts     0x000000000000b712        0xc d:/mounriver_studio_setup_v240/mounriver_studio2/resources/app/resources/win32/components/wch/toolchain/risc-v embedded gcc/bin/../lib/gcc/riscv-none-embed/8.2.0/../../../../riscv-none-embed/lib/rv32imacxw/ilp32\libg_nano.a(lib_a-puts.o)
                0x000000000000b712                puts
 .text.rand     0x000000000000b71e       0x84 d:/mounriver_studio_setup_v240/mounriver_studio2/resources/app/resources/win32/components/wch/toolchain/risc-v embedded gcc/bin/../lib/gcc/riscv-none-embed/8.2.0/../../../../riscv-none-embed/lib/rv32imacxw/ilp32\libg_nano.a(lib_a-rand.o)
                0x000000000000b71e                rand
 .text.__swbuf_r
                0x000000000000b7a2       0xbc d:/mounriver_studio_setup_v240/mounriver_studio2/resources/app/resources/win32/components/wch/toolchain/risc-v embedded gcc/bin/../lib/gcc/riscv-none-embed/8.2.0/../../../../riscv-none-embed/lib/rv32imacxw/ilp32\libg_nano.a(lib_a-wbuf.o)
                0x000000000000b7a2                __swbuf_r
 .text.__swsetup_r
                0x000000000000b85e       0xfc d:/mounriver_studio_setup_v240/mounriver_studio2/resources/app/resources/win32/components/wch/toolchain/risc-v embedded gcc/bin/../lib/gcc/riscv-none-embed/8.2.0/../../../../riscv-none-embed/lib/rv32imacxw/ilp32\libg_nano.a(lib_a-wsetup.o)
                0x000000000000b85e                __swsetup_r
 .text.__sflush_r
                0x000000000000b95a      0x130 d:/mounriver_studio_setup_v240/mounriver_studio2/resources/app/resources/win32/components/wch/toolchain/risc-v embedded gcc/bin/../lib/gcc/riscv-none-embed/8.2.0/../../../../riscv-none-embed/lib/rv32imacxw/ilp32\libg_nano.a(lib_a-fflush.o)
                0x000000000000b95a                __sflush_r
 .text._fflush_r
                0x000000000000ba8a       0x66 d:/mounriver_studio_setup_v240/mounriver_studio2/resources/app/resources/win32/components/wch/toolchain/risc-v embedded gcc/bin/../lib/gcc/riscv-none-embed/8.2.0/../../../../riscv-none-embed/lib/rv32imacxw/ilp32\libg_nano.a(lib_a-fflush.o)
                0x000000000000ba8a                _fflush_r
 .text.std      0x000000000000baf0       0x66 d:/mounriver_studio_setup_v240/mounriver_studio2/resources/app/resources/win32/components/wch/toolchain/risc-v embedded gcc/bin/../lib/gcc/riscv-none-embed/8.2.0/../../../../riscv-none-embed/lib/rv32imacxw/ilp32\libg_nano.a(lib_a-findfp.o)
 .text._cleanup_r
                0x000000000000bb56        0xa d:/mounriver_studio_setup_v240/mounriver_studio2/resources/app/resources/win32/components/wch/toolchain/risc-v embedded gcc/bin/../lib/gcc/riscv-none-embed/8.2.0/../../../../riscv-none-embed/lib/rv32imacxw/ilp32\libg_nano.a(lib_a-findfp.o)
                0x000000000000bb56                _cleanup_r
 .text.__sfmoreglue
                0x000000000000bb60       0x46 d:/mounriver_studio_setup_v240/mounriver_studio2/resources/app/resources/win32/components/wch/toolchain/risc-v embedded gcc/bin/../lib/gcc/riscv-none-embed/8.2.0/../../../../riscv-none-embed/lib/rv32imacxw/ilp32\libg_nano.a(lib_a-findfp.o)
                0x000000000000bb60                __sfmoreglue
 .text.__sinit  0x000000000000bba6       0x6c d:/mounriver_studio_setup_v240/mounriver_studio2/resources/app/resources/win32/components/wch/toolchain/risc-v embedded gcc/bin/../lib/gcc/riscv-none-embed/8.2.0/../../../../riscv-none-embed/lib/rv32imacxw/ilp32\libg_nano.a(lib_a-findfp.o)
                0x000000000000bba6                __sinit
 .text.__sfp    0x000000000000bc12       0xa0 d:/mounriver_studio_setup_v240/mounriver_studio2/resources/app/resources/win32/components/wch/toolchain/risc-v embedded gcc/bin/../lib/gcc/riscv-none-embed/8.2.0/../../../../riscv-none-embed/lib/rv32imacxw/ilp32\libg_nano.a(lib_a-findfp.o)
                0x000000000000bc12                __sfp
 .text._fwalk_reent
                0x000000000000bcb2       0x6a d:/mounriver_studio_setup_v240/mounriver_studio2/resources/app/resources/win32/components/wch/toolchain/risc-v embedded gcc/bin/../lib/gcc/riscv-none-embed/8.2.0/../../../../riscv-none-embed/lib/rv32imacxw/ilp32\libg_nano.a(lib_a-fwalk.o)
                0x000000000000bcb2                _fwalk_reent
 .text.__swhatbuf_r
                0x000000000000bd1c       0x58 d:/mounriver_studio_setup_v240/mounriver_studio2/resources/app/resources/win32/components/wch/toolchain/risc-v embedded gcc/bin/../lib/gcc/riscv-none-embed/8.2.0/../../../../riscv-none-embed/lib/rv32imacxw/ilp32\libg_nano.a(lib_a-makebuf.o)
                0x000000000000bd1c                __swhatbuf_r
 .text.__smakebuf_r
                0x000000000000bd74       0x92 d:/mounriver_studio_setup_v240/mounriver_studio2/resources/app/resources/win32/components/wch/toolchain/risc-v embedded gcc/bin/../lib/gcc/riscv-none-embed/8.2.0/../../../../riscv-none-embed/lib/rv32imacxw/ilp32\libg_nano.a(lib_a-makebuf.o)
                0x000000000000bd74                __smakebuf_r
 .text.malloc   0x000000000000be06        0xa d:/mounriver_studio_setup_v240/mounriver_studio2/resources/app/resources/win32/components/wch/toolchain/risc-v embedded gcc/bin/../lib/gcc/riscv-none-embed/8.2.0/../../../../riscv-none-embed/lib/rv32imacxw/ilp32\libg_nano.a(lib_a-malloc.o)
                0x000000000000be06                malloc
 .text._free_r  0x000000000000be10       0xa8 d:/mounriver_studio_setup_v240/mounriver_studio2/resources/app/resources/win32/components/wch/toolchain/risc-v embedded gcc/bin/../lib/gcc/riscv-none-embed/8.2.0/../../../../riscv-none-embed/lib/rv32imacxw/ilp32\libg_nano.a(lib_a-nano-freer.o)
                0x000000000000be10                _free_r
 .text._malloc_r
                0x000000000000beb8       0xd4 d:/mounriver_studio_setup_v240/mounriver_studio2/resources/app/resources/win32/components/wch/toolchain/risc-v embedded gcc/bin/../lib/gcc/riscv-none-embed/8.2.0/../../../../riscv-none-embed/lib/rv32imacxw/ilp32\libg_nano.a(lib_a-nano-mallocr.o)
                0x000000000000beb8                _malloc_r
 .text.__sfputc_r
                0x000000000000bf8c       0x28 d:/mounriver_studio_setup_v240/mounriver_studio2/resources/app/resources/win32/components/wch/toolchain/risc-v embedded gcc/bin/../lib/gcc/riscv-none-embed/8.2.0/../../../../riscv-none-embed/lib/rv32imacxw/ilp32\libg_nano.a(lib_a-nano-vfprintf.o)
 .text.__sfputs_r
                0x000000000000bfb4       0x42 d:/mounriver_studio_setup_v240/mounriver_studio2/resources/app/resources/win32/components/wch/toolchain/risc-v embedded gcc/bin/../lib/gcc/riscv-none-embed/8.2.0/../../../../riscv-none-embed/lib/rv32imacxw/ilp32\libg_nano.a(lib_a-nano-vfprintf.o)
                0x000000000000bfb4                __sfputs_r
 .text._vfprintf_r
                0x000000000000bff6      0x288 d:/mounriver_studio_setup_v240/mounriver_studio2/resources/app/resources/win32/components/wch/toolchain/risc-v embedded gcc/bin/../lib/gcc/riscv-none-embed/8.2.0/../../../../riscv-none-embed/lib/rv32imacxw/ilp32\libg_nano.a(lib_a-nano-vfprintf.o)
                0x000000000000bff6                _vfprintf_r
                0x000000000000bff6                _vfiprintf_r
 .text._printf_common
                0x000000000000c27e      0x10c d:/mounriver_studio_setup_v240/mounriver_studio2/resources/app/resources/win32/components/wch/toolchain/risc-v embedded gcc/bin/../lib/gcc/riscv-none-embed/8.2.0/../../../../riscv-none-embed/lib/rv32imacxw/ilp32\libg_nano.a(lib_a-nano-vfprintf_i.o)
                0x000000000000c27e                _printf_common
 .text._printf_i
                0x000000000000c38a      0x2a2 d:/mounriver_studio_setup_v240/mounriver_studio2/resources/app/resources/win32/components/wch/toolchain/risc-v embedded gcc/bin/../lib/gcc/riscv-none-embed/8.2.0/../../../../riscv-none-embed/lib/rv32imacxw/ilp32\libg_nano.a(lib_a-nano-vfprintf_i.o)
                0x000000000000c38a                _printf_i
 .text._sbrk_r  0x000000000000c62c       0x32 d:/mounriver_studio_setup_v240/mounriver_studio2/resources/app/resources/win32/components/wch/toolchain/risc-v embedded gcc/bin/../lib/gcc/riscv-none-embed/8.2.0/../../../../riscv-none-embed/lib/rv32imacxw/ilp32\libg_nano.a(lib_a-sbrkr.o)
                0x000000000000c62c                _sbrk_r
 .text.__sread  0x000000000000c65e       0x2c d:/mounriver_studio_setup_v240/mounriver_studio2/resources/app/resources/win32/components/wch/toolchain/risc-v embedded gcc/bin/../lib/gcc/riscv-none-embed/8.2.0/../../../../riscv-none-embed/lib/rv32imacxw/ilp32\libg_nano.a(lib_a-stdio.o)
                0x000000000000c65e                __sread
 .text.__swrite
                0x000000000000c68a       0x48 d:/mounriver_studio_setup_v240/mounriver_studio2/resources/app/resources/win32/components/wch/toolchain/risc-v embedded gcc/bin/../lib/gcc/riscv-none-embed/8.2.0/../../../../riscv-none-embed/lib/rv32imacxw/ilp32\libg_nano.a(lib_a-stdio.o)
                0x000000000000c68a                __swrite
 .text.__sseek  0x000000000000c6d2       0x30 d:/mounriver_studio_setup_v240/mounriver_studio2/resources/app/resources/win32/components/wch/toolchain/risc-v embedded gcc/bin/../lib/gcc/riscv-none-embed/8.2.0/../../../../riscv-none-embed/lib/rv32imacxw/ilp32\libg_nano.a(lib_a-stdio.o)
                0x000000000000c6d2                __sseek
 .text.__sclose
                0x000000000000c702        0x6 d:/mounriver_studio_setup_v240/mounriver_studio2/resources/app/resources/win32/components/wch/toolchain/risc-v embedded gcc/bin/../lib/gcc/riscv-none-embed/8.2.0/../../../../riscv-none-embed/lib/rv32imacxw/ilp32\libg_nano.a(lib_a-stdio.o)
                0x000000000000c702                __sclose
 .text._write_r
                0x000000000000c708       0x36 d:/mounriver_studio_setup_v240/mounriver_studio2/resources/app/resources/win32/components/wch/toolchain/risc-v embedded gcc/bin/../lib/gcc/riscv-none-embed/8.2.0/../../../../riscv-none-embed/lib/rv32imacxw/ilp32\libg_nano.a(lib_a-writer.o)
                0x000000000000c708                _write_r
 .text._close_r
                0x000000000000c73e       0x30 d:/mounriver_studio_setup_v240/mounriver_studio2/resources/app/resources/win32/components/wch/toolchain/risc-v embedded gcc/bin/../lib/gcc/riscv-none-embed/8.2.0/../../../../riscv-none-embed/lib/rv32imacxw/ilp32\libg_nano.a(lib_a-closer.o)
                0x000000000000c73e                _close_r
 .text._fstat_r
                0x000000000000c76e       0x32 d:/mounriver_studio_setup_v240/mounriver_studio2/resources/app/resources/win32/components/wch/toolchain/risc-v embedded gcc/bin/../lib/gcc/riscv-none-embed/8.2.0/../../../../riscv-none-embed/lib/rv32imacxw/ilp32\libg_nano.a(lib_a-fstatr.o)
                0x000000000000c76e                _fstat_r
 .text._isatty_r
                0x000000000000c7a0       0x30 d:/mounriver_studio_setup_v240/mounriver_studio2/resources/app/resources/win32/components/wch/toolchain/risc-v embedded gcc/bin/../lib/gcc/riscv-none-embed/8.2.0/../../../../riscv-none-embed/lib/rv32imacxw/ilp32\libg_nano.a(lib_a-isattyr.o)
                0x000000000000c7a0                _isatty_r
 .text._lseek_r
                0x000000000000c7d0       0x34 d:/mounriver_studio_setup_v240/mounriver_studio2/resources/app/resources/win32/components/wch/toolchain/risc-v embedded gcc/bin/../lib/gcc/riscv-none-embed/8.2.0/../../../../riscv-none-embed/lib/rv32imacxw/ilp32\libg_nano.a(lib_a-lseekr.o)
                0x000000000000c7d0                _lseek_r
 .text.memchr   0x000000000000c804       0x18 d:/mounriver_studio_setup_v240/mounriver_studio2/resources/app/resources/win32/components/wch/toolchain/risc-v embedded gcc/bin/../lib/gcc/riscv-none-embed/8.2.0/../../../../riscv-none-embed/lib/rv32imacxw/ilp32\libg_nano.a(lib_a-memchr.o)
                0x000000000000c804                memchr
 .text.__malloc_lock
                0x000000000000c81c        0x2 d:/mounriver_studio_setup_v240/mounriver_studio2/resources/app/resources/win32/components/wch/toolchain/risc-v embedded gcc/bin/../lib/gcc/riscv-none-embed/8.2.0/../../../../riscv-none-embed/lib/rv32imacxw/ilp32\libg_nano.a(lib_a-mlock.o)
                0x000000000000c81c                __malloc_lock
 .text.__malloc_unlock
                0x000000000000c81e        0x2 d:/mounriver_studio_setup_v240/mounriver_studio2/resources/app/resources/win32/components/wch/toolchain/risc-v embedded gcc/bin/../lib/gcc/riscv-none-embed/8.2.0/../../../../riscv-none-embed/lib/rv32imacxw/ilp32\libg_nano.a(lib_a-mlock.o)
                0x000000000000c81e                __malloc_unlock
 .text._read_r  0x000000000000c820       0x34 d:/mounriver_studio_setup_v240/mounriver_studio2/resources/app/resources/win32/components/wch/toolchain/risc-v embedded gcc/bin/../lib/gcc/riscv-none-embed/8.2.0/../../../../riscv-none-embed/lib/rv32imacxw/ilp32\libg_nano.a(lib_a-readr.o)
                0x000000000000c820                _read_r
 .text._close   0x000000000000c854       0x10 d:/mounriver_studio_setup_v240/mounriver_studio2/resources/app/resources/win32/components/wch/toolchain/risc-v embedded gcc/bin/../lib/gcc/riscv-none-embed/8.2.0/../../../../riscv-none-embed/lib/rv32imacxw/ilp32\libnosys.a(close.o)
                0x000000000000c854                _close
 .text._fstat   0x000000000000c864       0x10 d:/mounriver_studio_setup_v240/mounriver_studio2/resources/app/resources/win32/components/wch/toolchain/risc-v embedded gcc/bin/../lib/gcc/riscv-none-embed/8.2.0/../../../../riscv-none-embed/lib/rv32imacxw/ilp32\libnosys.a(fstat.o)
                0x000000000000c864                _fstat
 .text._isatty  0x000000000000c874       0x10 d:/mounriver_studio_setup_v240/mounriver_studio2/resources/app/resources/win32/components/wch/toolchain/risc-v embedded gcc/bin/../lib/gcc/riscv-none-embed/8.2.0/../../../../riscv-none-embed/lib/rv32imacxw/ilp32\libnosys.a(isatty.o)
                0x000000000000c874                _isatty
 .text._lseek   0x000000000000c884       0x10 d:/mounriver_studio_setup_v240/mounriver_studio2/resources/app/resources/win32/components/wch/toolchain/risc-v embedded gcc/bin/../lib/gcc/riscv-none-embed/8.2.0/../../../../riscv-none-embed/lib/rv32imacxw/ilp32\libnosys.a(lseek.o)
                0x000000000000c884                _lseek
 .text._read    0x000000000000c894       0x10 d:/mounriver_studio_setup_v240/mounriver_studio2/resources/app/resources/win32/components/wch/toolchain/risc-v embedded gcc/bin/../lib/gcc/riscv-none-embed/8.2.0/../../../../riscv-none-embed/lib/rv32imacxw/ilp32\libnosys.a(read.o)
                0x000000000000c894                _read
 *(.rodata)
 *(.rodata*)
 *fill*         0x000000000000c8a4        0x0 
 .rodata.HardFault_Handler.str1.4
                0x000000000000c8a4        0xd ./User/ch32v30x_it.o
 *fill*         0x000000000000c8b1        0x3 
 .rodata.main.str1.4
                0x000000000000c8b4       0x6c ./User/main.o
 .rodata.vApplicationStackOverflowHook.str1.4
                0x000000000000c920       0x15 ./User/main.o
 *fill*         0x000000000000c935        0x3 
 .rodata.sys_arch_mbox_fetch.str1.4
                0x000000000000c938       0x12 ./LWIP_PORT/arch/sys_arch.o
 *fill*         0x000000000000c94a        0x2 
 .rodata.sys_mbox_new.str1.4
                0x000000000000c94c       0x19 ./LWIP_PORT/arch/sys_arch.o
 *fill*         0x000000000000c965        0x3 
 .rodata.sys_mbox_post.str1.4
                0x000000000000c968       0x25 ./LWIP_PORT/arch/sys_arch.o
 *fill*         0x000000000000c98d        0x3 
 .rodata.sys_mbox_trypost.str1.4
                0x000000000000c990       0x14 ./LWIP_PORT/arch/sys_arch.o
 .rodata.sys_mutex_lock.str1.4
                0x000000000000c9a4       0x2d ./LWIP_PORT/arch/sys_arch.o
 *fill*         0x000000000000c9d1        0x3 
 .rodata.sys_mutex_new.str1.4
                0x000000000000c9d4       0x27 ./LWIP_PORT/arch/sys_arch.o
 *fill*         0x000000000000c9fb        0x1 
 .rodata.sys_mutex_unlock.str1.4
                0x000000000000c9fc       0x19 ./LWIP_PORT/arch/sys_arch.o
 *fill*         0x000000000000ca15        0x3 
 .rodata.sys_thread_new.str1.4
                0x000000000000ca18       0x29 ./LWIP_PORT/arch/sys_arch.o
 *fill*         0x000000000000ca41        0x3 
 .rodata.ethernetif_init.str1.4
                0x000000000000ca44        0xe ./LWIP_PORT/ethernetif.o
                                         0x27 (size before relaxing)
 *fill*         0x000000000000ca52        0x2 
 .rodata.ethernetif_sync_init.str1.4
                0x000000000000ca54       0x3d ./LWIP_PORT/ethernetif.o
 *fill*         0x000000000000ca91        0x3 
 .rodata.LwIP_Init.str1.4
                0x000000000000ca94       0x94 ./LWIP_PORT/netconf.o
 .rodata.lwip_netif_thread.str1.4
                0x000000000000cb28       0x17 ./LWIP_PORT/netconf.o
 *fill*         0x000000000000cb3f        0x1 
 .rodata.ethernet_output.str1.4
                0x000000000000cb40       0x31 ./LWIP/src/netif/ethernet.o
                                         0x4b (size before relaxing)
 *fill*         0x000000000000cb71        0x3 
 .rodata.dhcp_bind.str1.4
                0x000000000000cb74       0x34 ./LWIP/src/core/ipv4/dhcp.o
 .rodata.dhcp_create_msg.str1.4
                0x000000000000cba8       0x80 ./LWIP/src/core/ipv4/dhcp.o
 .rodata.dhcp_dec_pcb_refcount.str1.4
                0x000000000000cc28       0x24 ./LWIP/src/core/ipv4/dhcp.o
 .rodata.dhcp_inc_pcb_refcount.str1.4
                0x000000000000cc4c       0x25 ./LWIP/src/core/ipv4/dhcp.o
 *fill*         0x000000000000cc71        0x3 
 .rodata.dhcp_network_changed.str1.4
                0x000000000000cc74       0x14 ./LWIP/src/core/ipv4/dhcp.o
 .rodata.dhcp_option.str1.4
                0x000000000000cc88       0x42 ./LWIP/src/core/ipv4/dhcp.o
 *fill*         0x000000000000ccca        0x2 
 .rodata.dhcp_option_byte.part.2.str1.4
                0x000000000000cccc       0x35 ./LWIP/src/core/ipv4/dhcp.o
 *fill*         0x000000000000cd01        0x3 
 .rodata.dhcp_option_long.str1.4
                0x000000000000cd04       0x3a ./LWIP/src/core/ipv4/dhcp.o
 *fill*         0x000000000000cd3e        0x2 
 .rodata.dhcp_option_short.str1.4
                0x000000000000cd40       0x3b ./LWIP/src/core/ipv4/dhcp.o
                                         0x53 (size before relaxing)
 *fill*         0x000000000000cd7b        0x1 
 .rodata.dhcp_recv.str1.4
                0x000000000000cd7c       0x11 ./LWIP/src/core/ipv4/dhcp.o
 *fill*         0x000000000000cd8d        0x3 
 .rodata.dhcp_select.str1.4
                0x000000000000cd90       0x36 ./LWIP/src/core/ipv4/dhcp.o
 *fill*         0x000000000000cdc6        0x2 
 .rodata.dhcp_set_struct.str1.4
                0x000000000000cdc8       0x34 ./LWIP/src/core/ipv4/dhcp.o
                                         0x44 (size before relaxing)
 .rodata.dhcp_start.str1.4
                0x000000000000cdfc       0x21 ./LWIP/src/core/ipv4/dhcp.o
 *fill*         0x000000000000ce1d        0x3 
 .rodata.etharp_find_entry.str1.4
                0x000000000000ce20       0x41 ./LWIP/src/core/ipv4/etharp.o
 *fill*         0x000000000000ce61        0x3 
 .rodata.etharp_free_entry.str1.4
                0x000000000000ce64        0xd ./LWIP/src/core/ipv4/etharp.o
                                         0x27 (size before relaxing)
 *fill*         0x000000000000ce71        0x3 
 .rodata.etharp_get_entry.str1.4
                0x000000000000ce74       0x20 ./LWIP/src/core/ipv4/etharp.o
 .rodata.etharp_input.str1.4
                0x000000000000ce94       0x24 ./LWIP/src/core/ipv4/etharp.o
 .rodata.etharp_output.str1.4
                0x000000000000ceb8        0xa ./LWIP/src/core/ipv4/etharp.o
 *fill*         0x000000000000cec2        0x2 
 .rodata.etharp_output_to_arp_index.str1.4
                0x000000000000cec4       0x30 ./LWIP/src/core/ipv4/etharp.o
 .rodata.etharp_query.str1.4
                0x000000000000cef4       0x2a ./LWIP/src/core/ipv4/etharp.o
 *fill*         0x000000000000cf1e        0x2 
 .rodata.etharp_raw.str1.4
                0x000000000000cf20       0x75 ./LWIP/src/core/ipv4/etharp.o
                                         0x85 (size before relaxing)
 *fill*         0x000000000000cf95        0x3 
 .rodata.icmp_dest_unreach.str1.4
                0x000000000000cf98       0x2c ./LWIP/src/core/ipv4/icmp.o
 .rodata.icmp_input.str1.4
                0x000000000000cfc4       0x6a ./LWIP/src/core/ipv4/icmp.o
                                         0x82 (size before relaxing)
 *fill*         0x000000000000d02e        0x2 
 .rodata.ip4_output_if_src.str1.4
                0x000000000000d030       0x39 ./LWIP/src/core/ipv4/ip4.o
                                         0x51 (size before relaxing)
 *fill*         0x000000000000d069        0x3 
 .rodata.mem_free.str1.4
                0x000000000000d06c       0xce ./LWIP/src/core/mem.o
 *fill*         0x000000000000d13a        0x2 
 .rodata.mem_init.str1.4
                0x000000000000d13c       0x1b ./LWIP/src/core/mem.o
                                         0x33 (size before relaxing)
 *fill*         0x000000000000d157        0x1 
 .rodata.mem_malloc.str1.4
                0x000000000000d158       0x7b ./LWIP/src/core/mem.o
 *fill*         0x000000000000d1d3        0x1 
 .rodata.mem_trim.str1.4
                0x000000000000d1d4       0x49 ./LWIP/src/core/mem.o
 *fill*         0x000000000000d21d        0x3 
 .rodata.do_memp_malloc_pool.isra.0.str1.4
                0x000000000000d220       0x23 ./LWIP/src/core/memp.o
                                         0x3b (size before relaxing)
 *fill*         0x000000000000d243        0x1 
 .rodata.memp_ARP_QUEUE
                0x000000000000d244       0x10 ./LWIP/src/core/memp.o
                0x000000000000d244                memp_ARP_QUEUE
 .rodata.memp_NETBUF
                0x000000000000d254       0x10 ./LWIP/src/core/memp.o
                0x000000000000d254                memp_NETBUF
 .rodata.memp_NETCONN
                0x000000000000d264       0x10 ./LWIP/src/core/memp.o
                0x000000000000d264                memp_NETCONN
 .rodata.memp_PBUF
                0x000000000000d274       0x10 ./LWIP/src/core/memp.o
                0x000000000000d274                memp_PBUF
 .rodata.memp_PBUF_POOL
                0x000000000000d284       0x10 ./LWIP/src/core/memp.o
                0x000000000000d284                memp_PBUF_POOL
 .rodata.memp_SYS_TIMEOUT
                0x000000000000d294       0x10 ./LWIP/src/core/memp.o
                0x000000000000d294                memp_SYS_TIMEOUT
 .rodata.memp_TCPIP_MSG_API
                0x000000000000d2a4       0x10 ./LWIP/src/core/memp.o
                0x000000000000d2a4                memp_TCPIP_MSG_API
 .rodata.memp_TCPIP_MSG_INPKT
                0x000000000000d2b4       0x10 ./LWIP/src/core/memp.o
                0x000000000000d2b4                memp_TCPIP_MSG_INPKT
 .rodata.memp_TCP_PCB
                0x000000000000d2c4       0x10 ./LWIP/src/core/memp.o
                0x000000000000d2c4                memp_TCP_PCB
 .rodata.memp_TCP_PCB_LISTEN
                0x000000000000d2d4       0x10 ./LWIP/src/core/memp.o
                0x000000000000d2d4                memp_TCP_PCB_LISTEN
 .rodata.memp_TCP_SEG
                0x000000000000d2e4       0x10 ./LWIP/src/core/memp.o
                0x000000000000d2e4                memp_TCP_SEG
 .rodata.memp_UDP_PCB
                0x000000000000d2f4       0x10 ./LWIP/src/core/memp.o
                0x000000000000d2f4                memp_UDP_PCB
 .rodata.memp_free.str1.4
                0x000000000000d304       0x1b ./LWIP/src/core/memp.o
 *fill*         0x000000000000d31f        0x1 
 .rodata.memp_free_pool.str1.4
                0x000000000000d320       0x20 ./LWIP/src/core/memp.o
 .rodata.memp_malloc.str1.4
                0x000000000000d340       0x1d ./LWIP/src/core/memp.o
 *fill*         0x000000000000d35d        0x3 
 .rodata.memp_pools
                0x000000000000d360       0x30 ./LWIP/src/core/memp.o
                0x000000000000d360                memp_pools
 .rodata.str1.4
                0x000000000000d390       0x8c ./LWIP/src/core/memp.o
 .rodata.netif_add.str1.4
                0x000000000000d41c       0x82 ./LWIP/src/core/netif.o
 *fill*         0x000000000000d49e        0x2 
 .rodata.netif_do_set_ipaddr.str1.4
                0x000000000000d4a0       0x10 ./LWIP/src/core/netif.o
 .rodata.netif_issue_reports.str1.4
                0x000000000000d4b0       0x23 ./LWIP/src/core/netif.o
                                         0x3b (size before relaxing)
 *fill*         0x000000000000d4d3        0x1 
 .rodata.netif_set_link_down.str1.4
                0x000000000000d4d4       0x23 ./LWIP/src/core/netif.o
 *fill*         0x000000000000d4f7        0x1 
 .rodata.netif_set_link_up.str1.4
                0x000000000000d4f8       0x21 ./LWIP/src/core/netif.o
 *fill*         0x000000000000d519        0x3 
 .rodata.netif_set_up.str1.4
                0x000000000000d51c       0x1c ./LWIP/src/core/netif.o
 .rodata.pbuf_add_header_impl.str1.4
                0x000000000000d538       0x1c ./LWIP/src/core/pbuf.o
                                         0x23 (size before relaxing)
 .rodata.pbuf_alloc.str1.4
                0x000000000000d538       0x4f ./LWIP/src/core/pbuf.o
 *fill*         0x000000000000d587        0x1 
 .rodata.pbuf_alloc_reference.str1.4
                0x000000000000d588       0x12 ./LWIP/src/core/pbuf.o
 *fill*         0x000000000000d59a        0x2 
 .rodata.pbuf_cat.str1.4
                0x000000000000d59c       0x65 ./LWIP/src/core/pbuf.o
 *fill*         0x000000000000d601        0x3 
 .rodata.pbuf_clone.str1.4
                0x000000000000d604       0x11 ./LWIP/src/core/pbuf.o
 *fill*         0x000000000000d615        0x3 
 .rodata.pbuf_copy.str1.4
                0x000000000000d618       0x1a ./LWIP/src/core/pbuf.o
 *fill*         0x000000000000d632        0x2 
 .rodata.pbuf_copy_partial.str1.4
                0x000000000000d634       0x43 ./LWIP/src/core/pbuf.o
 *fill*         0x000000000000d677        0x1 
 .rodata.pbuf_copy_partial_pbuf.str1.4
                0x000000000000d678       0xef ./LWIP/src/core/pbuf.o
 *fill*         0x000000000000d767        0x1 
 .rodata.pbuf_free.str1.4
                0x000000000000d768       0x2a ./LWIP/src/core/pbuf.o
 *fill*         0x000000000000d792        0x2 
 .rodata.pbuf_realloc.str1.4
                0x000000000000d794       0x4c ./LWIP/src/core/pbuf.o
 .rodata.pbuf_ref.str1.4
                0x000000000000d7e0       0x12 ./LWIP/src/core/pbuf.o
 *fill*         0x000000000000d7f2        0x2 
 .rodata.pbuf_remove_header.str1.4
                0x000000000000d7f4       0x1e ./LWIP/src/core/pbuf.o
 *fill*         0x000000000000d812        0x2 
 .rodata.pbuf_take.str1.4
                0x000000000000d814       0x82 ./LWIP/src/core/pbuf.o
 *fill*         0x000000000000d896        0x2 
 .rodata.tcp_abandon.str1.4
                0x000000000000d898       0x4d ./LWIP/src/core/tcp.o
 *fill*         0x000000000000d8e5        0x3 
 .rodata.tcp_backoff
                0x000000000000d8e8        0xd ./LWIP/src/core/tcp.o
 *fill*         0x000000000000d8f5        0x3 
 .rodata.tcp_close.str1.4
                0x000000000000d8f8       0x17 ./LWIP/src/core/tcp.o
 *fill*         0x000000000000d90f        0x1 
 .rodata.tcp_close_shutdown.str1.4
                0x000000000000d910       0x55 ./LWIP/src/core/tcp.o
 *fill*         0x000000000000d965        0x3 
 .rodata.tcp_close_shutdown_fin.str1.4
                0x000000000000d968        0xc ./LWIP/src/core/tcp.o
                                         0x23 (size before relaxing)
 .rodata.tcp_eff_send_mss_netif.str1.4
                0x000000000000d974       0x27 ./LWIP/src/core/tcp.o
 *fill*         0x000000000000d99b        0x1 
 .rodata.tcp_free.str1.4
                0x000000000000d99c       0x11 ./LWIP/src/core/tcp.o
 *fill*         0x000000000000d9ad        0x3 
 .rodata.tcp_netif_ip_addr_changed_pcblist.str1.4
                0x000000000000d9b0       0x34 ./LWIP/src/core/tcp.o
 .rodata.tcp_next_iss.str1.4
                0x000000000000d9e4       0x1a ./LWIP/src/core/tcp.o
 *fill*         0x000000000000d9fe        0x2 
 .rodata.tcp_pcb_lists
                0x000000000000da00       0x10 ./LWIP/src/core/tcp.o
                0x000000000000da00                tcp_pcb_lists
 .rodata.tcp_pcb_purge.str1.4
                0x000000000000da10       0x1b ./LWIP/src/core/tcp.o
 *fill*         0x000000000000da2b        0x1 
 .rodata.tcp_pcb_remove.str1.4
                0x000000000000da2c       0x87 ./LWIP/src/core/tcp.o
 *fill*         0x000000000000dab3        0x1 
 .rodata.tcp_process_refused_data.str1.4
                0x000000000000dab4       0x26 ./LWIP/src/core/tcp.o
 *fill*         0x000000000000dada        0x2 
 .rodata.tcp_recv_null.str1.4
                0x000000000000dadc       0x1b ./LWIP/src/core/tcp.o
 *fill*         0x000000000000daf7        0x1 
 .rodata.tcp_recved.str1.4
                0x000000000000daf8       0x3e ./LWIP/src/core/tcp.o
 *fill*         0x000000000000db36        0x2 
 .rodata.tcp_seg_copy.str1.4
                0x000000000000db38       0x1a ./LWIP/src/core/tcp.o
 *fill*         0x000000000000db52        0x2 
 .rodata.tcp_slowtmr.str1.4
                0x000000000000db54      0x1ca ./LWIP/src/core/tcp.o
 *fill*         0x000000000000dd1e        0x2 
 .rodata.tcp_update_rcv_ann_wnd.str1.4
                0x000000000000dd20       0x3e ./LWIP/src/core/tcp.o
 *fill*         0x000000000000dd5e        0x2 
 .rodata.tcp_input
                0x000000000000dd60       0x20 ./LWIP/src/core/tcp_in.o
 .rodata.tcp_free_acked_segments.isra.2.str1.4
                0x000000000000dd80       0x48 ./LWIP/src/core/tcp_in.o
 .rodata.tcp_input.str1.4
                0x000000000000ddc8      0x1de ./LWIP/src/core/tcp_in.o
 *fill*         0x000000000000dfa6        0x2 
 .rodata.tcp_input_delayed_close.str1.4
                0x000000000000dfa8       0x25 ./LWIP/src/core/tcp_in.o
 *fill*         0x000000000000dfcd        0x3 
 .rodata.tcp_oos_insert_segment.str1.4
                0x000000000000dfd0       0x25 ./LWIP/src/core/tcp_in.o
                                         0x3f (size before relaxing)
 *fill*         0x000000000000dff5        0x3 
 .rodata.tcp_parseopt.str1.4
                0x000000000000dff8       0x1a ./LWIP/src/core/tcp_in.o
 *fill*         0x000000000000e012        0x2 
 .rodata.tcp_receive.str1.4
                0x000000000000e014      0x121 ./LWIP/src/core/tcp_in.o
 *fill*         0x000000000000e135        0x3 
 .rodata.tcp_create_segment.str1.4
                0x000000000000e138       0x59 ./LWIP/src/core/tcp_out.o
 *fill*         0x000000000000e191        0x3 
 .rodata.tcp_enqueue_flags.str1.4
                0x000000000000e194      0x120 ./LWIP/src/core/tcp_out.o
 .rodata.tcp_keepalive.str1.4
                0x000000000000e2b4       0x1b ./LWIP/src/core/tcp_out.o
 *fill*         0x000000000000e2cf        0x1 
 .rodata.tcp_output.str1.4
                0x000000000000e2d0       0x6b ./LWIP/src/core/tcp_out.o
 *fill*         0x000000000000e33b        0x1 
 .rodata.tcp_output_alloc_header.constprop.11.str1.4
                0x000000000000e33c       0x25 ./LWIP/src/core/tcp_out.o
 *fill*         0x000000000000e361        0x3 
 .rodata.tcp_output_alloc_header_common.constprop.12.str1.4
                0x000000000000e364       0x2e ./LWIP/src/core/tcp_out.o
 *fill*         0x000000000000e392        0x2 
 .rodata.tcp_output_control_segment.str1.4
                0x000000000000e394       0x29 ./LWIP/src/core/tcp_out.o
 *fill*         0x000000000000e3bd        0x3 
 .rodata.tcp_output_fill_options.isra.1.constprop.13.str1.4
                0x000000000000e3c0       0x26 ./LWIP/src/core/tcp_out.o
 *fill*         0x000000000000e3e6        0x2 
 .rodata.tcp_output_segment_busy.str1.4
                0x000000000000e3e8       0x25 ./LWIP/src/core/tcp_out.o
                                         0x3f (size before relaxing)
 *fill*         0x000000000000e40d        0x3 
 .rodata.tcp_rexmit.str1.4
                0x000000000000e410       0x18 ./LWIP/src/core/tcp_out.o
 .rodata.tcp_rexmit_fast.str1.4
                0x000000000000e428       0x1d ./LWIP/src/core/tcp_out.o
 *fill*         0x000000000000e445        0x3 
 .rodata.tcp_rexmit_rto.str1.4
                0x000000000000e448       0x1c ./LWIP/src/core/tcp_out.o
 .rodata.tcp_rexmit_rto_commit.str1.4
                0x000000000000e464       0x23 ./LWIP/src/core/tcp_out.o
 *fill*         0x000000000000e487        0x1 
 .rodata.tcp_rexmit_rto_prepare.str1.4
                0x000000000000e488       0x24 ./LWIP/src/core/tcp_out.o
 .rodata.tcp_rst.str1.4
                0x000000000000e4ac       0x37 ./LWIP/src/core/tcp_out.o
 *fill*         0x000000000000e4e3        0x1 
 .rodata.tcp_send_empty_ack.str1.4
                0x000000000000e4e4       0x20 ./LWIP/src/core/tcp_out.o
 .rodata.tcp_send_fin.str1.4
                0x000000000000e504       0x1a ./LWIP/src/core/tcp_out.o
 *fill*         0x000000000000e51e        0x2 
 .rodata.tcp_split_unsent_seg.str1.4
                0x000000000000e520       0x66 ./LWIP/src/core/tcp_out.o
 *fill*         0x000000000000e586        0x2 
 .rodata.tcp_zero_window_probe.str1.4
                0x000000000000e588       0x23 ./LWIP/src/core/tcp_out.o
 *fill*         0x000000000000e5ab        0x1 
 .rodata.lwip_cyclic_timers
                0x000000000000e5ac       0x20 ./LWIP/src/core/timeouts.o
                0x000000000000e5ac                lwip_cyclic_timers
 .rodata.sys_timeout.str1.4
                0x000000000000e5cc       0x36 ./LWIP/src/core/timeouts.o
 *fill*         0x000000000000e602        0x2 
 .rodata.sys_timeout_abs.str1.4
                0x000000000000e604       0x3d ./LWIP/src/core/timeouts.o
                                         0x57 (size before relaxing)
 *fill*         0x000000000000e641        0x3 