Archive member included to satisfy reference by file (symbol)

d:/mounriver_studio_setup_v240/mounriver_studio2/resources/app/resources/win32/components/wch/toolchain/risc-v embedded gcc/bin/../lib/gcc/riscv-none-embed/8.2.0/rv32imacxw/ilp32\libgcc.a(save-restore.o)
                              ./LWIP/src/core/ipv4/dhcp.o (__riscv_save_12)
d:/mounriver_studio_setup_v240/mounriver_studio2/resources/app/resources/win32/components/wch/toolchain/risc-v embedded gcc/bin/../lib/gcc/riscv-none-embed/8.2.0/../../../../riscv-none-embed/lib/rv32imacxw/ilp32\libg_nano.a(lib_a-atoi.o)
                              ./LWIP/src/core/netif.o (atoi)
d:/mounriver_studio_setup_v240/mounriver_studio2/resources/app/resources/win32/components/wch/toolchain/risc-v embedded gcc/bin/../lib/gcc/riscv-none-embed/8.2.0/../../../../riscv-none-embed/lib/rv32imacxw/ilp32\libg_nano.a(lib_a-locale.o)
                              ./LWIP/src/core/ipv4/ip4_addr.o (__locale_ctype_ptr)
d:/mounriver_studio_setup_v240/mounriver_studio2/resources/app/resources/win32/components/wch/toolchain/risc-v embedded gcc/bin/../lib/gcc/riscv-none-embed/8.2.0/../../../../riscv-none-embed/lib/rv32imacxw/ilp32\libg_nano.a(lib_a-mbtowc_r.o)
                              d:/mounriver_studio_setup_v240/mounriver_studio2/resources/app/resources/win32/components/wch/toolchain/risc-v embedded gcc/bin/../lib/gcc/riscv-none-embed/8.2.0/../../../../riscv-none-embed/lib/rv32imacxw/ilp32\libg_nano.a(lib_a-locale.o) (__ascii_mbtowc)
d:/mounriver_studio_setup_v240/mounriver_studio2/resources/app/resources/win32/components/wch/toolchain/risc-v embedded gcc/bin/../lib/gcc/riscv-none-embed/8.2.0/../../../../riscv-none-embed/lib/rv32imacxw/ilp32\libg_nano.a(lib_a-memcmp.o)
                              ./LWIP/src/netif/ethernet.o (memcmp)
d:/mounriver_studio_setup_v240/mounriver_studio2/resources/app/resources/win32/components/wch/toolchain/risc-v embedded gcc/bin/../lib/gcc/riscv-none-embed/8.2.0/../../../../riscv-none-embed/lib/rv32imacxw/ilp32\libg_nano.a(lib_a-memcpy.o)
                              ./LWIP_PORT/ethernetif.o (memcpy)
d:/mounriver_studio_setup_v240/mounriver_studio2/resources/app/resources/win32/components/wch/toolchain/risc-v embedded gcc/bin/../lib/gcc/riscv-none-embed/8.2.0/../../../../riscv-none-embed/lib/rv32imacxw/ilp32\libg_nano.a(lib_a-memmove.o)
                              ./LWIP/src/core/def.o (memmove)
d:/mounriver_studio_setup_v240/mounriver_studio2/resources/app/resources/win32/components/wch/toolchain/risc-v embedded gcc/bin/../lib/gcc/riscv-none-embed/8.2.0/../../../../riscv-none-embed/lib/rv32imacxw/ilp32\libg_nano.a(lib_a-memset.o)
                              ./LWIP_PORT/netconf.o (memset)
d:/mounriver_studio_setup_v240/mounriver_studio2/resources/app/resources/win32/components/wch/toolchain/risc-v embedded gcc/bin/../lib/gcc/riscv-none-embed/8.2.0/../../../../riscv-none-embed/lib/rv32imacxw/ilp32\libg_nano.a(lib_a-printf.o)
                              ./User/main.o (printf)
d:/mounriver_studio_setup_v240/mounriver_studio2/resources/app/resources/win32/components/wch/toolchain/risc-v embedded gcc/bin/../lib/gcc/riscv-none-embed/8.2.0/../../../../riscv-none-embed/lib/rv32imacxw/ilp32\libg_nano.a(lib_a-puts.o)
                              ./User/ch32v30x_it.o (puts)
d:/mounriver_studio_setup_v240/mounriver_studio2/resources/app/resources/win32/components/wch/toolchain/risc-v embedded gcc/bin/../lib/gcc/riscv-none-embed/8.2.0/../../../../riscv-none-embed/lib/rv32imacxw/ilp32\libg_nano.a(lib_a-rand.o)
                              ./LWIP/src/core/ipv4/dhcp.o (rand)
d:/mounriver_studio_setup_v240/mounriver_studio2/resources/app/resources/win32/components/wch/toolchain/risc-v embedded gcc/bin/../lib/gcc/riscv-none-embed/8.2.0/../../../../riscv-none-embed/lib/rv32imacxw/ilp32\libg_nano.a(lib_a-strcmp.o)
                              d:/mounriver_studio_setup_v240/mounriver_studio2/resources/app/resources/win32/components/wch/toolchain/risc-v embedded gcc/bin/../lib/gcc/riscv-none-embed/8.2.0/../../../../riscv-none-embed/lib/rv32imacxw/ilp32\libg_nano.a(lib_a-locale.o) (strcmp)
d:/mounriver_studio_setup_v240/mounriver_studio2/resources/app/resources/win32/components/wch/toolchain/risc-v embedded gcc/bin/../lib/gcc/riscv-none-embed/8.2.0/../../../../riscv-none-embed/lib/rv32imacxw/ilp32\libg_nano.a(lib_a-strlen.o)
                              ./LWIP/src/core/def.o (strlen)
d:/mounriver_studio_setup_v240/mounriver_studio2/resources/app/resources/win32/components/wch/toolchain/risc-v embedded gcc/bin/../lib/gcc/riscv-none-embed/8.2.0/../../../../riscv-none-embed/lib/rv32imacxw/ilp32\libg_nano.a(lib_a-strncmp.o)
                              ./LWIP/src/core/def.o (strncmp)
d:/mounriver_studio_setup_v240/mounriver_studio2/resources/app/resources/win32/components/wch/toolchain/risc-v embedded gcc/bin/../lib/gcc/riscv-none-embed/8.2.0/../../../../riscv-none-embed/lib/rv32imacxw/ilp32\libg_nano.a(lib_a-strtol.o)
[...]
Memory Configuration

Name             Origin             Length             Attributes
FLASH            0x0000000000000000 0x0000000000040000 xr
RAM              0x0000000020000000 0x0000000000010000 xrw
*default*        0x0000000000000000 0xffffffffffffffff

Linker script and memory map

LOAD ./User/ch32v30x_it.o
LOAD ./User/main.o
LOAD ./User/system_ch32v30x.o
LOAD ./Startup/startup_ch32v30x_D8C.o
LOAD ./Peripheral/src/ch32v30x_adc.o
LOAD ./Peripheral/src/ch32v30x_bkp.o
LOAD ./Peripheral/src/ch32v30x_can.o
LOAD ./Peripheral/src/ch32v30x_crc.o
LOAD ./Peripheral/src/ch32v30x_dac.o
LOAD ./Peripheral/src/ch32v30x_dbgmcu.o
LOAD ./Peripheral/src/ch32v30x_dma.o
LOAD ./Peripheral/src/ch32v30x_dvp.o
LOAD ./Peripheral/src/ch32v30x_eth.o
LOAD ./Peripheral/src/ch32v30x_exti.o
LOAD ./Peripheral/src/ch32v30x_flash.o
LOAD ./Peripheral/src/ch32v30x_fsmc.o
LOAD ./Peripheral/src/ch32v30x_gpio.o
LOAD ./Peripheral/src/ch32v30x_i2c.o
LOAD ./Peripheral/src/ch32v30x_iwdg.o
LOAD ./Peripheral/src/ch32v30x_misc.o
LOAD ./Peripheral/src/ch32v30x_opa.o
LOAD ./Peripheral/src/ch32v30x_pwr.o
LOAD ./Peripheral/src/ch32v30x_rcc.o
LOAD ./Peripheral/src/ch32v30x_rng.o
LOAD ./Peripheral/src/ch32v30x_rtc.o
LOAD ./Peripheral/src/ch32v30x_sdio.o
LOAD ./Peripheral/src/ch32v30x_spi.o
LOAD ./Peripheral/src/ch32v30x_tim.o
LOAD ./Peripheral/src/ch32v30x_usart.o
LOAD ./Peripheral/src/ch32v30x_wwdg.o
LOAD ./LWIP_PORT/arch/sys_arch.o
LOAD ./LWIP_PORT/ethernetif.o
LOAD ./LWIP_PORT/netconf.o
LOAD ./LWIP/src/netif/ethernet.o
LOAD ./LWIP/src/core/ipv4/autoip.o
LOAD ./LWIP/src/core/ipv4/dhcp.o
LOAD ./LWIP/src/core/ipv4/etharp.o
LOAD ./LWIP/src/core/ipv4/icmp.o
LOAD ./LWIP/src/core/ipv4/igmp.o
LOAD ./LWIP/src/core/ipv4/ip4.o
LOAD ./LWIP/src/core/ipv4/ip4_addr.o
LOAD ./LWIP/src/core/ipv4/ip4_frag.o
LOAD ./LWIP/src/core/altcp.o
LOAD ./LWIP/src/core/altcp_alloc.o
LOAD ./LWIP/src/core/altcp_tcp.o
LOAD ./LWIP/src/core/def.o
LOAD ./LWIP/src/core/dns.o
LOAD ./LWIP/src/core/inet_chksum.o
LOAD ./LWIP/src/core/init.o
LOAD ./LWIP/src/core/ip.o
LOAD ./LWIP/src/core/mem.o
LOAD ./LWIP/src/core/memp.o
LOAD ./LWIP/src/core/netif.o
LOAD ./LWIP/src/core/pbuf.o
LOAD ./LWIP/src/core/raw.o
LOAD ./LWIP/src/core/stats.o
LOAD ./LWIP/src/core/sys.o
LOAD ./LWIP/src/core/tcp.o
LOAD ./LWIP/src/core/tcp_in.o
LOAD ./LWIP/src/core/tcp_out.o
LOAD ./LWIP/src/core/timeouts.o
LOAD ./LWIP/src/core/udp.o
LOAD ./LWIP/src/api/api_lib.o
LOAD ./LWIP/src/api/api_msg.o
LOAD ./LWIP/src/api/err.o
LOAD ./LWIP/src/api/if_api.o
LOAD ./LWIP/src/api/netbuf.o
LOAD ./LWIP/src/api/netdb.o
LOAD ./LWIP/src/api/netifapi.o
LOAD ./LWIP/src/api/sockets.o
LOAD ./LWIP/src/api/tcpip.o
LOAD ./FreeRTOS/portable/MemMang/heap_4.o
LOAD ./FreeRTOS/portable/GCC/RISC-V/port.o
LOAD ./FreeRTOS/portable/GCC/RISC-V/portASM.o
LOAD ./FreeRTOS/croutine.o
LOAD ./FreeRTOS/event_groups.o
LOAD ./FreeRTOS/list.o
LOAD ./FreeRTOS/queue.o
LOAD ./FreeRTOS/stream_buffer.o
LOAD ./FreeRTOS/tasks.o
LOAD ./FreeRTOS/timers.o
LOAD ./ETH_Driver/eth_driver_10M.o
LOAD ./Debug/debug.o
LOAD ./Core/core_riscv.o
LOAD d:/mounriver_studio_setup_v240/mounriver_studio2/resources/app/resources/win32/components/wch/toolchain/risc-v embedded gcc/bin/../lib/gcc/riscv-none-embed/8.2.0/../../../../riscv-none-embed/lib/rv32imacxw/ilp32\libm.a
LOAD d:/mounriver_studio_setup_v240/mounriver_studio2/resources/app/resources/win32/components/wch/toolchain/risc-v embedded gcc/bin/../lib/gcc/riscv-none-embed/8.2.0/rv32imacxw/ilp32\libgcc.a
LOAD d:/mounriver_studio_setup_v240/mounriver_studio2/resources/app/resources/win32/components/wch/toolchain/risc-v embedded gcc/bin/../lib/gcc/riscv-none-embed/8.2.0/../../../../riscv-none-embed/lib/rv32imacxw/ilp32\libg_nano.a
LOAD d:/mounriver_studio_setup_v240/mounriver_studio2/resources/app/resources/win32/components/wch/toolchain/risc-v embedded gcc/bin/../lib/gcc/riscv-none-embed/8.2.0/../../../../riscv-none-embed/lib/rv32imacxw/ilp32\libc_nano.a
LOAD d:/mounriver_studio_setup_v240/mounriver_studio2/resources/app/resources/win32/components/wch/toolchain/risc-v embedded gcc/bin/../lib/gcc/riscv-none-embed/8.2.0/rv32imacxw/ilp32\libgcc.a
START GROUP
LOAD d:/mounriver_studio_setup_v240/mounriver_studio2/resources/app/resources/win32/components/wch/toolchain/risc-v embedded gcc/bin/../lib/gcc/riscv-none-embed/8.2.0/rv32imacxw/ilp32\libgcc.a
LOAD d:/mounriver_studio_setup_v240/mounriver_studio2/resources/app/resources/win32/components/wch/toolchain/risc-v embedded gcc/bin/../lib/gcc/riscv-none-embed/8.2.0/../../../../riscv-none-embed/lib/rv32imacxw/ilp32\libc_nano.a
LOAD d:/mounriver_studio_setup_v240/mounriver_studio2/resources/app/resources/win32/components/wch/toolchain/risc-v embedded gcc/bin/../lib/gcc/riscv-none-embed/8.2.0/../../../../riscv-none-embed/lib/rv32imacxw/ilp32\libnosys.a
END GROUP
START GROUP
LOAD d:/mounriver_studio_setup_v240/mounriver_studio2/resources/app/resources/win32/components/wch/toolchain/risc-v embedded gcc/bin/../lib/gcc/riscv-none-embed/8.2.0/rv32imacxw/ilp32\libgcc.a
LOAD d:/mounriver_studio_setup_v240/mounriver_studio2/resources/app/resources/win32/components/wch/toolchain/risc-v embedded gcc/bin/../lib/gcc/riscv-none-embed/8.2.0/../../../../riscv-none-embed/lib/rv32imacxw/ilp32\libc_nano.a
LOAD d:/mounriver_studio_setup_v240/mounriver_studio2/resources/app/resources/win32/components/wch/toolchain/risc-v embedded gcc/bin/../lib/gcc/riscv-none-embed/8.2.0/../../../../riscv-none-embed/lib/rv32imacxw/ilp32\libnosys.a
END GROUP
                0x0000000000000800                __stack_size = 0x800
                [!provide]                        PROVIDE (_stack_size = __stack_size)

.init           0x0000000000000000        0x4
                0x0000000000000000                _sinit = .
                0x0000000000000000                . = ALIGN (0x4)
 *(SORT_NONE(.init))
 .init          0x0000000000000000        0x4 ./Startup/startup_ch32v30x_D8C.o
                0x0000000000000000                _start
                0x0000000000000004                . = ALIGN (0x4)
                0x0000000000000004                _einit = .

.vector         0x0000000000000004      0x1bc
 *(.vector)
 .vector        0x0000000000000004      0x1a0 ./Startup/startup_ch32v30x_D8C.o
                0x00000000000001c0                . = ALIGN (0x40)
 *fill*         0x00000000000001a4       0x1c 

.text           0x0000000000000200     0xe83c
                0x0000000000000200                . = ALIGN (0x4)
 *(.text)
 .text          0x0000000000000200      0x2de ./FreeRTOS/portable/GCC/RISC-V/portASM.o
                0x0000000000000200                SW_Handler
                0x0000000000000300                xPortStartFirstTask
                0x0000000000000400                pxPortInitialiseStack
 .text          0x00000000000004de       0x60 d:/mounriver_studio_setup_v240/mounriver_studio2/resources/app/resources/win32/components/wch/toolchain/risc-v embedded gcc/bin/../lib/gcc/riscv-none-embed/8.2.0/rv32imacxw/ilp32\libgcc.a(save-restore.o)
                0x00000000000004de                __riscv_save_12
                0x00000000000004e6                __riscv_save_9
                0x00000000000004e6                __riscv_save_11
                0x00000000000004e6                __riscv_save_10
                0x00000000000004e6                __riscv_save_8
                0x00000000000004f4                __riscv_save_4
                0x00000000000004f4                __riscv_save_6
                0x00000000000004f4                __riscv_save_5
                0x00000000000004f4                __riscv_save_7
                0x000000000000050e                __riscv_save_3
                0x000000000000050e                __riscv_save_2
                0x000000000000050e                __riscv_save_1
                0x000000000000050e                __riscv_save_0
                0x000000000000051a                __riscv_restore_12
                0x000000000000051e                __riscv_restore_11
                0x000000000000051e                __riscv_restore_9
                0x000000000000051e                __riscv_restore_10
                0x000000000000051e                __riscv_restore_8
                0x0000000000000528                __riscv_restore_5
                0x0000000000000528                __riscv_restore_7
                0x0000000000000528                __riscv_restore_6
                0x0000000000000528                __riscv_restore_4
                0x0000000000000532                __riscv_restore_3
                0x0000000000000532                __riscv_restore_0
                0x0000000000000532                __riscv_restore_2
                0x0000000000000532                __riscv_restore_1
 .text          0x000000000000053e       0xa8 d:/mounriver_studio_setup_v240/mounriver_studio2/resources/app/resources/win32/components/wch/toolchain/risc-v embedded gcc/bin/../lib/gcc/riscv-none-embed/8.2.0/../../../../riscv-none-embed/lib/rv32imacxw/ilp32\libg_nano.a(lib_a-memset.o)
                0x000000000000053e                memset
 *(.text.*)
 .text.NMI_Handler
                0x00000000000005e6        0x2 ./User/ch32v30x_it.o
                0x00000000000005e6                NMI_Handler
 .text.HardFault_Handler
                0x00000000000005e8       0x1c ./User/ch32v30x_it.o
                0x00000000000005e8                HardFault_Handler
 .text.netconf_task
                0x0000000000000604       0x10 ./User/main.o
 .text.vApplicationStackOverflowHook
                0x0000000000000614       0x12 ./User/main.o
                0x0000000000000614                vApplicationStackOverflowHook
 .text.startup.main
                0x0000000000000626       0x84 ./User/main.o
                0x0000000000000626                main
 .text.SystemInit
                0x00000000000006aa       0xf8 ./User/system_ch32v30x.o
                0x00000000000006aa                SystemInit
 .text.SystemCoreClockUpdate
                0x00000000000007a2      0x12e ./User/system_ch32v30x.o
                0x00000000000007a2                SystemCoreClockUpdate
 .text.vector_handler
                0x00000000000008d0        0x2 ./Startup/startup_ch32v30x_D8C.o
                0x00000000000008d0                EXTI2_IRQHandler
                0x00000000000008d0                TIM8_TRG_COM_IRQHandler
                0x00000000000008d0                TIM8_CC_IRQHandler
                0x00000000000008d0                UART8_IRQHandler
                0x00000000000008d0                TIM1_CC_IRQHandler
                0x00000000000008d0                TIM6_IRQHandler
                0x00000000000008d0                PVD_IRQHandler
                0x00000000000008d0                SDIO_IRQHandler
                0x00000000000008d0                TIM9_BRK_IRQHandler
                0x00000000000008d0                DMA2_Channel8_IRQHandler
                0x00000000000008d0                CAN2_RX1_IRQHandler
                0x00000000000008d0                EXTI3_IRQHandler
                0x00000000000008d0                USBHS_IRQHandler
                0x00000000000008d0                DMA2_Channel9_IRQHandler
                0x00000000000008d0                TIM10_CC_IRQHandler
                0x00000000000008d0                USBFS_IRQHandler
                0x00000000000008d0                EXTI0_IRQHandler
                0x00000000000008d0                I2C2_EV_IRQHandler
                0x00000000000008d0                TIM10_TRG_COM_IRQHandler
                0x00000000000008d0                CAN2_SCE_IRQHandler
                0x00000000000008d0                ADC1_2_IRQHandler
                0x00000000000008d0                Break_Point_Handler
                0x00000000000008d0                SPI1_IRQHandler
                0x00000000000008d0                TAMPER_IRQHandler
                0x00000000000008d0                CAN2_RX0_IRQHandler
                0x00000000000008d0                TIM8_UP_IRQHandler
                0x00000000000008d0                Ecall_M_Mode_Handler
                0x00000000000008d0                DMA2_Channel2_IRQHandler
                0x00000000000008d0                DMA1_Channel4_IRQHandler
                0x00000000000008d0                TIM9_UP_IRQHandler
                0x00000000000008d0                USART3_IRQHandler
                0x00000000000008d0                RTC_IRQHandler
                0x00000000000008d0                DMA1_Channel7_IRQHandler
                0x00000000000008d0                CAN1_RX1_IRQHandler
                0x00000000000008d0                DVP_IRQHandler
                0x00000000000008d0                UART5_IRQHandler
                0x00000000000008d0                TIM4_IRQHandler
                0x00000000000008d0                DMA2_Channel1_IRQHandler
                0x00000000000008d0                I2C1_EV_IRQHandler
                0x00000000000008d0                DMA1_Channel6_IRQHandler
                0x00000000000008d0                UART4_IRQHandler
                0x00000000000008d0                DMA2_Channel4_IRQHandler
                0x00000000000008d0                TIM3_IRQHandler
                0x00000000000008d0                RCC_IRQHandler
                0x00000000000008d0                TIM1_TRG_COM_IRQHandler
                0x00000000000008d0                DMA1_Channel1_IRQHandler
                0x00000000000008d0                DMA2_Channel7_IRQHandler
                0x00000000000008d0                EXTI15_10_IRQHandler
                0x00000000000008d0                TIM7_IRQHandler
                0x00000000000008d0                CAN2_TX_IRQHandler
                0x00000000000008d0                TIM5_IRQHandler
                0x00000000000008d0                EXTI9_5_IRQHandler
                0x00000000000008d0                ETH_WKUP_IRQHandler
                0x00000000000008d0                SPI2_IRQHandler
                0x00000000000008d0                TIM10_BRK_IRQHandler
                0x00000000000008d0                TIM9_CC_IRQHandler
                0x00000000000008d0                DMA2_Channel5_IRQHandler
                0x00000000000008d0                DMA1_Channel5_IRQHandler
                0x00000000000008d0                EXTI4_IRQHandler
                0x00000000000008d0                USB_LP_CAN1_RX0_IRQHandler
                0x00000000000008d0                RNG_IRQHandler
                0x00000000000008d0                USB_HP_CAN1_TX_IRQHandler
                0x00000000000008d0                DMA1_Channel3_IRQHandler
                0x00000000000008d0                TIM1_UP_IRQHandler
                0x00000000000008d0                WWDG_IRQHandler
                0x00000000000008d0                USBHSWakeup_IRQHandler
                0x00000000000008d0                DMA2_Channel11_IRQHandler
                0x00000000000008d0                Ecall_U_Mode_Handler
                0x00000000000008d0                DMA2_Channel6_IRQHandler
                0x00000000000008d0                TIM2_IRQHandler
                0x00000000000008d0                TIM1_BRK_IRQHandler
                0x00000000000008d0                DMA2_Channel10_IRQHandler
                0x00000000000008d0                EXTI1_IRQHandler
                0x00000000000008d0                RTCAlarm_IRQHandler
                0x00000000000008d0                TIM10_UP_IRQHandler
                0x00000000000008d0                TIM9_TRG_COM_IRQHandler
                0x00000000000008d0                UART7_IRQHandler
                0x00000000000008d0                USART2_IRQHandler
                0x00000000000008d0                UART6_IRQHandler
                0x00000000000008d0                I2C2_ER_IRQHandler
                0x00000000000008d0                DMA1_Channel2_IRQHandler
                0x00000000000008d0                TIM8_BRK_IRQHandler
                0x00000000000008d0                CAN1_SCE_IRQHandler
                0x00000000000008d0                FLASH_IRQHandler
                0x00000000000008d0                USART1_IRQHandler
                0x00000000000008d0                SPI3_IRQHandler
                0x00000000000008d0                I2C1_ER_IRQHandler
                0x00000000000008d0                USBWakeUp_IRQHandler
                0x00000000000008d0                DMA2_Channel3_IRQHandler
 .text.handle_reset
                0x00000000000008d2       0x92 ./Startup/startup_ch32v30x_D8C.o
                0x00000000000008d2                handle_reset
 .text.DBGMCU_GetCHIPID
                0x0000000000000964        0xa ./Peripheral/src/ch32v30x_dbgmcu.o
                0x0000000000000964                DBGMCU_GetCHIPID
 .text.ETH_DeInit
                0x000000000000096e       0x12 ./Peripheral/src/ch32v30x_eth.o
                0x000000000000096e                ETH_DeInit
 .text.ETH_ReadPHYRegister
                0x0000000000000980       0x58 ./Peripheral/src/ch32v30x_eth.o
                0x0000000000000980                ETH_ReadPHYRegister
 .text.ETH_WritePHYRegister
                0x00000000000009d8       0x52 ./Peripheral/src/ch32v30x_eth.o
                0x00000000000009d8                ETH_WritePHYRegister
 .text.ETH_DMATxDescChainInit
                0x0000000000000a2a       0x46 ./Peripheral/src/ch32v30x_eth.o
                0x0000000000000a2a                ETH_DMATxDescChainInit
 .text.ETH_DMARxDescChainInit
                0x0000000000000a70       0x50 ./Peripheral/src/ch32v30x_eth.o
                0x0000000000000a70                ETH_DMARxDescChainInit
 .text.ETH_SoftwareReset
                0x0000000000000ac0        0xe ./Peripheral/src/ch32v30x_eth.o
                0x0000000000000ac0                ETH_SoftwareReset
 .text.ETH_DMAClearITPendingBit
                0x0000000000000ace        0x8 ./Peripheral/src/ch32v30x_eth.o
                0x0000000000000ace                ETH_DMAClearITPendingBit
 .text.ETH_FlushTransmitFIFO
                0x0000000000000ad6       0x10 ./Peripheral/src/ch32v30x_eth.o
                0x0000000000000ad6                ETH_FlushTransmitFIFO
 .text.ETH_Start
                0x0000000000000ae6       0x30 ./Peripheral/src/ch32v30x_eth.o
                0x0000000000000ae6                ETH_Start
 .text.ETH_DMAITConfig
                0x0000000000000b16       0x1e ./Peripheral/src/ch32v30x_eth.o
                0x0000000000000b16                ETH_DMAITConfig
 .text.GPIO_Init
                0x0000000000000b34       0xc0 ./Peripheral/src/ch32v30x_gpio.o
                0x0000000000000b34                GPIO_Init
 .text.NVIC_PriorityGroupConfig
                0x0000000000000bf4        0xa ./Peripheral/src/ch32v30x_misc.o
                0x0000000000000bf4                NVIC_PriorityGroupConfig
 .text.RCC_GetClocksFreq
                0x0000000000000bfe      0x176 ./Peripheral/src/ch32v30x_rcc.o
                0x0000000000000bfe                RCC_GetClocksFreq
 .text.RCC_AHBPeriphClockCmd
                0x0000000000000d74       0x1e ./Peripheral/src/ch32v30x_rcc.o
                0x0000000000000d74                RCC_AHBPeriphClockCmd
 .text.RCC_APB2PeriphClockCmd
                0x0000000000000d92       0x1e ./Peripheral/src/ch32v30x_rcc.o
                0x0000000000000d92                RCC_APB2PeriphClockCmd
 .text.RCC_GetFlagStatus
                0x0000000000000db0       0x2e ./Peripheral/src/ch32v30x_rcc.o
                0x0000000000000db0                RCC_GetFlagStatus
 .text.RCC_PREDIV2Config
                0x0000000000000dde       0x10 ./Peripheral/src/ch32v30x_rcc.o
                0x0000000000000dde                RCC_PREDIV2Config
 .text.RCC_PLL3Config
                0x0000000000000dee       0x12 ./Peripheral/src/ch32v30x_rcc.o
                0x0000000000000dee                RCC_PLL3Config
 .text.RCC_PLL3Cmd
                0x0000000000000e00       0x24 ./Peripheral/src/ch32v30x_rcc.o
                0x0000000000000e00                RCC_PLL3Cmd
 .text.RCC_AHBPeriphResetCmd
                0x0000000000000e24       0x1e ./Peripheral/src/ch32v30x_rcc.o
                0x0000000000000e24                RCC_AHBPeriphResetCmd
 .text.USART_Init
                0x0000000000000e42       0x9c ./Peripheral/src/ch32v30x_usart.o
                0x0000000000000e42                USART_Init
 .text.USART_Cmd
                0x0000000000000ede       0x16 ./Peripheral/src/ch32v30x_usart.o
                0x0000000000000ede                USART_Cmd
 .text.USART_SendData
                0x0000000000000ef4        0x8 ./Peripheral/src/ch32v30x_usart.o
                0x0000000000000ef4                USART_SendData
 .text.USART_GetFlagStatus
                0x0000000000000efc        0xa ./Peripheral/src/ch32v30x_usart.o
                0x0000000000000efc                USART_GetFlagStatus
 .text.sys_init
                0x0000000000000f06        0x2 ./LWIP_PORT/arch/sys_arch.o
                0x0000000000000f06                sys_init
 .text.sys_now  0x0000000000000f08        0xe ./LWIP_PORT/arch/sys_arch.o
                0x0000000000000f08                sys_now
 .text.sys_arch_protect
                0x0000000000000f16        0xe ./LWIP_PORT/arch/sys_arch.o
                0x0000000000000f16                sys_arch_protect
 .text.sys_arch_unprotect
                0x0000000000000f24        0xc ./LWIP_PORT/arch/sys_arch.o
                0x0000000000000f24                sys_arch_unprotect
 .text.sys_mutex_new
                0x0000000000000f30       0x32 ./LWIP_PORT/arch/sys_arch.o
                0x0000000000000f30                sys_mutex_new
 .text.sys_mutex_lock
                0x0000000000000f62       0x5c ./LWIP_PORT/arch/sys_arch.o
                0x0000000000000f62                sys_mutex_lock
 .text.sys_mutex_unlock
                0x0000000000000fbe       0x5a ./LWIP_PORT/arch/sys_arch.o
                0x0000000000000fbe                sys_mutex_unlock
 .text.sys_mbox_new
                0x0000000000001018       0x50 ./LWIP_PORT/arch/sys_arch.o
                0x0000000000001018                sys_mbox_new
 .text.sys_mbox_trypost
                0x0000000000001068       0x6e ./LWIP_PORT/arch/sys_arch.o
                0x0000000000001068                sys_mbox_trypost
 .text.sys_arch_mbox_fetch
                0x00000000000010d6       0x9a ./LWIP_PORT/arch/sys_arch.o
                0x00000000000010d6                sys_arch_mbox_fetch
 .text.sys_thread_new
                0x0000000000001170       0x5c ./LWIP_PORT/arch/sys_arch.o
                0x0000000000001170                sys_thread_new
 .text.low_level_output
                0x00000000000011cc       0x46 ./LWIP_PORT/ethernetif.o
 .text.ethernetif_input
                0x0000000000001212       0x48 ./LWIP_PORT/ethernetif.o
                0x0000000000001212                ethernetif_input
 .text.ethernetif_init
                0x000000000000125a       0x4a ./LWIP_PORT/ethernetif.o
                0x000000000000125a                ethernetif_init
 .text.lwip_netif_thread
                0x00000000000012a4       0xe6 ./LWIP_PORT/netconf.o
 .text.localtime_timer_cb
                0x000000000000138a        0xe ./LWIP_PORT/netconf.o
 .text.LwIP_Init
                0x0000000000001398      0x168 ./LWIP_PORT/netconf.o
                0x0000000000001398                LwIP_Init
 .text.ethernet_input
                0x0000000000001500       0xb0 ./LWIP/src/netif/ethernet.o
                0x0000000000001500                ethernet_input
 .text.ethernet_output
                0x00000000000015b0       0x72 ./LWIP/src/netif/ethernet.o
                0x00000000000015b0                ethernet_output
 .text.dhcp_set_state
                0x0000000000001622       0x12 ./LWIP/src/core/ipv4/dhcp.o
 .text.dhcp_option_trailer
                0x0000000000001634       0x3e ./LWIP/src/core/ipv4/dhcp.o
 .text.dhcp_check
                0x0000000000001672       0x30 ./LWIP/src/core/ipv4/dhcp.o
 .text.dhcp_bind
                0x00000000000016a2      0x11c ./LWIP/src/core/ipv4/dhcp.o
 .text.dhcp_option_short
                0x00000000000017be       0x44 ./LWIP/src/core/ipv4/dhcp.o
 .text.dhcp_option
                0x0000000000001802       0x42 ./LWIP/src/core/ipv4/dhcp.o
 .text.dhcp_option_byte.part.2
                0x0000000000001844       0x1a ./LWIP/src/core/ipv4/dhcp.o
 .text.dhcp_option_long
                0x000000000000185e       0x64 ./LWIP/src/core/ipv4/dhcp.o
 .text.dhcp_handle_ack.isra.4
                0x00000000000018c2       0x8a ./LWIP/src/core/ipv4/dhcp.o
 .text.dhcp_dec_pcb_refcount
                0x000000000000194c       0x46 ./LWIP/src/core/ipv4/dhcp.o
 .text.dhcp_inc_pcb_refcount
                0x0000000000001992       0x7e ./LWIP/src/core/ipv4/dhcp.o
 .text.dhcp_create_msg
                0x0000000000001a10      0x148 ./LWIP/src/core/ipv4/dhcp.o
 .text.dhcp_select
                0x0000000000001b58      0x152 ./LWIP/src/core/ipv4/dhcp.o
 .text.dhcp_reboot
                0x0000000000001caa      0x112 ./LWIP/src/core/ipv4/dhcp.o
 .text.dhcp_discover
                0x0000000000001dbc       0xf6 ./LWIP/src/core/ipv4/dhcp.o
 .text.dhcp_recv
                0x0000000000001eb2      0x3e8 ./LWIP/src/core/ipv4/dhcp.o
 .text.dhcp_network_changed
                0x000000000000229a       0x52 ./LWIP/src/core/ipv4/dhcp.o
                0x000000000000229a                dhcp_network_changed
 .text.dhcp_arp_reply
                0x00000000000022ec       0xb4 ./LWIP/src/core/ipv4/dhcp.o
                0x00000000000022ec                dhcp_arp_reply
 .text.dhcp_renew
                0x00000000000023a0       0xf0 ./LWIP/src/core/ipv4/dhcp.o
                0x00000000000023a0                dhcp_renew
 .text.dhcp_supplied_address
                0x0000000000002490       0x24 ./LWIP/src/core/ipv4/dhcp.o
                0x0000000000002490                dhcp_supplied_address
 .text.dhcp_release_and_stop
                0x00000000000024b4       0xd6 ./LWIP/src/core/ipv4/dhcp.o
                0x00000000000024b4                dhcp_release_and_stop
 .text.dhcp_start
                0x000000000000258a       0x9a ./LWIP/src/core/ipv4/dhcp.o
                0x000000000000258a                dhcp_start
 .text.dhcp_coarse_tmr
                0x0000000000002624      0x182 ./LWIP/src/core/ipv4/dhcp.o
                0x0000000000002624                dhcp_coarse_tmr
 .text.dhcp_fine_tmr
                0x00000000000027a6       0x90 ./LWIP/src/core/ipv4/dhcp.o
                0x00000000000027a6                dhcp_fine_tmr
 .text.etharp_free_entry
                0x0000000000002836       0x84 ./LWIP/src/core/ipv4/etharp.o
 .text.etharp_find_entry
                0x00000000000028ba      0x11e ./LWIP/src/core/ipv4/etharp.o
 .text.etharp_raw
                0x00000000000029d8       0xf8 ./LWIP/src/core/ipv4/etharp.o
 .text.etharp_input
                0x0000000000002ad0      0x170 ./LWIP/src/core/ipv4/etharp.o
                0x0000000000002ad0                etharp_input
 .text.etharp_request
                0x0000000000002c40       0x22 ./LWIP/src/core/ipv4/etharp.o
                0x0000000000002c40                etharp_request
 .text.etharp_tmr
                0x0000000000002c62       0x64 ./LWIP/src/core/ipv4/etharp.o
                0x0000000000002c62                etharp_tmr
 .text.etharp_output_to_arp_index
                0x0000000000002cc6       0x94 ./LWIP/src/core/ipv4/etharp.o
 .text.etharp_query
                0x0000000000002d5a      0x198 ./LWIP/src/core/ipv4/etharp.o
                0x0000000000002d5a                etharp_query
 .text.etharp_output
                0x0000000000002ef2      0x13c ./LWIP/src/core/ipv4/etharp.o
                0x0000000000002ef2                etharp_output
 .text.icmp_input
                0x000000000000302e      0x1e6 ./LWIP/src/core/ipv4/icmp.o
                0x000000000000302e                icmp_input
 .text.icmp_dest_unreach
                0x0000000000003214       0xd6 ./LWIP/src/core/ipv4/icmp.o
                0x0000000000003214                icmp_dest_unreach
 .text.ip4_input_accept
                0x00000000000032ea       0x30 ./LWIP/src/core/ipv4/ip4.o
 .text.ip4_route
                0x000000000000331a       0x62 ./LWIP/src/core/ipv4/ip4.o
                0x000000000000331a                ip4_route
 .text.ip4_input
                0x000000000000337c      0x1ec ./LWIP/src/core/ipv4/ip4.o
                0x000000000000337c                ip4_input
 .text.ip4_output_if_src
                0x0000000000003568      0x134 ./LWIP/src/core/ipv4/ip4.o
                0x0000000000003568                ip4_output_if_src
 .text.ip4_output_if
                0x000000000000369c       0x1c ./LWIP/src/core/ipv4/ip4.o
                0x000000000000369c                ip4_output_if
 .text.ip4_addr_isbroadcast_u32
                0x00000000000036b8       0x38 ./LWIP/src/core/ipv4/ip4_addr.o
                0x00000000000036b8                ip4_addr_isbroadcast_u32
 .text.ip4addr_ntoa_r
                0x00000000000036f0       0x9a ./LWIP/src/core/ipv4/ip4_addr.o
                0x00000000000036f0                ip4addr_ntoa_r
 .text.ip4addr_ntoa
                0x000000000000378a       0x12 ./LWIP/src/core/ipv4/ip4_addr.o
                0x000000000000378a                ip4addr_ntoa
 .text.lwip_htons
                0x000000000000379c        0xe ./LWIP/src/core/def.o
                0x000000000000379c                lwip_htons
 .text.lwip_htonl
                0x00000000000037aa       0x24 ./LWIP/src/core/def.o
                0x00000000000037aa                lwip_htonl
 .text.lwip_standard_chksum
                0x00000000000037ce       0x64 ./LWIP/src/core/inet_chksum.o
                0x00000000000037ce                lwip_standard_chksum
 .text.inet_chksum_pseudo
                0x0000000000003832       0xba ./LWIP/src/core/inet_chksum.o
                0x0000000000003832                inet_chksum_pseudo
 .text.ip_chksum_pseudo
                0x00000000000038ec        0xc ./LWIP/src/core/inet_chksum.o
                0x00000000000038ec                ip_chksum_pseudo
 .text.inet_chksum
                0x00000000000038f8       0x14 ./LWIP/src/core/inet_chksum.o
                0x00000000000038f8                inet_chksum
 .text.inet_chksum_pbuf
                0x000000000000390c       0x64 ./LWIP/src/core/inet_chksum.o
                0x000000000000390c                inet_chksum_pbuf
 .text.lwip_init
                0x0000000000003970       0x1e ./LWIP/src/core/init.o
                0x0000000000003970                lwip_init
 .text.mem_init
                0x000000000000398e       0x70 ./LWIP/src/core/mem.o
                0x000000000000398e                mem_init
 .text.mem_free
                0x00000000000039fe      0x192 ./LWIP/src/core/mem.o
                0x00000000000039fe                mem_free
 .text.mem_trim
                0x0000000000003b90      0x188 ./LWIP/src/core/mem.o
                0x0000000000003b90                mem_trim
 .text.mem_malloc
                0x0000000000003d18      0x16a ./LWIP/src/core/mem.o
                0x0000000000003d18                mem_malloc
 .text.do_memp_malloc_pool.isra.0
                0x0000000000003e82       0x3a ./LWIP/src/core/memp.o
 .text.memp_init_pool
                0x0000000000003ebc       0x24 ./LWIP/src/core/memp.o
                0x0000000000003ebc                memp_init_pool
 .text.memp_init
                0x0000000000003ee0       0x1e ./LWIP/src/core/memp.o
                0x0000000000003ee0                memp_init
 .text.memp_malloc
                0x0000000000003efe       0x32 ./LWIP/src/core/memp.o
                0x0000000000003efe                memp_malloc
 .text.memp_free
                0x0000000000003f30       0x60 ./LWIP/src/core/memp.o
                0x0000000000003f30                memp_free
 .text.netif_null_output_ip4
                0x0000000000003f90        0x4 ./LWIP/src/core/netif.o
 .text.netif_issue_reports
                0x0000000000003f94       0x42 ./LWIP/src/core/netif.o
 .text.netif_do_set_ipaddr
                0x0000000000003fd6       0x58 ./LWIP/src/core/netif.o
 .text.netif_init
                0x000000000000402e        0x2 ./LWIP/src/core/netif.o
                0x000000000000402e                netif_init
 .text.netif_set_addr
                0x0000000000004030       0x60 ./LWIP/src/core/netif.o
                0x0000000000004030                netif_set_addr
 .text.netif_add
                0x0000000000004090      0x124 ./LWIP/src/core/netif.o
                0x0000000000004090                netif_add
 .text.netif_set_default
                0x00000000000041b4        0xa ./LWIP/src/core/netif.o
                0x00000000000041b4                netif_set_default
 .text.netif_set_up
                0x00000000000041be       0x30 ./LWIP/src/core/netif.o
                0x00000000000041be                netif_set_up
 .text.netif_set_link_up
                0x00000000000041ee       0x38 ./LWIP/src/core/netif.o
                0x00000000000041ee                netif_set_link_up
 .text.netif_set_link_down
                0x0000000000004226       0x2a ./LWIP/src/core/netif.o
                0x0000000000004226                netif_set_link_down
 .text.netif_get_by_index
                0x0000000000004250       0x24 ./LWIP/src/core/netif.o
                0x0000000000004250                netif_get_by_index
 .text.pbuf_free_ooseq_callback
                0x0000000000004274       0x2e ./LWIP/src/core/pbuf.o
 .text.pbuf_add_header_impl
                0x00000000000042a2       0x70 ./LWIP/src/core/pbuf.o
 .text.pbuf_alloc_reference
                0x0000000000004312       0x50 ./LWIP/src/core/pbuf.o
                0x0000000000004312                pbuf_alloc_reference
 .text.pbuf_add_header
                0x0000000000004362        0xe ./LWIP/src/core/pbuf.o
                0x0000000000004362                pbuf_add_header
 .text.pbuf_remove_header
                0x0000000000004370       0x5c ./LWIP/src/core/pbuf.o
                0x0000000000004370                pbuf_remove_header
 .text.pbuf_header_force
                0x00000000000043cc       0x1c ./LWIP/src/core/pbuf.o
                0x00000000000043cc                pbuf_header_force
 .text.pbuf_free
                0x00000000000043e8       0xa2 ./LWIP/src/core/pbuf.o
                0x00000000000043e8                pbuf_free
 .text.pbuf_alloc
                0x000000000000448a      0x172 ./LWIP/src/core/pbuf.o
                0x000000000000448a                pbuf_alloc
 .text.pbuf_realloc
                0x00000000000045fc       0x9e ./LWIP/src/core/pbuf.o
                0x00000000000045fc                pbuf_realloc
 .text.pbuf_clen
                0x000000000000469a       0x12 ./LWIP/src/core/pbuf.o
                0x000000000000469a                pbuf_clen
 .text.pbuf_ref
                0x00000000000046ac       0x36 ./LWIP/src/core/pbuf.o
                0x00000000000046ac                pbuf_ref
 .text.pbuf_cat
                0x00000000000046e2       0x4c ./LWIP/src/core/pbuf.o
                0x00000000000046e2                pbuf_cat
 .text.pbuf_chain
                0x000000000000472e       0x14 ./LWIP/src/core/pbuf.o
                0x000000000000472e                pbuf_chain
 .text.pbuf_copy_partial_pbuf
                0x0000000000004742      0x128 ./LWIP/src/core/pbuf.o
                0x0000000000004742                pbuf_copy_partial_pbuf
 .text.pbuf_copy
                0x000000000000486a       0x22 ./LWIP/src/core/pbuf.o
                0x000000000000486a                pbuf_copy
 .text.pbuf_copy_partial
                0x000000000000488c       0x84 ./LWIP/src/core/pbuf.o
                0x000000000000488c                pbuf_copy_partial
 .text.pbuf_take
                0x0000000000004910       0x98 ./LWIP/src/core/pbuf.o
                0x0000000000004910                pbuf_take
 .text.pbuf_clone
                0x00000000000049a8       0x36 ./LWIP/src/core/pbuf.o
                0x00000000000049a8                pbuf_clone
 .text.tcp_close_shutdown_fin
                0x00000000000049de       0x6a ./LWIP/src/core/tcp.o
 .text.tcp_init
                0x0000000000004a48       0x18 ./LWIP/src/core/tcp.o
                0x0000000000004a48                tcp_init
 .text.tcp_free
                0x0000000000004a60       0x2e ./LWIP/src/core/tcp.o
                0x0000000000004a60                tcp_free
 .text.tcp_update_rcv_ann_wnd
                0x0000000000004a8e       0x7c ./LWIP/src/core/tcp.o
                0x0000000000004a8e                tcp_update_rcv_ann_wnd
 .text.tcp_recved
                0x0000000000004b0a       0x6e ./LWIP/src/core/tcp.o
                0x0000000000004b0a                tcp_recved
 .text.tcp_seg_free
                0x0000000000004b78       0x24 ./LWIP/src/core/tcp.o
                0x0000000000004b78                tcp_seg_free
 .text.tcp_segs_free
                0x0000000000004b9c       0x16 ./LWIP/src/core/tcp.o
                0x0000000000004b9c                tcp_segs_free
 .text.tcp_seg_copy
                0x0000000000004bb2       0x40 ./LWIP/src/core/tcp.o
                0x0000000000004bb2                tcp_seg_copy
 .text.tcp_next_iss
                0x0000000000004bf2       0x30 ./LWIP/src/core/tcp.o
                0x0000000000004bf2                tcp_next_iss
 .text.tcp_eff_send_mss_netif
                0x0000000000004c22       0x44 ./LWIP/src/core/tcp.o
                0x0000000000004c22                tcp_eff_send_mss_netif
 .text.tcp_free_ooseq
                0x0000000000004c66       0x1a ./LWIP/src/core/tcp.o
                0x0000000000004c66                tcp_free_ooseq
 .text.tcp_pcb_purge
                0x0000000000004c80       0x5a ./LWIP/src/core/tcp.o
                0x0000000000004c80                tcp_pcb_purge
 .text.tcp_pcb_remove
                0x0000000000004cda       0xdc ./LWIP/src/core/tcp.o
                0x0000000000004cda                tcp_pcb_remove
 .text.tcp_abandon
                0x0000000000004db6       0xf2 ./LWIP/src/core/tcp.o
                0x0000000000004db6                tcp_abandon
 .text.tcp_abort
                0x0000000000004ea8        0xe ./LWIP/src/core/tcp.o
                0x0000000000004ea8                tcp_abort
 .text.tcp_netif_ip_addr_changed_pcblist
                0x0000000000004eb6       0x36 ./LWIP/src/core/tcp.o
 .text.tcp_netif_ip_addr_changed
                0x0000000000004eec       0x4e ./LWIP/src/core/tcp.o
                0x0000000000004eec                tcp_netif_ip_addr_changed
 .text.tcp_kill_state
                0x0000000000004f3a       0x42 ./LWIP/src/core/tcp.o
 .text.tcp_alloc
                0x0000000000004f7c      0x160 ./LWIP/src/core/tcp.o
                0x0000000000004f7c                tcp_alloc
 .text.tcp_close_shutdown
                0x00000000000050dc      0x174 ./LWIP/src/core/tcp.o
 .text.tcp_close
                0x0000000000005250       0x30 ./LWIP/src/core/tcp.o
                0x0000000000005250                tcp_close
 .text.tcp_recv_null
                0x0000000000005280       0x42 ./LWIP/src/core/tcp.o
                0x0000000000005280                tcp_recv_null
 .text.tcp_process_refused_data
                0x00000000000052c2       0x80 ./LWIP/src/core/tcp.o
                0x00000000000052c2                tcp_process_refused_data
 .text.tcp_fasttmr
                0x0000000000005342       0x88 ./LWIP/src/core/tcp.o
                0x0000000000005342                tcp_fasttmr
 .text.tcp_slowtmr
                0x00000000000053ca      0x482 ./LWIP/src/core/tcp.o
                0x00000000000053ca                tcp_slowtmr
 .text.tcp_tmr  0x000000000000584c       0x26 ./LWIP/src/core/tcp.o
                0x000000000000584c                tcp_tmr
 .text.tcp_get_next_optbyte
                0x0000000000005872       0x30 ./LWIP/src/core/tcp_in.o
 .text.tcp_oos_insert_segment
                0x00000000000058a2       0xca ./LWIP/src/core/tcp_in.o
 .text.tcp_parseopt
                0x000000000000596c       0xa6 ./LWIP/src/core/tcp_in.o
 .text.tcp_input_delayed_close
                0x0000000000005a12       0x58 ./LWIP/src/core/tcp_in.o
 .text.tcp_free_acked_segments.isra.2
                0x0000000000005a6a       0xc0 ./LWIP/src/core/tcp_in.o
 .text.tcp_receive
                0x0000000000005b2a      0x9de ./LWIP/src/core/tcp_in.o
 .text.tcp_input
                0x0000000000006508      0xbce ./LWIP/src/core/tcp_in.o
                0x0000000000006508                tcp_input
 .text.tcp_trigger_input_pcb_close
                0x00000000000070d6       0x12 ./LWIP/src/core/tcp_in.o
                0x00000000000070d6                tcp_trigger_input_pcb_close
 .text.tcp_output_segment_busy
                0x00000000000070e8       0x28 ./LWIP/src/core/tcp_out.o
 .text.tcp_create_segment
                0x0000000000007110      0x12a ./LWIP/src/core/tcp_out.o
 .text.tcp_output_alloc_header_common.constprop.12
                0x000000000000723a       0xc0 ./LWIP/src/core/tcp_out.o
 .text.tcp_output_alloc_header.constprop.11
                0x00000000000072fa       0x3c ./LWIP/src/core/tcp_out.o
 .text.tcp_output_fill_options.isra.1.constprop.13
                0x0000000000007336       0x1e ./LWIP/src/core/tcp_out.o
 .text.tcp_output_control_segment
                0x0000000000007354       0x8e ./LWIP/src/core/tcp_out.o
 .text.tcp_split_unsent_seg
                0x00000000000073e2      0x1cc ./LWIP/src/core/tcp_out.o
                0x00000000000073e2                tcp_split_unsent_seg
 .text.tcp_enqueue_flags
                0x00000000000075ae      0x12e ./LWIP/src/core/tcp_out.o
                0x00000000000075ae                tcp_enqueue_flags
 .text.tcp_send_fin
                0x00000000000076dc       0x74 ./LWIP/src/core/tcp_out.o
                0x00000000000076dc                tcp_send_fin
 .text.tcp_rexmit_rto_prepare
                0x0000000000007750       0xae ./LWIP/src/core/tcp_out.o
                0x0000000000007750                tcp_rexmit_rto_prepare
 .text.tcp_rexmit
                0x00000000000077fe       0xb0 ./LWIP/src/core/tcp_out.o
                0x00000000000077fe                tcp_rexmit
 .text.tcp_rexmit_fast
                0x00000000000078ae       0x74 ./LWIP/src/core/tcp_out.o
                0x00000000000078ae                tcp_rexmit_fast
 .text.tcp_rst  0x0000000000007922       0x74 ./LWIP/src/core/tcp_out.o
                0x0000000000007922                tcp_rst
 .text.tcp_send_empty_ack
                0x0000000000007996       0x66 ./LWIP/src/core/tcp_out.o
                0x0000000000007996                tcp_send_empty_ack
 .text.tcp_output
                0x00000000000079fc      0x426 ./LWIP/src/core/tcp_out.o
                0x00000000000079fc                tcp_output
 .text.tcp_rexmit_rto_commit
                0x0000000000007e22       0x36 ./LWIP/src/core/tcp_out.o
                0x0000000000007e22                tcp_rexmit_rto_commit
 .text.tcp_rexmit_rto
                0x0000000000007e58       0x2e ./LWIP/src/core/tcp_out.o
                0x0000000000007e58                tcp_rexmit_rto
 .text.tcp_keepalive
                0x0000000000007e86       0x54 ./LWIP/src/core/tcp_out.o
                0x0000000000007e86                tcp_keepalive
 .text.tcp_zero_window_probe
                0x0000000000007eda      0x112 ./LWIP/src/core/tcp_out.o
                0x0000000000007eda                tcp_zero_window_probe
 .text.sys_timeout_abs
                0x0000000000007fec       0x6c ./LWIP/src/core/timeouts.o
 .text.lwip_cyclic_timer
                0x0000000000008058       0x38 ./LWIP/src/core/timeouts.o
 .text.tcpip_tcp_timer
                0x0000000000008090       0x3c ./LWIP/src/core/timeouts.o
 .text.tcp_timer_needed
                0x00000000000080cc       0x42 ./LWIP/src/core/timeouts.o
                0x00000000000080cc                tcp_timer_needed
 .text.sys_timeout
                0x000000000000810e       0x3e ./LWIP/src/core/timeouts.o
                0x000000000000810e                sys_timeout
 .text.sys_timeouts_init
                0x000000000000814c       0x44 ./LWIP/src/core/timeouts.o
                0x000000000000814c                sys_timeouts_init
 .text.sys_untimeout
                0x0000000000008190       0x42 ./LWIP/src/core/timeouts.o
                0x0000000000008190                sys_untimeout
 .text.sys_check_timeouts
                0x00000000000081d2       0x3a ./LWIP/src/core/timeouts.o
                0x00000000000081d2                sys_check_timeouts
 .text.sys_timeouts_sleeptime
                0x000000000000820c       0x24 ./LWIP/src/core/timeouts.o
                0x000000000000820c                sys_timeouts_sleeptime
 .text.udp_init
                0x0000000000008230       0x18 ./LWIP/src/core/udp.o
                0x0000000000008230                udp_init
 .text.udp_input
                0x0000000000008248      0x1be ./LWIP/src/core/udp.o
                0x0000000000008248                udp_input
 .text.udp_bind
                0x0000000000008406       0xb0 ./LWIP/src/core/udp.o
                0x0000000000008406                udp_bind
 .text.udp_sendto_if_src
                0x00000000000084b6      0x13e ./LWIP/src/core/udp.o
                0x00000000000084b6                udp_sendto_if_src
 .text.udp_sendto_if
                0x00000000000085f4       0x6c ./LWIP/src/core/udp.o
                0x00000000000085f4                udp_sendto_if
 .text.udp_connect
                0x0000000000008660       0x66 ./LWIP/src/core/udp.o
                0x0000000000008660                udp_connect
 .text.udp_recv
                0x00000000000086c6       0x1c ./LWIP/src/core/udp.o
                0x00000000000086c6                udp_recv
 .text.udp_remove
                0x00000000000086e2       0x40 ./LWIP/src/core/udp.o
                0x00000000000086e2                udp_remove
 .text.udp_new  0x0000000000008722       0x22 ./LWIP/src/core/udp.o
                0x0000000000008722                udp_new
 .text.udp_netif_ip_addr_changed
                0x0000000000008744       0x24 ./LWIP/src/core/udp.o
                0x0000000000008744                udp_netif_ip_addr_changed
 .text.netifapi_do_netif_add
                0x0000000000008768       0x24 ./LWIP/src/api/netifapi.o
 .text.netifapi_do_netif_common
                0x000000000000878c       0x1a ./LWIP/src/api/netifapi.o
 .text.netifapi_netif_add
                0x00000000000087a6       0x38 ./LWIP/src/api/netifapi.o
                0x00000000000087a6                netifapi_netif_add
 .text.netifapi_netif_common
                0x00000000000087de       0x1e ./LWIP/src/api/netifapi.o
                0x00000000000087de                netifapi_netif_common
 .text.tcpip_thread
                0x00000000000087fc       0xf8 ./LWIP/src/api/tcpip.o
 .text.tcpip_inpkt
                0x00000000000088f4       0x60 ./LWIP/src/api/tcpip.o
                0x00000000000088f4                tcpip_inpkt
 .text.tcpip_input
                0x0000000000008954       0x26 ./LWIP/src/api/tcpip.o
                0x0000000000008954                tcpip_input
 .text.tcpip_try_callback
                0x000000000000897a       0x5a ./LWIP/src/api/tcpip.o
                0x000000000000897a                tcpip_try_callback
 .text.tcpip_api_call
                0x00000000000089d4       0x2a ./LWIP/src/api/tcpip.o
                0x00000000000089d4                tcpip_api_call
 .text.tcpip_init
                0x00000000000089fe       0x7e ./LWIP/src/api/tcpip.o
                0x00000000000089fe                tcpip_init
 .text.prvInsertBlockIntoFreeList
                0x0000000000008a7c       0x44 ./FreeRTOS/portable/MemMang/heap_4.o
 .text.pvPortMalloc
                0x0000000000008ac0      0x164 ./FreeRTOS/portable/MemMang/heap_4.o
                0x0000000000008ac0                pvPortMalloc
 .text.vPortFree
                0x0000000000008c24       0x98 ./FreeRTOS/portable/MemMang/heap_4.o
                0x0000000000008c24                vPortFree
 .text.vPortSetupTimerInterrupt
                0x0000000000008cbc       0x3e ./FreeRTOS/portable/GCC/RISC-V/port.o
                0x0000000000008cbc                vPortSetupTimerInterrupt
 .text.xPortStartScheduler
                0x0000000000008cfa       0x8c ./FreeRTOS/portable/GCC/RISC-V/port.o
                0x0000000000008cfa                xPortStartScheduler
 .text.SysTick_Handler
                0x0000000000008d86       0x34 ./FreeRTOS/portable/GCC/RISC-V/port.o
                0x0000000000008d86                SysTick_Handler
 .text.vPortEnterCritical
                0x0000000000008dba       0x14 ./FreeRTOS/portable/GCC/RISC-V/port.o
                0x0000000000008dba                vPortEnterCritical
 .text.vPortExitCritical
                0x0000000000008dce       0x3e ./FreeRTOS/portable/GCC/RISC-V/port.o
                0x0000000000008dce                vPortExitCritical
 .text.xPortSetInterruptMask
                0x0000000000008e0c        0x8 ./FreeRTOS/portable/GCC/RISC-V/port.o
                0x0000000000008e0c                xPortSetInterruptMask
 .text.vPortClearInterruptMask
                0x0000000000008e14        0x6 ./FreeRTOS/portable/GCC/RISC-V/port.o
                0x0000000000008e14                vPortClearInterruptMask
 .text.vListInitialise
                0x0000000000008e1a       0x14 ./FreeRTOS/list.o
                0x0000000000008e1a                vListInitialise
 .text.vListInitialiseItem
                0x0000000000008e2e        0x6 ./FreeRTOS/list.o
                0x0000000000008e2e                vListInitialiseItem
 .text.vListInsertEnd
                0x0000000000008e34       0x18 ./FreeRTOS/list.o
                0x0000000000008e34                vListInsertEnd
 .text.vListInsert
                0x0000000000008e4c       0x2e ./FreeRTOS/list.o
                0x0000000000008e4c                vListInsert
 .text.uxListRemove
                0x0000000000008e7a       0x20 ./FreeRTOS/list.o
                0x0000000000008e7a                uxListRemove
 .text.prvIsQueueEmpty
                0x0000000000008e9a       0x1e ./FreeRTOS/queue.o
 .text.prvCopyDataToQueue
                0x0000000000008eb8       0x72 ./FreeRTOS/queue.o
 .text.prvCopyDataFromQueue
                0x0000000000008f2a       0x28 ./FreeRTOS/queue.o
 .text.prvUnlockQueue
                0x0000000000008f52       0x76 ./FreeRTOS/queue.o
 .text.xQueueGenericReset
                0x0000000000008fc8       0xc0 ./FreeRTOS/queue.o
                0x0000000000008fc8                xQueueGenericReset
 .text.xQueueGenericCreate
                0x0000000000009088       0x6c ./FreeRTOS/queue.o
                0x0000000000009088                xQueueGenericCreate
 .text.xQueueGenericSend
                0x00000000000090f4      0x1a0 ./FreeRTOS/queue.o
                0x00000000000090f4                xQueueGenericSend
 .text.xQueueCreateMutex
                0x0000000000009294       0x2e ./FreeRTOS/queue.o
                0x0000000000009294                xQueueCreateMutex
 .text.xQueueGiveMutexRecursive
                0x00000000000092c2       0x54 ./FreeRTOS/queue.o
                0x00000000000092c2                xQueueGiveMutexRecursive
 .text.xQueueGenericSendFromISR
                0x0000000000009316      0x120 ./FreeRTOS/queue.o
                0x0000000000009316                xQueueGenericSendFromISR
 .text.xQueueReceive
                0x0000000000009436      0x160 ./FreeRTOS/queue.o
                0x0000000000009436                xQueueReceive
 .text.xQueueSemaphoreTake
                0x0000000000009596      0x1b4 ./FreeRTOS/queue.o
                0x0000000000009596                xQueueSemaphoreTake
 .text.xQueueTakeMutexRecursive
                0x000000000000974a       0x58 ./FreeRTOS/queue.o
                0x000000000000974a                xQueueTakeMutexRecursive
 .text.vQueueAddToRegistry
                0x00000000000097a2       0x6a ./FreeRTOS/queue.o
                0x00000000000097a2                vQueueAddToRegistry
 .text.vQueueWaitForMessageRestricted
                0x000000000000980c       0x5c ./FreeRTOS/queue.o
                0x000000000000980c                vQueueWaitForMessageRestricted
 .text.prvResetNextTaskUnblockTime
                0x0000000000009868       0x1c ./FreeRTOS/tasks.o
 .text.prvAddCurrentTaskToDelayedList
                0x0000000000009884       0x92 ./FreeRTOS/tasks.o
 .text.prvIdleTask
                0x0000000000009916       0x4a ./FreeRTOS/tasks.o
 .text.xTaskCreate
                0x0000000000009960      0x1e2 ./FreeRTOS/tasks.o
                0x0000000000009960                xTaskCreate
 .text.vTaskDelete
                0x0000000000009b42       0xb8 ./FreeRTOS/tasks.o
                0x0000000000009b42                vTaskDelete
 .text.vTaskStartScheduler
                0x0000000000009bfa       0x7e ./FreeRTOS/tasks.o
                0x0000000000009bfa                vTaskStartScheduler
 .text.vTaskSuspendAll
                0x0000000000009c78        0xc ./FreeRTOS/tasks.o
                0x0000000000009c78                vTaskSuspendAll
 .text.xTaskGetTickCount
                0x0000000000009c84        0x6 ./FreeRTOS/tasks.o
                0x0000000000009c84                xTaskGetTickCount
 .text.xTaskIncrementTick
                0x0000000000009c8a      0x17e ./FreeRTOS/tasks.o
                0x0000000000009c8a                xTaskIncrementTick
 .text.xTaskResumeAll
                0x0000000000009e08      0x146 ./FreeRTOS/tasks.o
                0x0000000000009e08                xTaskResumeAll
 .text.vTaskDelay
                0x0000000000009f4e       0x60 ./FreeRTOS/tasks.o
                0x0000000000009f4e                vTaskDelay
 .text.vTaskSwitchContext
                0x0000000000009fae       0xa8 ./FreeRTOS/tasks.o
                0x0000000000009fae                vTaskSwitchContext
 .text.vTaskPlaceOnEventList
                0x000000000000a056       0x42 ./FreeRTOS/tasks.o
                0x000000000000a056                vTaskPlaceOnEventList
 .text.vTaskPlaceOnEventListRestricted
                0x000000000000a098       0x70 ./FreeRTOS/tasks.o
                0x000000000000a098                vTaskPlaceOnEventListRestricted
 .text.xTaskRemoveFromEventList
                0x000000000000a108       0xda ./FreeRTOS/tasks.o
                0x000000000000a108                xTaskRemoveFromEventList
 .text.vTaskInternalSetTimeOutState
                0x000000000000a1e2        0xe ./FreeRTOS/tasks.o
                0x000000000000a1e2                vTaskInternalSetTimeOutState
 .text.xTaskCheckForTimeOut
                0x000000000000a1f0       0xba ./FreeRTOS/tasks.o
                0x000000000000a1f0                xTaskCheckForTimeOut
 .text.vTaskMissedYield
                0x000000000000a2aa        0x8 ./FreeRTOS/tasks.o
                0x000000000000a2aa                vTaskMissedYield
 .text.xTaskGetCurrentTaskHandle
                0x000000000000a2b2        0x6 ./FreeRTOS/tasks.o
                0x000000000000a2b2                xTaskGetCurrentTaskHandle
 .text.xTaskGetSchedulerState
                0x000000000000a2b8       0x14 ./FreeRTOS/tasks.o
                0x000000000000a2b8                xTaskGetSchedulerState
 .text.xTaskPriorityInherit
                0x000000000000a2cc       0xa6 ./FreeRTOS/tasks.o
                0x000000000000a2cc                xTaskPriorityInherit
 .text.xTaskPriorityDisinherit
                0x000000000000a372       0xbe ./FreeRTOS/tasks.o
                0x000000000000a372                xTaskPriorityDisinherit
 .text.vTaskPriorityDisinheritAfterTimeout
                0x000000000000a430       0xda ./FreeRTOS/tasks.o
                0x000000000000a430                vTaskPriorityDisinheritAfterTimeout
 .text.pvTaskIncrementMutexHeldCount
                0x000000000000a50a       0x18 ./FreeRTOS/tasks.o
                0x000000000000a50a                pvTaskIncrementMutexHeldCount
 .text.prvCheckForValidListAndQueue
                0x000000000000a522       0x5a ./FreeRTOS/timers.o
 .text.prvInsertTimerInActiveList
                0x000000000000a57c       0x3e ./FreeRTOS/timers.o
 .text.prvReloadTimer
                0x000000000000a5ba       0x2a ./FreeRTOS/timers.o
 .text.prvProcessExpiredTimer
                0x000000000000a5e4       0x42 ./FreeRTOS/timers.o
 .text.prvSwitchTimerLists
                0x000000000000a626       0x28 ./FreeRTOS/timers.o
 .text.prvTimerTask
                0x000000000000a64e      0x186 ./FreeRTOS/timers.o
 .text.xTimerCreateTimerTask
                0x000000000000a7d4       0x56 ./FreeRTOS/timers.o
                0x000000000000a7d4                xTimerCreateTimerTask
 .text.xTimerCreate
                0x000000000000a82a       0x72 ./FreeRTOS/timers.o
                0x000000000000a82a                xTimerCreate
 .text.xTimerGenericCommand
                0x000000000000a89c       0x74 ./FreeRTOS/timers.o
                0x000000000000a89c                xTimerGenericCommand
 .text.WCHNET_TimeIsr
                0x000000000000a910        0xc ./ETH_Driver/eth_driver_10M.o
                0x000000000000a910                WCHNET_TimeIsr
 .text.WCHNET_PhyPNProcess
                0x000000000000a91c       0xb4 ./ETH_Driver/eth_driver_10M.o
                0x000000000000a91c                WCHNET_PhyPNProcess
 .text.WCHNET_LinkProcess
                0x000000000000a9d0      0x328 ./ETH_Driver/eth_driver_10M.o
                0x000000000000a9d0                WCHNET_LinkProcess
 .text.WCHNET_HandlePhyNegotiation
                0x000000000000acf8      0x18a ./ETH_Driver/eth_driver_10M.o
                0x000000000000acf8                WCHNET_HandlePhyNegotiation
 .text.ETH_SetClock
                0x000000000000ae82       0x2a ./ETH_Driver/eth_driver_10M.o
                0x000000000000ae82                ETH_SetClock
 .text.ETH_LinkUpCfg
                0x000000000000aeac       0x60 ./ETH_Driver/eth_driver_10M.o
                0x000000000000aeac                ETH_LinkUpCfg
 .text.ETH_PHYLink
                0x000000000000af0c      0x198 ./ETH_Driver/eth_driver_10M.o
                0x000000000000af0c                ETH_PHYLink
 .text.ETH_RegInit
                0x000000000000b0a4       0xa8 ./ETH_Driver/eth_driver_10M.o
                0x000000000000b0a4                ETH_RegInit
 .text.ETH_Configuration
                0x000000000000b14c       0xe6 ./ETH_Driver/eth_driver_10M.o
                0x000000000000b14c                ETH_Configuration
 .text.MACRAW_Tx
                0x000000000000b232       0x56 ./ETH_Driver/eth_driver_10M.o
                0x000000000000b232                MACRAW_Tx
 .text.ETH_RecPeek
                0x000000000000b288       0x50 ./ETH_Driver/eth_driver_10M.o
                0x000000000000b288                ETH_RecPeek
 .text.ETH_RecFree
                0x000000000000b2d8       0x1a ./ETH_Driver/eth_driver_10M.o
                0x000000000000b2d8                ETH_RecFree
 .text.ETH_GetTxBuf
                0x000000000000b2f2       0x14 ./ETH_Driver/eth_driver_10M.o
                0x000000000000b2f2                ETH_GetTxBuf
 .text.ETH_SendFrame
                0x000000000000b306       0x38 ./ETH_Driver/eth_driver_10M.o
                0x000000000000b306                ETH_SendFrame
 .text.ETH_EnableMacFilter
                0x000000000000b33e       0x14 ./ETH_Driver/eth_driver_10M.o
                0x000000000000b33e                ETH_EnableMacFilter
 .text.WCHNET_ETHIsr
                0x000000000000b352       0x66 ./ETH_Driver/eth_driver_10M.o
                0x000000000000b352                WCHNET_ETHIsr
 .text.ETH_Init
                0x000000000000b3b8       0x90 ./ETH_Driver/eth_driver_10M.o
                0x000000000000b3b8                ETH_Init
 .text.ETH_IRQHandler
                0x000000000000b448        0x8 ./ETH_Driver/eth_driver_10M.o
                0x000000000000b448                ETH_IRQHandler
 .text.USART_Printf_Init
                0x000000000000b450       0x5a ./Debug/debug.o
                0x000000000000b450                USART_Printf_Init
 .text._write   0x000000000000b4aa       0x3e ./Debug/debug.o
                0x000000000000b4aa                _write
 .text._sbrk    0x000000000000b4e8       0x2a ./Debug/debug.o
                0x000000000000b4e8                _sbrk
 .text.memcmp   0x000000000000b512       0x24 d:/mounriver_studio_setup_v240/mounriver_studio2/resources/app/resources/win32/components/wch/toolchain/risc-v embedded gcc/bin/../lib/gcc/riscv-none-embed/8.2.0/../../../../riscv-none-embed/lib/rv32imacxw/ilp32\libg_nano.a(lib_a-memcmp.o)
                0x000000000000b512                memcmp
 .text.memcpy   0x000000000000b536       0xb2 d:/mounriver_studio_setup_v240/mounriver_studio2/resources/app/resources/win32/components/wch/toolchain/risc-v embedded gcc/bin/../lib/gcc/riscv-none-embed/8.2.0/../../../../riscv-none-embed/lib/rv32imacxw/ilp32\libg_nano.a(lib_a-memcpy.o)
                0x000000000000b536                memcpy
 .text.printf   0x000000000000b5e8       0x40 d:/mounriver_studio_setup_v240/mounriver_studio2/resources/app/resources/win32/components/wch/toolchain/risc-v embedded gcc/bin/../lib/gcc/riscv-none-embed/8.2.0/../../../../riscv-none-embed/lib/rv32imacxw/ilp32\libg_nano.a(lib_a-printf.o)
                0x000000000000b5e8                iprintf
                0x000000000000b5e8                printf
 .text._puts_r  0x000000000000b628       0xd4 d:/mounriver_studio_setup_v240/mounriver_studio2/resources/app/resources/win32/components/wch/toolchain/risc-v embedded gcc/bin/../lib/gcc/riscv-none-embed/8.2.0/../../../../riscv-none-embed/lib/rv32imacxw/ilp32\libg_nano.a(lib_a-puts.o)
                0x000000000000b628                _puts_r
 .text.puts     0x000000000000b6fc        0xc d:/mounriver_studio_setup_v240/mounriver_studio2/resources/app/resources/win32/components/wch/toolchain/risc-v embedded gcc/bin/../lib/gcc/riscv-none-embed/8.2.0/../../../../riscv-none-embed/lib/rv32imacxw/ilp32\libg_nano.a(lib_a-puts.o)
                0x000000000000b6fc                puts
 .text.rand     0x000000000000b708       0x84 d:/mounriver_studio_setup_v240/mounriver_studio2/resources/app/resources/win32/components/wch/toolchain/risc-v embedded gcc/bin/../lib/gcc/riscv-none-embed/8.2.0/../../../../riscv-none-embed/lib/rv32imacxw/ilp32\libg_nano.a(lib_a-rand.o)
                0x000000000000b708                rand
 .text.__swbuf_r
                0x000000000000b78c       0xbc d:/mounriver_studio_setup_v240/mounriver_studio2/resources/app/resources/win32/components/wch/toolchain/risc-v embedded gcc/bin/../lib/gcc/riscv-none-embed/8.2.0/../../../../riscv-none-embed/lib/rv32imacxw/ilp32\libg_nano.a(lib_a-wbuf.o)
                0x000000000000b78c                __swbuf_r
 .text.__swsetup_r
                0x000000000000b848       0xfc d:/mounriver_studio_setup_v240/mounriver_studio2/resources/app/resources/win32/components/wch/toolchain/risc-v embedded gcc/bin/../lib/gcc/riscv-none-embed/8.2.0/../../../../riscv-none-embed/lib/rv32imacxw/ilp32\libg_nano.a(lib_a-wsetup.o)
                0x000000000000b848                __swsetup_r
 .text.__sflush_r
                0x000000000000b944      0x130 d:/mounriver_studio_setup_v240/mounriver_studio2/resources/app/resources/win32/components/wch/toolchain/risc-v embedded gcc/bin/../lib/gcc/riscv-none-embed/8.2.0/../../../../riscv-none-embed/lib/rv32imacxw/ilp32\libg_nano.a(lib_a-fflush.o)
                0x000000000000b944                __sflush_r
 .text._fflush_r
                0x000000000000ba74       0x66 d:/mounriver_studio_setup_v240/mounriver_studio2/resources/app/resources/win32/components/wch/toolchain/risc-v embedded gcc/bin/../lib/gcc/riscv-none-embed/8.2.0/../../../../riscv-none-embed/lib/rv32imacxw/ilp32\libg_nano.a(lib_a-fflush.o)
                0x000000000000ba74                _fflush_r
 .text.std      0x000000000000bada       0x66 d:/mounriver_studio_setup_v240/mounriver_studio2/resources/app/resources/win32/components/wch/toolchain/risc-v embedded gcc/bin/../lib/gcc/riscv-none-embed/8.2.0/../../../../riscv-none-embed/lib/rv32imacxw/ilp32\libg_nano.a(lib_a-findfp.o)
 .text._cleanup_r
                0x000000000000bb40        0xa d:/mounriver_studio_setup_v240/mounriver_studio2/resources/app/resources/win32/components/wch/toolchain/risc-v embedded gcc/bin/../lib/gcc/riscv-none-embed/8.2.0/../../../../riscv-none-embed/lib/rv32imacxw/ilp32\libg_nano.a(lib_a-findfp.o)
                0x000000000000bb40                _cleanup_r
 .text.__sfmoreglue
                0x000000000000bb4a       0x46 d:/mounriver_studio_setup_v240/mounriver_studio2/resources/app/resources/win32/components/wch/toolchain/risc-v embedded gcc/bin/../lib/gcc/riscv-none-embed/8.2.0/../../../../riscv-none-embed/lib/rv32imacxw/ilp32\libg_nano.a(lib_a-findfp.o)
                0x000000000000bb4a                __sfmoreglue
 .text.__sinit  0x000000000000bb90       0x6c d:/mounriver_studio_setup_v240/mounriver_studio2/resources/app/resources/win32/components/wch/toolchain/risc-v embedded gcc/bin/../lib/gcc/riscv-none-embed/8.2.0/../../../../riscv-none-embed/lib/rv32imacxw/ilp32\libg_nano.a(lib_a-findfp.o)
                0x000000000000bb90                __sinit
 .text.__sfp    0x000000000000bbfc       0xa0 d:/mounriver_studio_setup_v240/mounriver_studio2/resources/app/resources/win32/components/wch/toolchain/risc-v embedded gcc/bin/../lib/gcc/riscv-none-embed/8.2.0/../../../../riscv-none-embed/lib/rv32imacxw/ilp32\libg_nano.a(lib_a-findfp.o)
                0x000000000000bbfc                __sfp
 .text._fwalk_reent
                0x000000000000bc9c       0x6a d:/mounriver_studio_setup_v240/mounriver_studio2/resources/app/resources/win32/components/wch/toolchain/risc-v embedded gcc/bin/../lib/gcc/riscv-none-embed/8.2.0/../../../../riscv-none-embed/lib/rv32imacxw/ilp32\libg_nano.a(lib_a-fwalk.o)
                0x000000000000bc9c                _fwalk_reent
 .text.__swhatbuf_r
                0x000000000000bd06       0x58 d:/mounriver_studio_setup_v240/mounriver_studio2/resources/app/resources/win32/components/wch/toolchain/risc-v embedded gcc/bin/../lib/gcc/riscv-none-embed/8.2.0/../../../../riscv-none-embed/lib/rv32imacxw/ilp32\libg_nano.a(lib_a-makebuf.o)
                0x000000000000bd06                __swhatbuf_r
 .text.__smakebuf_r
                0x000000000000bd5e       0x92 d:/mounriver_studio_setup_v240/mounriver_studio2/resources/app/resources/win32/components/wch/toolchain/risc-v embedded gcc/bin/../lib/gcc/riscv-none-embed/8.2.0/../../../../riscv-none-embed/lib/rv32imacxw/ilp32\libg_nano.a(lib_a-makebuf.o)
                0x000000000000bd5e                __smakebuf_r
 .text.malloc   0x000000000000bdf0        0xa d:/mounriver_studio_setup_v240/mounriver_studio2/resources/app/resources/win32/components/wch/toolchain/risc-v embedded gcc/bin/../lib/gcc/riscv-none-embed/8.2.0/../../../../riscv-none-embed/lib/rv32imacxw/ilp32\libg_nano.a(lib_a-malloc.o)
                0x000000000000bdf0                malloc
 .text._free_r  0x000000000000bdfa       0xa8 d:/mounriver_studio_setup_v240/mounriver_studio2/resources/app/resources/win32/components/wch/toolchain/risc-v embedded gcc/bin/../lib/gcc/riscv-none-embed/8.2.0/../../../../riscv-none-embed/lib/rv32imacxw/ilp32\libg_nano.a(lib_a-nano-freer.o)
                0x000000000000bdfa                _free_r
 .text._malloc_r
                0x000000000000bea2       0xd4 d:/mounriver_studio_setup_v240/mounriver_studio2/resources/app/resources/win32/components/wch/toolchain/risc-v embedded gcc/bin/../lib/gcc/riscv-none-embed/8.2.0/../../../../riscv-none-embed/lib/rv32imacxw/ilp32\libg_nano.a(lib_a-nano-mallocr.o)
                0x000000000000bea2                _malloc_r
 .text.__sfputc_r
                0x000000000000bf76       0x28 d:/mounriver_studio_setup_v240/mounriver_studio2/resources/app/resources/win32/components/wch/toolchain/risc-v embedded gcc/bin/../lib/gcc/riscv-none-embed/8.2.0/../../../../riscv-none-embed/lib/rv32imacxw/ilp32\libg_nano.a(lib_a-nano-vfprintf.o)
 .text.__sfputs_r
                0x000000000000bf9e       0x42 d:/mounriver_studio_setup_v240/mounriver_studio2/resources/app/resources/win32/components/wch/toolchain/risc-v embedded gcc/bin/../lib/gcc/riscv-none-embed/8.2.0/../../../../riscv-none-embed/lib/rv32imacxw/ilp32\libg_nano.a(lib_a-nano-vfprintf.o)
                0x000000000000bf9e                __sfputs_r
 .text._vfprintf_r
                0x000000000000bfe0      0x288 d:/mounriver_studio_setup_v240/mounriver_studio2/resources/app/resources/win32/components/wch/toolchain/risc-v embedded gcc/bin/../lib/gcc/riscv-none-embed/8.2.0/../../../../riscv-none-embed/lib/rv32imacxw/ilp32\libg_nano.a(lib_a-nano-vfprintf.o)
                0x000000000000bfe0                _vfprintf_r
                0x000000000000bfe0                _vfiprintf_r
 .text._printf_common
                0x000000000000c268      0x10c d:/mounriver_studio_setup_v240/mounriver_studio2/resources/app/resources/win32/components/wch/toolchain/risc-v embedded gcc/bin/../lib/gcc/riscv-none-embed/8.2.0/../../../../riscv-none-embed/lib/rv32imacxw/ilp32\libg_nano.a(lib_a-nano-vfprintf_i.o)
                0x000000000000c268                _printf_common
 .text._printf_i
                0x000000000000c374      0x2a2 d:/mounriver_studio_setup_v240/mounriver_studio2/resources/app/resources/win32/components/wch/toolchain/risc-v embedded gcc/bin/../lib/gcc/riscv-none-embed/8.2.0/../../../../riscv-none-embed/lib/rv32imacxw/ilp32\libg_nano.a(lib_a-nano-vfprintf_i.o)
                0x000000000000c374                _printf_i
 .text._sbrk_r  0x000000000000c616       0x32 d:/mounriver_studio_setup_v240/mounriver_studio2/resources/app/resources/win32/components/wch/toolchain/risc-v embedded gcc/bin/../lib/gcc/riscv-none-embed/8.2.0/../../../../riscv-none-embed/lib/rv32imacxw/ilp32\libg_nano.a(lib_a-sbrkr.o)
                0x000000000000c616                _sbrk_r
 .text.__sread  0x000000000000c648       0x2c d:/mounriver_studio_setup_v240/mounriver_studio2/resources/app/resources/win32/components/wch/toolchain/risc-v embedded gcc/bin/../lib/gcc/riscv-none-embed/8.2.0/../../../../riscv-none-embed/lib/rv32imacxw/ilp32\libg_nano.a(lib_a-stdio.o)
                0x000000000000c648                __sread
 .text.__swrite
                0x000000000000c674       0x48 d:/mounriver_studio_setup_v240/mounriver_studio2/resources/app/resources/win32/components/wch/toolchain/risc-v embedded gcc/bin/../lib/gcc/riscv-none-embed/8.2.0/../../../../riscv-none-embed/lib/rv32imacxw/ilp32\libg_nano.a(lib_a-stdio.o)
                0x000000000000c674                __swrite
 .text.__sseek  0x000000000000c6bc       0x30 d:/mounriver_studio_setup_v240/mounriver_studio2/resources/app/resources/win32/components/wch/toolchain/risc-v embedded gcc/bin/../lib/gcc/riscv-none-embed/8.2.0/../../../../riscv-none-embed/lib/rv32imacxw/ilp32\libg_nano.a(lib_a-stdio.o)
                0x000000000000c6bc                __sseek
 .text.__sclose
                0x000000000000c6ec        0x6 d:/mounriver_studio_setup_v240/mounriver_studio2/resources/app/resources/win32/components/wch/toolchain/risc-v embedded gcc/bin/../lib/gcc/riscv-none-embed/8.2.0/../../../../riscv-none-embed/lib/rv32imacxw/ilp32\libg_nano.a(lib_a-stdio.o)
                0x000000000000c6ec                __sclose
 .text._write_r
                0x000000000000c6f2       0x36 d:/mounriver_studio_setup_v240/mounriver_studio2/resources/app/resources/win32/components/wch/toolchain/risc-v embedded gcc/bin/../lib/gcc/riscv-none-embed/8.2.0/../../../../riscv-none-embed/lib/rv32imacxw/ilp32\libg_nano.a(lib_a-writer.o)
                0x000000000000c6f2                _write_r
 .text._close_r
                0x000000000000c728       0x30 d:/mounriver_studio_setup_v240/mounriver_studio2/resources/app/resources/win32/components/wch/toolchain/risc-v embedded gcc/bin/../lib/gcc/riscv-none-embed/8.2.0/../../../../riscv-none-embed/lib/rv32imacxw/ilp32\libg_nano.a(lib_a-closer.o)
                0x000000000000c728                _close_r
 .text._fstat_r
                0x000000000000c758       0x32 d:/mounriver_studio_setup_v240/mounriver_studio2/resources/app/resources/win32/components/wch/toolchain/risc-v embedded gcc/bin/../lib/gcc/riscv-none-embed/8.2.0/../../../../riscv-none-embed/lib/rv32imacxw/ilp32\libg_nano.a(lib_a-fstatr.o)
                0x000000000000c758                _fstat_r
 .text._isatty_r
                0x000000000000c78a       0x30 d:/mounriver_studio_setup_v240/mounriver_studio2/resources/app/resources/win32/components/wch/toolchain/risc-v embedded gcc/bin/../lib/gcc/riscv-none-embed/8.2.0/../../../../riscv-none-embed/lib/rv32imacxw/ilp32\libg_nano.a(lib_a-isattyr.o)
                0x000000000000c78a                _isatty_r
 .text._lseek_r
                0x000000000000c7ba       0x34 d:/mounriver_studio_setup_v240/mounriver_studio2/resources/app/resources/win32/components/wch/toolchain/risc-v embedded gcc/bin/../lib/gcc/riscv-none-embed/8.2.0/../../../../riscv-none-embed/lib/rv32imacxw/ilp32\libg_nano.a(lib_a-lseekr.o)
                0x000000000000c7ba                _lseek_r
 .text.memchr   0x000000000000c7ee       0x18 d:/mounriver_studio_setup_v240/mounriver_studio2/resources/app/resources/win32/components/wch/toolchain/risc-v embedded gcc/bin/../lib/gcc/riscv-none-embed/8.2.0/../../../../riscv-none-embed/lib/rv32imacxw/ilp32\libg_nano.a(lib_a-memchr.o)
                0x000000000000c7ee                memchr
 .text.__malloc_lock
                0x000000000000c806        0x2 d:/mounriver_studio_setup_v240/mounriver_studio2/resources/app/resources/win32/components/wch/toolchain/risc-v embedded gcc/bin/../lib/gcc/riscv-none-embed/8.2.0/../../../../riscv-none-embed/lib/rv32imacxw/ilp32\libg_nano.a(lib_a-mlock.o)
                0x000000000000c806                __malloc_lock
 .text.__malloc_unlock
                0x000000000000c808        0x2 d:/mounriver_studio_setup_v240/mounriver_studio2/resources/app/resources/win32/components/wch/toolchain/risc-v embedded gcc/bin/../lib/gcc/riscv-none-embed/8.2.0/../../../../riscv-none-embed/lib/rv32imacxw/ilp32\libg_nano.a(lib_a-mlock.o)
                0x000000000000c808                __malloc_unlock
 .text._read_r  0x000000000000c80a       0x34 d:/mounriver_studio_setup_v240/mounriver_studio2/resources/app/resources/win32/components/wch/toolchain/risc-v embedded gcc/bin/../lib/gcc/riscv-none-embed/8.2.0/../../../../riscv-none-embed/lib/rv32imacxw/ilp32\libg_nano.a(lib_a-readr.o)
                0x000000000000c80a                _read_r
 .text._close   0x000000000000c83e       0x10 d:/mounriver_studio_setup_v240/mounriver_studio2/resources/app/resources/win32/components/wch/toolchain/risc-v embedded gcc/bin/../lib/gcc/riscv-none-embed/8.2.0/../../../../riscv-none-embed/lib/rv32imacxw/ilp32\libnosys.a(close.o)
                0x000000000000c83e                _close
 .text._fstat   0x000000000000c84e       0x10 d:/mounriver_studio_setup_v240/mounriver_studio2/resources/app/resources/win32/components/wch/toolchain/risc-v embedded gcc/bin/../lib/gcc/riscv-none-embed/8.2.0/../../../../riscv-none-embed/lib/rv32imacxw/ilp32\libnosys.a(fstat.o)
                0x000000000000c84e                _fstat
 .text._isatty  0x000000000000c85e       0x10 d:/mounriver_studio_setup_v240/mounriver_studio2/resources/app/resources/win32/components/wch/toolchain/risc-v embedded gcc/bin/../lib/gcc/riscv-none-embed/8.2.0/../../../../riscv-none-embed/lib/rv32imacxw/ilp32\libnosys.a(isatty.o)
                0x000000000000c85e                _isatty
 .text._lseek   0x000000000000c86e       0x10 d:/mounriver_studio_setup_v240/mounriver_studio2/resources/app/resources/win32/components/wch/toolchain/risc-v embedded gcc/bin/../lib/gcc/riscv-none-embed/8.2.0/../../../../riscv-none-embed/lib/rv32imacxw/ilp32\libnosys.a(lseek.o)
                0x000000000000c86e                _lseek
 .text._read    0x000000000000c87e       0x10 d:/mounriver_studio_setup_v240/mounriver_studio2/resources/app/resources/win32/components/wch/toolchain/risc-v embedded gcc/bin/../lib/gcc/riscv-none-embed/8.2.0/../../../../riscv-none-embed/lib/rv32imacxw/ilp32\libnosys.a(read.o)
                0x000000000000c87e                _read
 *(.rodata)
 *(.rodata*)
 *fill*         0x000000000000c88e        0x2 
 .rodata.HardFault_Handler.str1.4
                0x000000000000c890        0xd ./User/ch32v30x_it.o
 *fill*         0x000000000000c89d        0x3 
 .rodata.main.str1.4
                0x000000000000c8a0       0x6c ./User/main.o
 .rodata.vApplicationStackOverflowHook.str1.4
                0x000000000000c90c       0x15 ./User/main.o
 *fill*         0x000000000000c921        0x3 
 .rodata.sys_arch_mbox_fetch.str1.4
                0x000000000000c924       0x12 ./LWIP_PORT/arch/sys_arch.o
 *fill*         0x000000000000c936        0x2 
 .rodata.sys_mbox_new.str1.4
                0x000000000000c938       0x19 ./LWIP_PORT/arch/sys_arch.o
 *fill*         0x000000000000c951        0x3 
 .rodata.sys_mbox_post.str1.4
                0x000000000000c954       0x25 ./LWIP_PORT/arch/sys_arch.o
 *fill*         0x000000000000c979        0x3 
 .rodata.sys_mbox_trypost.str1.4
                0x000000000000c97c       0x14 ./LWIP_PORT/arch/sys_arch.o
 .rodata.sys_mutex_lock.str1.4
                0x000000000000c990       0x2d ./LWIP_PORT/arch/sys_arch.o
 *fill*         0x000000000000c9bd        0x3 
 .rodata.sys_mutex_new.str1.4
                0x000000000000c9c0       0x27 ./LWIP_PORT/arch/sys_arch.o
 *fill*         0x000000000000c9e7        0x1 
 .rodata.sys_mutex_unlock.str1.4
                0x000000000000c9e8       0x19 ./LWIP_PORT/arch/sys_arch.o
 *fill*         0x000000000000ca01        0x3 
 .rodata.sys_thread_new.str1.4
                0x000000000000ca04       0x29 ./LWIP_PORT/arch/sys_arch.o
 *fill*         0x000000000000ca2d        0x3 
 .rodata.ethernetif_init.str1.4
                0x000000000000ca30        0xe ./LWIP_PORT/ethernetif.o
                                         0x27 (size before relaxing)
 *fill*         0x000000000000ca3e        0x2 
 .rodata.LwIP_Init.str1.4
                0x000000000000ca40       0x94 ./LWIP_PORT/netconf.o
 .rodata.lwip_netif_thread.str1.4
                0x000000000000cad4       0x17 ./LWIP_PORT/netconf.o
 *fill*         0x000000000000caeb        0x1 
 .rodata.ethernet_output.str1.4
                0x000000000000caec       0x31 ./LWIP/src/netif/ethernet.o
                                         0x4b (size before relaxing)
 *fill*         0x000000000000cb1d        0x3 
 .rodata.dhcp_bind.str1.4
                0x000000000000cb20       0x34 ./LWIP/src/core/ipv4/dhcp.o
 .rodata.dhcp_create_msg.str1.4
                0x000000000000cb54       0x80 ./LWIP/src/core/ipv4/dhcp.o
 .rodata.dhcp_dec_pcb_refcount.str1.4
                0x000000000000cbd4       0x24 ./LWIP/src/core/ipv4/dhcp.o
 .rodata.dhcp_inc_pcb_refcount.str1.4
                0x000000000000cbf8       0x25 ./LWIP/src/core/ipv4/dhcp.o
 *fill*         0x000000000000cc1d        0x3 
 .rodata.dhcp_network_changed.str1.4
                0x000000000000cc20       0x14 ./LWIP/src/core/ipv4/dhcp.o
 .rodata.dhcp_option.str1.4
                0x000000000000cc34       0x42 ./LWIP/src/core/ipv4/dhcp.o
 *fill*         0x000000000000cc76        0x2 
 .rodata.dhcp_option_byte.part.2.str1.4
                0x000000000000cc78       0x35 ./LWIP/src/core/ipv4/dhcp.o
 *fill*         0x000000000000ccad        0x3 
 .rodata.dhcp_option_long.str1.4
                0x000000000000ccb0       0x3a ./LWIP/src/core/ipv4/dhcp.o
 *fill*         0x000000000000ccea        0x2 
 .rodata.dhcp_option_short.str1.4
                0x000000000000ccec       0x3b ./LWIP/src/core/ipv4/dhcp.o
                                         0x53 (size before relaxing)
 *fill*         0x000000000000cd27        0x1 
 .rodata.dhcp_recv.str1.4
                0x000000000000cd28       0x11 ./LWIP/src/core/ipv4/dhcp.o
 *fill*         0x000000000000cd39        0x3 
 .rodata.dhcp_select.str1.4
                0x000000000000cd3c       0x36 ./LWIP/src/core/ipv4/dhcp.o
 *fill*         0x000000000000cd72        0x2 
 .rodata.dhcp_set_struct.str1.4
                0x000000000000cd74       0x34 ./LWIP/src/core/ipv4/dhcp.o
                                         0x44 (size before relaxing)
 .rodata.dhcp_start.str1.4
                0x000000000000cda8       0x21 ./LWIP/src/core/ipv4/dhcp.o
 *fill*         0x000000000000cdc9        0x3 
 .rodata.etharp_find_entry.str1.4
                0x000000000000cdcc       0x41 ./LWIP/src/core/ipv4/etharp.o
 *fill*         0x000000000000ce0d        0x3 
 .rodata.etharp_free_entry.str1.4
                0x000000000000ce10        0xd ./LWIP/src/core/ipv4/etharp.o
                                         0x27 (size before relaxing)
 *fill*         0x000000000000ce1d        0x3 
 .rodata.etharp_get_entry.str1.4
                0x000000000000ce20       0x20 ./LWIP/src/core/ipv4/etharp.o
 .rodata.etharp_input.str1.4
                0x000000000000ce40       0x24 ./LWIP/src/core/ipv4/etharp.o
 .rodata.etharp_output.str1.4
                0x000000000000ce64        0xa ./LWIP/src/core/ipv4/etharp.o
 *fill*         0x000000000000ce6e        0x2 
 .rodata.etharp_output_to_arp_index.str1.4
                0x000000000000ce70       0x30 ./LWIP/src/core/ipv4/etharp.o
 .rodata.etharp_query.str1.4
                0x000000000000cea0       0x2a ./LWIP/src/core/ipv4/etharp.o
 *fill*         0x000000000000ceca        0x2 
 .rodata.etharp_raw.str1.4
                0x000000000000cecc       0x75 ./LWIP/src/core/ipv4/etharp.o
                                         0x85 (size before relaxing)
 *fill*         0x000000000000cf41        0x3 
 .rodata.icmp_dest_unreach.str1.4
                0x000000000000cf44       0x2c ./LWIP/src/core/ipv4/icmp.o
 .rodata.icmp_input.str1.4
                0x000000000000cf70       0x6a ./LWIP/src/core/ipv4/icmp.o
                                         0x82 (size before relaxing)
 *fill*         0x000000000000cfda        0x2 
 .rodata.ip4_output_if_src.str1.4
                0x000000000000cfdc       0x39 ./LWIP/src/core/ipv4/ip4.o
                                         0x51 (size before relaxing)
 *fill*         0x000000000000d015        0x3 
 .rodata.mem_free.str1.4
                0x000000000000d018       0xce ./LWIP/src/core/mem.o
 *fill*         0x000000000000d0e6        0x2 
 .rodata.mem_init.str1.4
                0x000000000000d0e8       0x1b ./LWIP/src/core/mem.o
                                         0x33 (size before relaxing)
 *fill*         0x000000000000d103        0x1 
 .rodata.mem_malloc.str1.4
                0x000000000000d104       0x7b ./LWIP/src/core/mem.o
 *fill*         0x000000000000d17f        0x1 
 .rodata.mem_trim.str1.4
                0x000000000000d180       0x49 ./LWIP/src/core/mem.o
 *fill*         0x000000000000d1c9        0x3 
 .rodata.do_memp_malloc_pool.isra.0.str1.4
                0x000000000000d1cc       0x23 ./LWIP/src/core/memp.o
                                         0x3b (size before relaxing)
 *fill*         0x000000000000d1ef        0x1 
 .rodata.memp_ARP_QUEUE
                0x000000000000d1f0       0x10 ./LWIP/src/core/memp.o
                0x000000000000d1f0                memp_ARP_QUEUE
 .rodata.memp_NETBUF
                0x000000000000d200       0x10 ./LWIP/src/core/memp.o
                0x000000000000d200                memp_NETBUF
 .rodata.memp_NETCONN
                0x000000000000d210       0x10 ./LWIP/src/core/memp.o
                0x000000000000d210                memp_NETCONN
 .rodata.memp_PBUF
                0x000000000000d220       0x10 ./LWIP/src/core/memp.o
                0x000000000000d220                memp_PBUF
 .rodata.memp_PBUF_POOL
                0x000000000000d230       0x10 ./LWIP/src/core/memp.o
                0x000000000000d230                memp_PBUF_POOL
 .rodata.memp_SYS_TIMEOUT
                0x000000000000d240       0x10 ./LWIP/src/core/memp.o
                0x000000000000d240                memp_SYS_TIMEOUT
 .rodata.memp_TCPIP_MSG_API
                0x000000000000d250       0x10 ./LWIP/src/core/memp.o
                0x000000000000d250                memp_TCPIP_MSG_API
 .rodata.memp_TCPIP_MSG_INPKT
                0x000000000000d260       0x10 ./LWIP/src/core/memp.o
                0x000000000000d260                memp_TCPIP_MSG_INPKT
 .rodata.memp_TCP_PCB
                0x000000000000d270       0x10 ./LWIP/src/core/memp.o
                0x000000000000d270                memp_TCP_PCB
 .rodata.memp_TCP_PCB_LISTEN
                0x000000000000d280       0x10 ./LWIP/src/core/memp.o
                0x000000000000d280                memp_TCP_PCB_LISTEN
 .rodata.memp_TCP_SEG
                0x000000000000d290       0x10 ./LWIP/src/core/memp.o
                0x000000000000d290                memp_TCP_SEG
 .rodata.memp_UDP_PCB
                0x000000000000d2a0       0x10 ./LWIP/src/core/memp.o
                0x000000000000d2a0                memp_UDP_PCB
 .rodata.memp_free.str1.4
                0x000000000000d2b0       0x1b ./LWIP/src/core/memp.o
 *fill*         0x000000000000d2cb        0x1 
 .rodata.memp_free_pool.str1.4
                0x000000000000d2cc       0x20 ./LWIP/src/core/memp.o
 .rodata.memp_malloc.str1.4
                0x000000000000d2ec       0x1d ./LWIP/src/core/memp.o
 *fill*         0x000000000000d309        0x3 
 .rodata.memp_pools
                0x000000000000d30c       0x30 ./LWIP/src/core/memp.o
                0x000000000000d30c                memp_pools
 .rodata.str1.4
                0x000000000000d33c       0x8c ./LWIP/src/core/memp.o
 .rodata.netif_add.str1.4
                0x000000000000d3c8       0x82 ./LWIP/src/core/netif.o
 *fill*         0x000000000000d44a        0x2 
 .rodata.netif_do_set_ipaddr.str1.4
                0x000000000000d44c       0x10 ./LWIP/src/core/netif.o
 .rodata.netif_issue_reports.str1.4
                0x000000000000d45c       0x23 ./LWIP/src/core/netif.o
                                         0x3b (size before relaxing)
 *fill*         0x000000000000d47f        0x1 
 .rodata.netif_set_link_down.str1.4
                0x000000000000d480       0x23 ./LWIP/src/core/netif.o
 *fill*         0x000000000000d4a3        0x1 
 .rodata.netif_set_link_up.str1.4
                0x000000000000d4a4       0x21 ./LWIP/src/core/netif.o
 *fill*         0x000000000000d4c5        0x3 
 .rodata.netif_set_up.str1.4
                0x000000000000d4c8       0x1c ./LWIP/src/core/netif.o
 .rodata.pbuf_add_header_impl.str1.4
                0x000000000000d4e4       0x1c ./LWIP/src/core/pbuf.o
                                         0x23 (size before relaxing)
 .rodata.pbuf_alloc.str1.4
                0x000000000000d4e4       0x4f ./LWIP/src/core/pbuf.o
 *fill*         0x000000000000d533        0x1 
 .rodata.pbuf_alloc_reference.str1.4
                0x000000000000d534       0x12 ./LWIP/src/core/pbuf.o
 *fill*         0x000000000000d546        0x2 
 .rodata.pbuf_cat.str1.4
                0x000000000000d548       0x65 ./LWIP/src/core/pbuf.o
 *fill*         0x000000000000d5ad        0x3 
 .rodata.pbuf_clone.str1.4
                0x000000000000d5b0       0x11 ./LWIP/src/core/pbuf.o
 *fill*         0x000000000000d5c1        0x3 
 .rodata.pbuf_copy.str1.4
                0x000000000000d5c4       0x1a ./LWIP/src/core/pbuf.o
 *fill*         0x000000000000d5de        0x2 
 .rodata.pbuf_copy_partial.str1.4
                0x000000000000d5e0       0x43 ./LWIP/src/core/pbuf.o
 *fill*         0x000000000000d623        0x1 
 .rodata.pbuf_copy_partial_pbuf.str1.4
                0x000000000000d624       0xef ./LWIP/src/core/pbuf.o
 *fill*         0x000000000000d713        0x1 
 .rodata.pbuf_free.str1.4
                0x000000000000d714       0x2a ./LWIP/src/core/pbuf.o
 *fill*         0x000000000000d73e        0x2 
 .rodata.pbuf_realloc.str1.4
                0x000000000000d740       0x4c ./LWIP/src/core/pbuf.o
 .rodata.pbuf_ref.str1.4
                0x000000000000d78c       0x12 ./LWIP/src/core/pbuf.o
 *fill*         0x000000000000d79e        0x2 
 .rodata.pbuf_remove_header.str1.4
                0x000000000000d7a0       0x1e ./LWIP/src/core/pbuf.o
 *fill*         0x000000000000d7be        0x2 
 .rodata.pbuf_take.str1.4
                0x000000000000d7c0       0x82 ./LWIP/src/core/pbuf.o
 *fill*         0x000000000000d842        0x2 
 .rodata.tcp_abandon.str1.4
                0x000000000000d844       0x4d ./LWIP/src/core/tcp.o
 *fill*         0x000000000000d891        0x3 
 .rodata.tcp_backoff
                0x000000000000d894        0xd ./LWIP/src/core/tcp.o
 *fill*         0x000000000000d8a1        0x3 
 .rodata.tcp_close.str1.4
                0x000000000000d8a4       0x17 ./LWIP/src/core/tcp.o
 *fill*         0x000000000000d8bb        0x1 
 .rodata.tcp_close_shutdown.str1.4
                0x000000000000d8bc       0x55 ./LWIP/src/core/tcp.o
 *fill*         0x000000000000d911        0x3 
 .rodata.tcp_close_shutdown_fin.str1.4
                0x000000000000d914        0xc ./LWIP/src/core/tcp.o
                                         0x23 (size before relaxing)
 .rodata.tcp_eff_send_mss_netif.str1.4
                0x000000000000d920       0x27 ./LWIP/src/core/tcp.o
 *fill*         0x000000000000d947        0x1 
 .rodata.tcp_free.str1.4
                0x000000000000d948       0x11 ./LWIP/src/core/tcp.o
 *fill*         0x000000000000d959        0x3 
 .rodata.tcp_netif_ip_addr_changed_pcblist.str1.4
                0x000000000000d95c       0x34 ./LWIP/src/core/tcp.o
 .rodata.tcp_next_iss.str1.4
                0x000000000000d990       0x1a ./LWIP/src/core/tcp.o
 *fill*         0x000000000000d9aa        0x2 
 .rodata.tcp_pcb_lists
                0x000000000000d9ac       0x10 ./LWIP/src/core/tcp.o
                0x000000000000d9ac                tcp_pcb_lists
 .rodata.tcp_pcb_purge.str1.4
                0x000000000000d9bc       0x1b ./LWIP/src/core/tcp.o
 *fill*         0x000000000000d9d7        0x1 
 .rodata.tcp_pcb_remove.str1.4
                0x000000000000d9d8       0x87 ./LWIP/src/core/tcp.o
 *fill*         0x000000000000da5f        0x1 
 .rodata.tcp_process_refused_data.str1.4
                0x000000000000da60       0x26 ./LWIP/src/core/tcp.o
 *fill*         0x000000000000da86        0x2 
 .rodata.tcp_recv_null.str1.4
                0x000000000000da88       0x1b ./LWIP/src/core/tcp.o
 *fill*         0x000000000000daa3        0x1 
 .rodata.tcp_recved.str1.4
                0x000000000000daa4       0x3e ./LWIP/src/core/tcp.o
 *fill*         0x000000000000dae2        0x2 
 .rodata.tcp_seg_copy.str1.4
                0x000000000000dae4       0x1a ./LWIP/src/core/tcp.o
 *fill*         0x000000000000dafe        0x2 
 .rodata.tcp_slowtmr.str1.4
                0x000000000000db00      0x1ca ./LWIP/src/core/tcp.o
 *fill*         0x000000000000dcca        0x2 
 .rodata.tcp_update_rcv_ann_wnd.str1.4
                0x000000000000dccc       0x3e ./LWIP/src/core/tcp.o
 *fill*         0x000000000000dd0a        0x2 
 .rodata.tcp_input
                0x000000000000dd0c       0x20 ./LWIP/src/core/tcp_in.o
 .rodata.tcp_free_acked_segments.isra.2.str1.4
                0x000000000000dd2c       0x48 ./LWIP/src/core/tcp_in.o
 .rodata.tcp_input.str1.4
                0x000000000000dd74      0x1de ./LWIP/src/core/tcp_in.o
 *fill*         0x000000000000df52        0x2 
 .rodata.tcp_input_delayed_close.str1.4
                0x000000000000df54       0x25 ./LWIP/src/core/tcp_in.o
 *fill*         0x000000000000df79        0x3 
 .rodata.tcp_oos_insert_segment.str1.4
                0x000000000000df7c       0x25 ./LWIP/src/core/tcp_in.o
                                         0x3f (size before relaxing)
 *fill*         0x000000000000dfa1        0x3 
 .rodata.tcp_parseopt.str1.4
                0x000000000000dfa4       0x1a ./LWIP/src/core/tcp_in.o
 *fill*         0x000000000000dfbe        0x2 
 .rodata.tcp_receive.str1.4
                0x000000000000dfc0      0x121 ./LWIP/src/core/tcp_in.o
 *fill*         0x000000000000e0e1        0x3 
 .rodata.tcp_create_segment.str1.4
                0x000000000000e0e4       0x59 ./LWIP/src/core/tcp_out.o
 *fill*         0x000000000000e13d        0x3 
 .rodata.tcp_enqueue_flags.str1.4
                0x000000000000e140      0x120 ./LWIP/src/core/tcp_out.o
 .rodata.tcp_keepalive.str1.4
                0x000000000000e260       0x1b ./LWIP/src/core/tcp_out.o
 *fill*         0x000000000000e27b        0x1 
 .rodata.tcp_output.str1.4
                0x000000000000e27c       0x6b ./LWIP/src/core/tcp_out.o
 *fill*         0x000000000000e2e7        0x1 
 .rodata.tcp_output_alloc_header.constprop.11.str1.4
                0x000000000000e2e8       0x25 ./LWIP/src/core/tcp_out.o
 *fill*         0x000000000000e30d        0x3 
 .rodata.tcp_output_alloc_header_common.constprop.12.str1.4
                0x000000000000e310       0x2e ./LWIP/src/core/tcp_out.o
 *fill*         0x000000000000e33e        0x2 
 .rodata.tcp_output_control_segment.str1.4
                0x000000000000e340       0x29 ./LWIP/src/core/tcp_out.o
 *fill*         0x000000000000e369        0x3 
 .rodata.tcp_output_fill_options.isra.1.constprop.13.str1.4
                0x000000000000e36c       0x26 ./LWIP/src/core/tcp_out.o
 *fill*         0x000000000000e392        0x2 
 .rodata.tcp_output_segment_busy.str1.4
                0x000000000000e394       0x25 ./LWIP/src/core/tcp_out.o
                                         0x3f (size before relaxing)
 *fill*         0x000000000000e3b9        0x3 
 .rodata.tcp_rexmit.str1.4
                0x000000000000e3bc       0x18 ./LWIP/src/core/tcp_out.o
 .rodata.tcp_rexmit_fast.str1.4
                0x000000000000e3d4       0x1d ./LWIP/src/core/tcp_out.o
 *fill*         0x000000000000e3f1        0x3 
 .rodata.tcp_rexmit_rto.str1.4
                0x000000000000e3f4       0x1c ./LWIP/src/core/tcp_out.o
 .rodata.tcp_rexmit_rto_commit.str1.4
                0x000000000000e410       0x23 ./LWIP/src/core/tcp_out.o
 *fill*         0x000000000000e433        0x1 
 .rodata.tcp_rexmit_rto_prepare.str1.4
                0x000000000000e434       0x24 ./LWIP/src/core/tcp_out.o
 .rodata.tcp_rst.str1.4
                0x000000000000e458       0x37 ./LWIP/src/core/tcp_out.o
 *fill*         0x000000000000e48f        0x1 
 .rodata.tcp_send_empty_ack.str1.4
                0x000000000000e490       0x20 ./LWIP/src/core/tcp_out.o
 .rodata.tcp_send_fin.str1.4
                0x000000000000e4b0       0x1a ./LWIP/src/core/tcp_out.o
 *fill*         0x000000000000e4ca        0x2 
 .rodata.tcp_split_unsent_seg.str1.4
                0x000000000000e4cc       0x66 ./LWIP/src/core/tcp_out.o
 *fill*         0x000000000000e532        0x2 
 .rodata.tcp_zero_window_probe.str1.4
                0x000000000000e534       0x23 ./LWIP/src/core/tcp_out.o
 *fill*         0x000000000000e557        0x1 